02-26 16:59:41.411  1073  1270 I hwservicemanager: Tried to start android.hardware.graphics.mapper@4.0::IMapper/default as a lazy service, but was unable to. Usually this happens when a service is not installed, but if the service is intended to be used as a lazy service, then it may be configured incorrectly.
02-26 16:59:41.411  1073  1073 I hwservicemanager: Since android.hardware.graphics.mapper@3.0::IMapper/default is not registered, trying to start it as a lazy HAL.
02-26 16:59:41.411  1174  1174 W Gralloc3: mapper 3.x is not supported
02-26 16:59:41.411  1073  1271 W libc    : Unable to set property "ctl.interface_start" to "android.hardware.graphics.mapper@3.0::IMapper/default": error code: 0x20
02-26 16:59:41.411  1073  1271 I hwservicemanager: Tried to start android.hardware.graphics.mapper@3.0::IMapper/default as a lazy service, but was unable to. Usually this happens when a service is not installed, but if the service is intended to be used as a lazy service, then it may be configured incorrectly.
02-26 16:59:41.411  1174  1174 E HidlServiceManagement: getService: Potential race detected, descriptor: android.hardware.graphics.mapper@2.0::IMapper instance: default
02-26 16:59:41.412  1073  1073 I hwservicemanager: getTransport: Cannot find entry android.hardware.graphics.allocator@4.0::IAllocator/default in either framework or device VINTF manifest.
02-26 16:59:41.412  1174  1174 E HidlServiceManagement: getService: Potential race detected, descriptor: android.hardware.graphics.allocator@4.0::IAllocator instance: default
02-26 16:59:41.412  1073  1073 I hwservicemanager: Since android.hardware.graphics.allocator@4.0::IAllocator/default is not registered, trying to start it as a lazy HAL.
02-26 16:59:41.412  1174  1174 W Gralloc4: allocator 4.x is not supported
02-26 16:59:41.412  1073  1073 I hwservicemanager: getTransport: Cannot find entry android.hardware.graphics.allocator@3.0::IAllocator/default in either framework or device VINTF manifest.
02-26 16:59:41.412  1174  1174 E HidlServiceManagement: getService: Potential race detected, descriptor: android.hardware.graphics.allocator@3.0::IAllocator instance: default
02-26 16:59:41.412  1073  1273 W libc    : Unable to set property "ctl.interface_start" to "android.hardware.graphics.allocator@4.0::IAllocator/default": error code: 0x20
02-26 16:59:41.412  1073  1273 I hwservicemanager: Tried to start android.hardware.graphics.allocator@4.0::IAllocator/default as a lazy service, but was unable to. Usually this happens when a service is not installed, but if the service is intended to be used as a lazy service, then it may be configured incorrectly.
02-26 16:59:41.412  1073  1073 I hwservicemanager: Since android.hardware.graphics.allocator@3.0::IAllocator/default is not registered, trying to start it as a lazy HAL.
02-26 16:59:41.412  1174  1174 W Gralloc3: allocator 3.x is not supported
02-26 16:59:41.412  1174  1174 E HidlServiceManagement: getService: Potential race detected, descriptor: android.hardware.graphics.allocator@2.0::IAllocator instance: default
02-26 16:59:41.412  1073  1274 W libc    : Unable to set property "ctl.interface_start" to "android.hardware.graphics.allocator@3.0::IAllocator/default": error code: 0x20
02-26 16:59:41.412  1073  1274 I hwservicemanager: Tried to start android.hardware.graphics.allocator@3.0::IAllocator/default as a lazy service, but was unable to. Usually this happens when a service is not installed, but if the service is intended to be used as a lazy service, then it may be configured incorrectly.
02-26 16:59:41.412  1174  1174 D gralloc_x86: gralloc_alloc: Creating ashmem region of size 4096
02-26 16:59:41.412  1174  1174 E ashmem  : memfd: ro.vndk.version not defined or invalid (), this is mandated since P.
02-26 16:59:41.413  1174  1174 I RenderEngine: OpenGL ES informations:
02-26 16:59:41.413  1174  1174 I RenderEngine: vendor    : Qualcomm
02-26 16:59:41.413  1174  1174 I RenderEngine: renderer  : Adreno (TM) 640
02-26 16:59:41.413  1174  1174 I RenderEngine: version   : OpenGL ES 3.2 V132
02-26 16:59:41.413  1174  1174 I RenderEngine: extensions: GL_ANDROID_extension_pack_es31a GL_EXT_EGL_image_external_wrap_modes GL_EXT_blend_minmax GL_EXT_color_buffer_float GL_EXT_color_buffer_half_float GL_EXT_copy_image GL_EXT_debug_marker GL_EXT_discard_framebuffer GL_EXT_disjoint_timer_query GL_EXT_draw_buffers GL_EXT_draw_buffers_indexed GL_EXT_draw_elements_base_vertex GL_EXT_float_blend GL_EXT_frag_depth GL_EXT_geometry_shader GL_EXT_gpu_shader5 GL_EXT_instanced_arrays GL_EXT_multi_draw_indirect GL_EXT_multisampled_render_to_texture GL_EXT_occlusion_query_boolean GL_EXT_primitive_bounding_box GL_EXT_read_format_bgra GL_EXT_robustness GL_EXT_sRGB GL_EXT_shader_io_blocks GL_EXT_shader_texture_lod GL_EXT_tessellation_shader GL_EXT_texture_border_clamp GL_EXT_texture_buffer GL_EXT_texture_compression_bptc GL_EXT_texture_compression_dxt1 GL_EXT_texture_compression_rgtc GL_EXT_texture_compression_s3tc GL_EXT_texture_compression_s3tc_srgb GL_EXT_texture_cube_map_array GL_EXT_texture_filter_anisotropic GL_EXT_texture_format_BGRA8888 GL_EXT_texture_rg GL_
02-26 16:59:41.413  1174  1174 I RenderEngine: GL_MAX_TEXTURE_SIZE = 32768
02-26 16:59:41.413  1174  1174 I RenderEngine: GL_MAX_VIEWPORT_DIMS = 32768
02-26 16:59:41.413  1073  1073 E SELinux : avc:  denied  { find } for interface=android.hardware.graphics.composer::IComposer sid=u:r:init:s0 pid=1174 scontext=u:r:init:s0 tcontext=u:object_r:hal_graphics_composer_hwservice:s0 tclass=hwservice_manager permissive=1
02-26 16:59:41.413  1174  1174 E HidlServiceManagement: getService: Potential race detected, descriptor: android.hardware.graphics.composer@2.3::IComposer instance: default
02-26 16:59:41.414  1174  1174 I ComposerHal: falling back to gralloc module
02-26 16:59:41.415  1073  1073 I hwservicemanager: getTransport: Cannot find entry android.hardware.graphics.mapper@4.0::IMapper/default in either framework or device VINTF manifest.
02-26 16:59:41.415  1174  1174 E HidlServiceManagement: getService: Potential race detected, descriptor: android.hardware.graphics.mapper@4.0::IMapper instance: default
02-26 16:59:41.415  1073  1073 I hwservicemanager: Since android.hardware.graphics.mapper@4.0::IMapper/default is not registered, trying to start it as a lazy HAL.
02-26 16:59:41.415  1174  1174 I ComposerResources: failed to get mapper 4.0 service, falling back to mapper 3.0
02-26 16:59:41.415  1073  1073 I hwservicemanager: getTransport: Cannot find entry android.hardware.graphics.mapper@3.0::IMapper/default in either framework or device VINTF manifest.
02-26 16:59:41.415  1174  1174 E HidlServiceManagement: getService: Potential race detected, descriptor: android.hardware.graphics.mapper@3.0::IMapper instance: default
02-26 16:59:41.415  1073  1277 W libc    : Unable to set property "ctl.interface_start" to "android.hardware.graphics.mapper@4.0::IMapper/default": error code: 0x20
02-26 16:59:41.415  1073  1277 I hwservicemanager: Tried to start android.hardware.graphics.mapper@4.0::IMapper/default as a lazy service, but was unable to. Usually this happens when a service is not installed, but if the service is intended to be used as a lazy service, then it may be configured incorrectly.
02-26 16:59:41.415  1073  1073 I hwservicemanager: Since android.hardware.graphics.mapper@3.0::IMapper/default is not registered, trying to start it as a lazy HAL.
02-26 16:59:41.415  1174  1174 I ComposerResources: failed to get mapper 3.0 service, falling back to mapper 2.0
02-26 16:59:41.415  1073  1278 W libc    : Unable to set property "ctl.interface_start" to "android.hardware.graphics.mapper@3.0::IMapper/default": error code: 0x20
02-26 16:59:41.415  1073  1278 I hwservicemanager: Tried to start android.hardware.graphics.mapper@3.0::IMapper/default as a lazy service, but was unable to. Usually this happens when a service is not installed, but if the service is intended to be used as a lazy service, then it may be configured incorrectly.
02-26 16:59:41.415  1174  1174 E HidlServiceManagement: getService: Potential race detected, descriptor: android.hardware.graphics.mapper@2.0::IMapper instance: default
02-26 16:59:41.419  1174  1174 I SurfaceFlinger: onComposerHalHotplug(0, connected)
02-26 16:59:41.419  1174  1174 I HWComposer: Switching to generalized multi-display mode
02-26 16:59:41.420  1174  1174 E HWComposer: getDisplayConnectionType: getDisplayConnectionType failed for display 4619827820427265280: Unsupported (8)
02-26 16:59:41.420  1174  1174 W HwcComposer: getPerFrameMetadataKeys failed with 8
02-26 16:59:41.420  1174  1174 D gralloc_x86: gralloc_alloc: Creating ashmem region of size 8298496
02-26 16:59:41.420  1174  1174 D gralloc_x86: gralloc_alloc: Creating ashmem region of size 8298496
02-26 16:59:41.420  1174  1280 W EventThread: Ignoring VSYNC request while display is disconnected
02-26 16:59:41.420  1174  1280 W EventThread: Ignoring VSYNC request while display is disconnected
02-26 16:59:41.420  1174  1281 W EventThread: Ignoring VSYNC request while display is disconnected
02-26 16:59:41.420  1174  1281 W EventThread: Ignoring VSYNC request while display is disconnected
02-26 16:59:41.421  1174  1174 I SurfaceFlinger: Dispatching display hotplug event displayId=4619827820427265280, connected=1
02-26 16:59:41.421  1174  1280 W EventThread: Ignoring VSYNC request while display is disconnected
02-26 16:59:41.421  1174  1280 W EventThread: Ignoring VSYNC request while display is disconnected
02-26 16:59:41.421  1174  1284 W SurfaceFlinger: Failed to set thread name on dispatch thread
02-26 16:59:41.427  1146  1146 I zygote  : option[0]=-Xzygote
02-26 16:59:41.427  1146  1146 I zygote  : option[1]=-Xdeny-art-apex-data-files
02-26 16:59:41.427  1146  1146 I zygote  : option[2]=exit
02-26 16:59:41.427  1146  1146 I zygote  : option[3]=vfprintf
02-26 16:59:41.427  1146  1146 I zygote  : option[4]=sensitiveThread
02-26 16:59:41.427  1146  1146 I zygote  : option[5]=-verbose:gc
02-26 16:59:41.427  1146  1146 I zygote  : option[6]=-XX:PerfettoHprof=true
02-26 16:59:41.427  1146  1146 I zygote  : option[7]=-XX:PerfettoJavaHeapStackProf=true
02-26 16:59:41.427  1146  1146 I zygote  : option[8]=-Xms16m
02-26 16:59:41.427  1146  1146 I zygote  : option[9]=-Xmx384m
02-26 16:59:41.427  1146  1146 I zygote  : option[10]=-XX:HeapGrowthLimit=192m
02-26 16:59:41.427  1146  1146 I zygote  : option[11]=-XX:HeapMinFree=512k
02-26 16:59:41.427  1146  1146 I zygote  : option[12]=-XX:HeapMaxFree=8m
02-26 16:59:41.427  1146  1146 I zygote  : option[13]=-XX:HeapTargetUtilization=0.75
02-26 16:59:41.427  1146  1146 I zygote  : option[14]=-Xusejit:true
02-26 16:59:41.427  1146  1146 I zygote  : option[15]=-Xjitsaveprofilinginfo
02-26 16:59:41.427  1146  1146 I zygote  : option[16]=-XMadviseWillNeedVdexFileSize:104857600
02-26 16:59:41.427  1146  1146 I zygote  : option[17]=-XMadviseWillNeedOdexFileSize:104857600
02-26 16:59:41.427  1146  1146 I zygote  : option[18]=-XMadviseWillNeedArtFileSize:4294967295
02-26 16:59:41.427  1146  1146 I zygote  : option[19]=-XjdwpOptions:suspend=n,server=y
02-26 16:59:41.427  1146  1146 I zygote  : option[20]=-XjdwpProvider:default
02-26 16:59:41.427  1146  1146 I zygote  : option[21]=-Xopaque-jni-ids:swapable
02-26 16:59:41.427  1146  1146 I zygote  : option[22]=-Xcompiler-option
02-26 16:59:41.427  1146  1146 I zygote  : option[23]=--instruction-set-variant=x86_64
02-26 16:59:41.427  1146  1146 I zygote  : option[24]=-Xcompiler-option
02-26 16:59:41.427  1146  1146 I zygote  : option[25]=--instruction-set-features=default
02-26 16:59:41.427  1146  1146 I zygote  : option[26]=-Xcompiler-option
02-26 16:59:41.427  1146  1146 I zygote  : option[27]=--generate-mini-debug-info
02-26 16:59:41.427  1146  1146 I zygote  : option[28]=-Ximage-compiler-option
02-26 16:59:41.427  1146  1146 I zygote  : option[29]=--runtime-arg
02-26 16:59:41.427  1146  1146 I zygote  : option[30]=-Ximage-compiler-option
02-26 16:59:41.427  1146  1146 I zygote  : option[31]=-Xms64m
02-26 16:59:41.427  1146  1146 I zygote  : option[32]=-Ximage-compiler-option
02-26 16:59:41.427  1146  1146 I zygote  : option[33]=--runtime-arg
02-26 16:59:41.427  1146  1146 I zygote  : option[34]=-Ximage-compiler-option
02-26 16:59:41.427  1146  1146 I zygote  : option[35]=-Xmx64m
02-26 16:59:41.427  1146  1146 I zygote  : option[36]=-Ximage-compiler-option
02-26 16:59:41.427  1146  1146 I zygote  : option[37]=--dirty-image-objects=/system/etc/dirty-image-objects
02-26 16:59:41.427  1146  1146 I zygote  : option[38]=-Ximage-compiler-option
02-26 16:59:41.427  1146  1146 I zygote  : option[39]=--instruction-set-variant=x86_64
02-26 16:59:41.427  1146  1146 I zygote  : option[40]=-Ximage-compiler-option
02-26 16:59:41.427  1146  1146 I zygote  : option[41]=--instruction-set-features=default
02-26 16:59:41.427  1146  1146 I zygote  : option[42]=-Ximage-compiler-option
02-26 16:59:41.427  1146  1146 I zygote  : option[43]=--generate-mini-debug-info
02-26 16:59:41.427  1146  1146 I zygote  : option[44]=-Duser.locale=zh-CN
02-26 16:59:41.427  1146  1146 I zygote  : option[45]=-XX:NativeBridge=libnb.so
02-26 16:59:41.427  1146  1146 I zygote  : option[46]=--cpu-abilist=x86,armeabi-v7a,armeabi
02-26 16:59:41.427  1146  1146 I zygote  : option[47]=-Xfingerprint:Xiaomi/ishtar/ishtar:12/V417IR/602:user/release-keys
02-26 16:59:41.429  1146  1146 W zygote  : ART APEX data files are untrusted.
02-26 16:59:41.429  1146  1146 W zygote  : Could not reserve sentinel fault page
02-26 16:59:41.433  1170  1170 V APM_AudioPolicyManager: setOutputDevices() AF::createAudioPatch returned 0 patchHandle 12 num_sources 1 num_sinks 1
02-26 16:59:41.433  1170  1170 V APM_AudioPolicyManager: checkAndSetVolume cannot set volume group 4 volume when isn ot requested for comm
02-26 16:59:41.434  1170  1170 E ashmem  : memfd: ro.vndk.version not defined or invalid (), this is mandated since P.
02-26 16:59:41.434  1170  1286 I AudioFlinger: AudioFlinger's thread 0x737d1f156c60 tid=1286 ready to run
02-26 16:59:41.434  1170  1286 W AudioFlinger: no wake lock to update, system not ready yet
02-26 16:59:41.435  1148  1148 I r_submix: adev_open(name=audio_hw_if)
02-26 16:59:41.435  1148  1148 I r_submix: adev_init_check()
02-26 16:59:41.435  1170  1170 I AudioFlinger: loadHwModule() Loaded r_submix audio interface, handle 18
02-26 16:59:41.435  1148  1148 D r_submix: adev_open_input_stream(addr=0)
02-26 16:59:41.435  1148  1148 D r_submix: submix_audio_device_create_pipe_l(addr=0, idx=9)
02-26 16:59:41.435  1148  1148 D r_submix:   now using address 0 for route 9
02-26 16:59:41.435  1170  1288 I AudioFlinger: AudioFlinger's thread 0x737d1f156c60 tid=1288 ready to run
02-26 16:59:41.435  1148  1221 I r_submix: in_standby()
02-26 16:59:41.435  1170  1288 W AudioFlinger: no wake lock to update, system not ready yet
02-26 16:59:41.435  1148  1221 I r_submix: in_standby()
02-26 16:59:41.435  1170  1288 W AudioFlinger: no wake lock to update, system not ready yet
02-26 16:59:41.435  1148  1221 D r_submix: adev_close_input_stream()
02-26 16:59:41.435  1148  1221 D r_submix: submix_audio_device_release_pipe_l(idx=9) addr=0
02-26 16:59:41.435  1148  1221 D r_submix: submix_audio_device_destroy_pipe_l(): pipe destroyed
02-26 16:59:41.435  1170  1170 E EffectsConfig: Could not parse effect configuration in any of the default locations.
02-26 16:59:41.435  1170  1170 W AudioPolicyEffects: Failed to load XML effect configuration, fallback to .conf
02-26 16:59:41.435  1170  1170 I audioserver: Waiting for activity service
02-26 16:59:41.450  1174  1174 D RenderEngine: shader cache generated - 64 shaders in 29.111042 ms
02-26 16:59:41.450  1072  1072 E SELinux : avc:  denied  { add } for pid=1174 uid=1000 name=SurfaceFlinger scontext=u:r:init:s0 tcontext=u:object_r:surfaceflinger_service:s0 tclass=service_manager permissive=1
02-26 16:59:41.450  1174  1294 W libc    : Unable to set property "ctl.start" to "bootanim": error code: 0x20
02-26 16:59:41.450  1073  1073 E SELinux : avc:  denied  { add } for interface=android.frameworks.displayservice::IDisplayService sid=u:r:init:s0 pid=1174 scontext=u:r:init:s0 tcontext=u:object_r:fwk_display_hwservice:s0 tclass=hwservice_manager permissive=1
02-26 16:59:41.450  1174  1174 I HidlServiceManagement: Registered android.frameworks.displayservice@1.0::IDisplayService/default
02-26 16:59:41.450  1174  1174 D SurfaceFlinger: Setting power mode 2 on display 4619827820427265280
02-26 16:59:41.450  1174  1174 D SurfaceFlinger: Finished setting power mode 2 on display 4619827820427265280
02-26 16:59:41.451  1145  1145 D zygote64: Time zone APEX ICU file found: /apex/com.android.tzdata/etc/icu/icu_tzdata.dat
02-26 16:59:41.452  1145  1145 D zygote64: I18n APEX ICU file found: /apex/com.android.i18n/etc/icu/icudt68l.dat
02-26 16:59:41.461  1145  1145 I zygote64: Using memfd for future sealing
02-26 16:59:41.461  1145  1145 W zygote64: Unexpected CPU variant for X86 using defaults: x86_64
02-26 16:59:41.462  1146  1146 D zygote  : Time zone APEX ICU file found: /apex/com.android.tzdata/etc/icu/icu_tzdata.dat
02-26 16:59:41.462  1146  1146 D zygote  : I18n APEX ICU file found: /apex/com.android.i18n/etc/icu/icudt68l.dat
02-26 16:59:41.467  1174  1174 W Scheduler: No mode changed params found, not dispatching cached mode.
02-26 16:59:41.473  1145  1145 I main    : type=1400 audit(0.0:1508): avc: denied { open } for path="/apex/com.android.tzdata/etc/icu" dev="sda6" ino=551 scontext=u:r:zygote:s0 tcontext=u:object_r:unlabeled:s0 tclass=dir permissive=1
02-26 16:59:41.484  1146  1146 I zygote  : Using memfd for future sealing
02-26 16:59:41.484  1146  1146 W zygote  : Unexpected CPU variant for X86 using defaults: x86_64
02-26 16:59:41.485  1145  1145 I Zygote  : config file alreay parse:/system/etc/mumu-configs/device-prop-configs/mumu.config
02-26 16:59:41.485  1145  1145 E Zygote  : The " /system/etc/mumu-configs/device-prop-configs/arm.config" app property config file not exists!
02-26 16:59:41.485  1145  1145 W Zygote  : In ".*shootgame.*" have not valid property config, ignore it
02-26 16:59:41.485  1145  1145 E Zygote  : The " /system/etc/mumu-configs/device-prop-configs/arm.config" app property config file not exists!
02-26 16:59:41.485  1145  1145 W Zygote  : In ".*hanju.*" have not valid property config, ignore it
02-26 16:59:41.486  1145  1145 I Zygote  : config file alreay parse:/system/etc/mumu-configs/device-prop-configs/xiaomi6.config
02-26 16:59:41.486  1145  1145 I Zygote  : config file alreay parse:/system/etc/mumu-configs/device-prop-configs/mumu.config
02-26 16:59:41.486  1145  1145 I Zygote  : config file alreay parse:/system/etc/mumu-configs/device-prop-configs/xiaomi6.config
02-26 16:59:41.486  1145  1145 I Zygote  : config file alreay parse:/system/etc/mumu-configs/device-prop-configs/p50pro.config
02-26 16:59:41.486  1145  1145 I Zygote  : config file alreay parse:/system/etc/mumu-configs/device-prop-configs/p50pro.config
02-26 16:59:41.486  1145  1145 I Zygote  : getAppDeviceConfig find player priority
02-26 16:59:41.487  1145  1145 I Zygote  : getAppDeviceConfig find player priority
02-26 16:59:41.487  1145  1145 I Zygote  : config file alreay parse:/system/etc/mumu-configs/device-prop-configs/samsungsmg9910.config
02-26 16:59:41.487  1145  1145 I Zygote  : config file alreay parse:/system/etc/mumu-configs/device-prop-configs/tzyxmznew.config
02-26 16:59:41.487  1145  1145 I Zygote  : config file alreay parse:/system/etc/mumu-configs/device-prop-configs/tzyxmznew.config
02-26 16:59:41.487  1145  1145 E Zygote  : The " /system/etc/mumu-configs/device-prop-configs/armv7.config" app property config file not exists!
02-26 16:59:41.487  1145  1145 W Zygote  : In "com\.sqw\.setdl\..*" have not valid property config, ignore it
02-26 16:59:41.487  1145  1145 E Zygote  : The " /system/etc/mumu-configs/device-prop-configs/armv7.config" app property config file not exists!
02-26 16:59:41.487  1145  1145 W Zygote  : In "com\.sqwtt\.setdl\.aer" have not valid property config, ignore it
02-26 16:59:41.487  1145  1145 I Zygote  : config file alreay parse:/system/etc/mumu-configs/device-prop-configs/mate10pro.config
02-26 16:59:41.487  1145  1145 I Zygote  : config file alreay parse:/system/etc/mumu-configs/device-prop-configs/gjqtmyr.config
02-26 16:59:41.488  1145  1145 I Zygote  : config file alreay parse:/system/etc/mumu-configs/device-prop-configs/mate10pro.config
02-26 16:59:41.488  1145  1145 I Zygote  : config file alreay parse:/system/etc/mumu-configs/device-prop-configs/mumu.config
02-26 16:59:41.488  1145  1145 I Zygote  : config file alreay parse:/system/etc/mumu-configs/device-prop-configs/xiaomi6.config
02-26 16:59:41.488  1145  1145 I Zygote  : config file alreay parse:/system/etc/mumu-configs/device-prop-configs/mate10pro.config
02-26 16:59:41.488  1145  1145 I Zygote  : config file alreay parse:/system/etc/mumu-configs/device-prop-configs/mate10pro.config
02-26 16:59:41.488  1145  1145 I Zygote  : config file alreay parse:/system/etc/mumu-configs/device-prop-configs/xiaomi11pro.config
02-26 16:59:41.488  1145  1145 I Zygote  : config file alreay parse:/system/etc/mumu-configs/device-prop-configs/mumu.config
02-26 16:59:41.488  1145  1145 I Zygote  : config file alreay parse:/system/etc/mumu-configs/device-prop-configs/mumu.config
02-26 16:59:41.488  1145  1145 I Zygote  : config file alreay parse:/system/etc/mumu-configs/device-prop-configs/mumu.config
02-26 16:59:41.488  1145  1145 I Zygote  : config file alreay parse:/system/etc/mumu-configs/device-prop-configs/mumu.config
02-26 16:59:41.488  1145  1145 I Zygote  : config file alreay parse:/system/etc/mumu-configs/device-prop-configs/mumu.config
02-26 16:59:41.488  1145  1145 I Zygote  : config file alreay parse:/system/etc/mumu-configs/device-prop-configs/mumu.config
02-26 16:59:41.488  1145  1145 I Zygote  : config file alreay parse:/system/etc/mumu-configs/device-prop-configs/mumu.config
02-26 16:59:41.488  1145  1145 I Zygote  : config file alreay parse:/system/etc/mumu-configs/device-prop-configs/mumu.config
02-26 16:59:41.488  1145  1145 I Zygote  : config file alreay parse:/system/etc/mumu-configs/device-prop-configs/mumu.config
02-26 16:59:41.488  1145  1145 I Zygote  : config file alreay parse:/system/etc/mumu-configs/device-prop-configs/xiaomi11pro.config
02-26 16:59:41.488  1145  1145 I Zygote  : config file alreay parse:/system/etc/mumu-configs/device-prop-configs/xiaomi11pro.config
02-26 16:59:41.488  1145  1145 I Zygote  : config file alreay parse:/system/etc/mumu-configs/device-prop-configs/xiaomi11pro.config
02-26 16:59:41.488  1145  1145 I Zygote  : config file alreay parse:/system/etc/mumu-configs/device-prop-configs/xiaomi11pro.config
02-26 16:59:41.488  1145  1145 I Zygote  : config file alreay parse:/system/etc/mumu-configs/device-prop-configs/xiaomi11pro.config
02-26 16:59:41.488  1145  1145 I Zygote  : config file alreay parse:/system/etc/mumu-configs/device-prop-configs/xiaomi11pro.config
02-26 16:59:41.488  1145  1145 I Zygote  : config file alreay parse:/system/etc/mumu-configs/device-prop-configs/mumu.config
02-26 16:59:41.488  1145  1145 I Zygote  : config file alreay parse:/system/etc/mumu-configs/device-prop-configs/mumu.config
02-26 16:59:41.488  1145  1145 I Zygote  : config file alreay parse:/system/etc/mumu-configs/device-prop-configs/mumu.config
02-26 16:59:41.489  1145  1145 I Zygote  : config file alreay parse:/system/etc/mumu-configs/device-prop-configs/mumu.config
02-26 16:59:41.491  1145  1145 I Zygote  : config file alreay parse:/system/etc/mumu-configs/device-prop-configs/xiaomi14pro.config
02-26 16:59:41.491  1145  1145 I Zygote  : config file alreay parse:/system/etc/mumu-configs/device-prop-configs/xiaomi14pro.config
02-26 16:59:41.491  1145  1145 I Zygote  : config file alreay parse:/system/etc/mumu-configs/device-prop-configs/xiaomi14pro.config
02-26 16:59:41.491  1145  1145 I Zygote  : config file alreay parse:/system/etc/mumu-configs/device-prop-configs/overseas_sim_info.config
02-26 16:59:41.491  1145  1145 I Zygote  : config file alreay parse:/system/etc/mumu-configs/device-prop-configs/overseas_sim_info.config
02-26 16:59:41.491  1145  1145 I Zygote  : config file alreay parse:/system/etc/mumu-configs/device-prop-configs/yyb.config
02-26 16:59:41.491  1145  1145 I Zygote  : config file alreay parse:/system/etc/mumu-configs/device-prop-configs/xiaomi8_arm.config
02-26 16:59:41.491  1145  1145 I Zygote  : config file alreay parse:/system/etc/mumu-configs/device-prop-configs/x86.config
02-26 16:59:41.492  1145  1145 I Zygote  : config file alreay parse:/system/etc/mumu-configs/device-prop-configs/tzyxmznew.config
02-26 16:59:41.492  1145  1145 I Zygote  : config file alreay parse:/system/etc/mumu-configs/device-prop-configs/xiaomi8_arm.config
02-26 16:59:41.493  1145  1145 I Zygote  : config file alreay parse:/system/etc/mumu-configs/device-prop-configs/samsung_v2q.config
02-26 16:59:41.494  1145  1145 I Zygote  : config file alreay parse:/system/etc/mumu-configs/device-prop-configs/yyb.config
02-26 16:59:41.494  1145  1145 I Zygote  : config file alreay parse:/system/etc/mumu-configs/device-prop-configs/samsungsms9006.config
02-26 16:59:41.494  1145  1145 I Zygote  : config file alreay parse:/system/etc/mumu-configs/device-prop-configs/yyb.config
02-26 16:59:41.494  1145  1145 I Zygote  : config file alreay parse:/system/etc/mumu-configs/device-prop-configs/xiaomi8_arm.config
02-26 16:59:41.494  1145  1145 I Zygote  : config file alreay parse:/system/etc/mumu-configs/device-prop-configs/coc.config
02-26 16:59:41.494  1145  1145 I Zygote  : config file alreay parse:/system/etc/mumu-configs/device-prop-configs/samsung_v2q.config
02-26 16:59:41.495  1145  1145 I Zygote  : config file alreay parse:/system/etc/mumu-configs/device-prop-configs/xiaomi8_arm.config
02-26 16:59:41.495  1145  1145 I Zygote  : config file alreay parse:/system/etc/mumu-configs/device-prop-configs/overseas_sim_info.config
02-26 16:59:41.495  1145  1145 I Zygote  : config file alreay parse:/system/etc/mumu-configs/device-prop-configs/liapp.config
02-26 16:59:41.495  1145  1145 I Zygote  : config file alreay parse:/system/etc/mumu-configs/device-prop-configs/liapp.config
02-26 16:59:41.495  1145  1145 D Zygote  : Apps device config data:{com\.netease\.yysbwp={ro.product.model=2206122SC, ro.product.manufacturer=Xiaomi, ro.product.name=2206122SC, ro.product.board=2206122SC, ro.product.brand=Xiaomi, ro.product.device=2206122SC}, com\.netease\.lhrw.*={ro.product.model=MuMu, ro.product.manufacturer=Netease, ro.product.name=cancro, ro.product.board=hammerhead, ro.product.brand=Android, ro.product.device=cancro}, com\.kakaogames\.eversoul={gsm.operator.iso-country=us, gsm.sim.operator.iso-country=us, gsm.sim.operator.numeric=31001, gsm.version.baseband=2.5.1.c1, gsm.operator.numeric=31001}, com\.tencent\.mtt\.x86={ro.product.cpu.abi=x86}, com\.activision\.callofduty\.shooter={ro.product.model=JAD-AL50, ro.product.manufacturer=HUAWEI, ro.product.name=JAD-AL50, ro.product.board=JAD-AL50, ro.product.brand=HUAWEI, ro.product.device=JAD-AL50}, com\.duowan\.mobile={ro.build.version.all_codenames=REL, ro.product.manufacturer=Xiaomi, ro.boot.ramdump=disable, ro.vendor.build.date=Sun, ro.build.hardware.version=V1, ro.hardware=qcom, ro.build.version.codename=REL, ro.build.version.release=12.0.0, ro.bootimage.build.fingerprint=Xiaomi/dipper/dipper:12.0.0/OPM1.171019.026/V10.0.11.0.OEACNFH:user/release-keys, ro.build.date.utc=1541867668, ro.bootimage.build.date.utc=1541867668, ro.product.cuptsm=XIAOMI|ESE|02|01, ro.vendor.extension_library=libqti-perfd-client.so, ro.product.cpu.abilist64=arm64-v8a, ro.product.name=dipper, ro.boot.serialno=e20b6590, ro.product.locale=zh-CN, ro.board.platform=sdm845, qcom.bluetooth.soc=cherokee, ro.boot.hardware=qcom, ro.build.user=builder, ro.boot.hwc=CN, ro.bootimage.build.date=Sun, ro.product.cpu.abi=arm64-v8a, ro.build.product=dipper, ro.build.type=user, ro.build.description=dipper-user, ro.vendor.product.manufacturer=Xiaomi, ro.vendor.product.model=MI, ro.product.cpu.abilist32=armeabi-v7a,armeabi, ro.build.version.sdk=31, ro.product.board=sdm845, ro.boot.verifiedbootstate=green, ro.build.version.incremental=V10.0.11.0.QQqun|788202866, ro.build.version.security_patch=2018-10-01, ro.product.cpu.abilist=arm64-v8a,armeabi-v7a,armeabi, ro.boot.secureboot=1, ro.vendor.product.device=dipper, ro.boot.hwlevel=MP, ro.build.date=Sun, ro.build.host=c3-miui-ota-bd123.bj, ro.build.tags=release-keys, ro.boot.usbcontroller=a600000.dwc3, ro.vendor.build.fingerprint=Xiaomi/dipper/dipper:12.0.0/OPM1.171019.026/V10.0.11.0.OEACNFH:user/release-keys, ro.product.brand=Xiaomi, ro.boot.baseband=sdm, ro.boot.veritymode=enforcing, ro.build.software.version=Android12.0.0_10, ro.build.flavor=dipper-user, ro.build.characteristics=nosdcard, ro.vendor.build.date.utc=1541867668, ro.product.model=MI, ro.boot.keymaster=1, ro.vendor.product.name=dipper, ro.product.first_api_level=31, ro.boot.hwversion=3.3.0, ro.product.device=dipper, ro.baseband=sdm, ro.build.fingerprint=Xiaomi/dipper/dipper:12.0.0/OPM1.171019.026/V10.0.11.0.OEACNFH:user/release-keys, ro.vendor.product.brand=Xiaomi, ro.build.version.preview_sdk=0, ro.product.cert=M1803E1A}, com\.neogames\.realfarmworld={ro.config.alarm_alert=Oxygen.ogg}, com\.tgc\.sky.*={ro.product.model=HD1907, ro.board.platform=OnePlus, ro.product.manufacturer=OnePlus, ro.product.name=HD1907, ro.product.brand=OnePlus, ro.boot.hardware=HD1907, ro.product.board=HD1907, ro.boot.baseband=OnePlus, ro.hardware=HD1907, ro.build.product=HD1907, ro.product.device=HD1907}, com\.zhiliaoapp\.musically={gsm.operator.iso-country=us, gsm.sim.operator.iso-country=us, gsm.sim.operator.numeric=31001, gsm.version.baseband=2.5.1.c1, gsm.operator.numeric=31001}, .*\.tzyxmznew.*={ro.product.cpu.abilist64=arm64-v8a, ro.product.cpu.abi2=armeabi-v7a, ro.product.cpu.abilist32=armeabi-v7a, ro.product.cpu.abi=arm64-v8a, ro.product.cpu.abilist=arm64-v8a,armeabi-v7a}, com\.netease\.harrypotter.*={ro.product.model=MuMu, ro.product.manufacturer=Netease, ro.product.name=cancro, ro.product.board=hammerhead, ro.product.brand=Android, ro.product.device=cancro}, com\.em\.q0m\.z6\.jxe2={ro.product.cpu.abilist64=arm64-v8a, ro.product.cpu.abi2=armeabi-v7a, ro.product.cpu.abilist32=armeabi-v7a, ro.product.cpu.abi=ar
02-26 16:59:41.495  1145  1145 D Zygote  : Apps device config player priority data: [.*dts\.freefire.*, .*com\.riotgames\.league\.wildrift.*]
02-26 16:59:41.495  1145  1145 E Zygote  : The " /pcgame/app-device-prop-overlay.config" property config file not exists!
02-26 16:59:41.495  1145  1145 D Zygote  : getAppDeviceChannelConfig pattern = .*\.mi
02-26 16:59:41.495  1145  1145 D Zygote  : getAppDeviceChannelConfig pattern = .*\.samsung
02-26 16:59:41.496  1145  1145 D Zygote  : getAppDeviceChannelConfig pattern = .*\.huawei
02-26 16:59:41.496  1145  1145 D Zygote  : Apps device channel config data:{.*\.samsung={ro.product.model=SM-G9910, ro.product.manufacturer=samsung, ro.product.name=SM-G9910, ro.product.board=SM-G9910, ro.product.brand=samsung, ro.product.device=SM-G9910}, .*\.huawei={ro.product.model=BLA-AL00, ro.product.manufacturer=HUAWEI, ro.product.name=BLA-AL00, ro.product.board=BLA-AL00, ro.product.brand=HUAWEI, ro.product.device=BLA-AL00}, .*\.mi={ro.product.model=M2102K1AC, ro.product.manufacturer=Xiaomi, ro.product.name=mars, ro.product.board=mars, ro.product.brand=Xiaomi, ro.product.device=mars}}
02-26 16:59:41.505  1145  1145 I Zygote  : Installed AndroidKeyStoreProvider in 6ms.
02-26 16:59:41.507  1145  1145 I Zygote  : Warmed up JCA providers in 2ms.
02-26 16:59:41.510  1145  1145 I zygote64: Explicit concurrent copying GC freed 59736(4829KB) AllocSpace objects, 17(896KB) LOS objects, 52% free, 1405KB/2941KB, paused 12us,2us total 3.089ms
02-26 16:59:41.512  1145  1145 I zygote64: Explicit concurrent copying GC freed 3422(164KB) AllocSpace objects, 0(0B) LOS objects, 53% free, 1360KB/2896KB, paused 11us,10us total 1.942ms
02-26 16:59:41.513  1145  1145 E libprocessgroup: Failed to read task profiles from /etc/task_profiles.json
02-26 16:59:41.513  1145  1145 E libprocessgroup: Loading /etc/task_profiles.json for [1145] failed
02-26 16:59:41.533  1191  1191 I Binder:1191_2: type=1400 audit(0.0:1509): avc: denied { call } for scontext=u:r:init:s0 tcontext=u:r:init:s0 tclass=binder permissive=1
02-26 16:59:41.547  1145  1300 I zygote64: Verified 3214 classes from mainline modules in 80.905ms
02-26 16:59:41.553  1145  1145 D Zygote  : Forked child process 1310
02-26 16:59:41.553  1145  1145 I Zygote  : System server process 1310 has been created
02-26 16:59:41.553  1145  1145 I Zygote  : Accepting command socket connections
02-26 16:59:41.564  1310  1310 I Zygote  : seccomp disabled by setenforce 0
02-26 16:59:41.565  1146  1305 I zygote  : Verified 3214 classes from mainline modules in 77.393ms
02-26 16:59:41.563  1146  1146 I /system/bin/app_process32: type=1400 audit(0.0:1510): avc: denied { sendto } for comm=4A69742074687265616420706F6F6C path="/dev/socket/logdw" scontext=u:r:zygote:s0 tcontext=u:r:init:s0 tclass=unix_dgram_socket permissive=1
02-26 16:59:41.565  1310  1310 W system_server: Unexpected CPU variant for X86 using defaults: x86_64
02-26 16:59:41.563  1310  1310 I system_server: type=1400 audit(0.0:1511): avc: denied { sendto } for path="/dev/socket/logdw" scontext=u:r:system_server:s0 tcontext=u:r:init:s0 tclass=unix_dgram_socket permissive=1
02-26 16:59:41.566  1310  1310 W system_server: Failed to upload odrefresh metrics: metrics file '/data/misc/odrefresh/odrefresh-metrics.txt' could not be opened: No such file or directory
02-26 16:59:41.566  1310  1310 E system_server: Not starting debugger since process cannot load the jdwp agent.
02-26 16:59:41.567  1310  1310 W ZygoteProcess: Got error connecting to zygote, retrying. msg= Connection refused
02-26 16:59:41.579  1146  1146 I Zygote  : config file alreay parse:/system/etc/mumu-configs/device-prop-configs/mumu.config
02-26 16:59:41.579  1146  1146 E Zygote  : The " /system/etc/mumu-configs/device-prop-configs/arm.config" app property config file not exists!
02-26 16:59:41.579  1146  1146 W Zygote  : In ".*shootgame.*" have not valid property config, ignore it
02-26 16:59:41.579  1146  1146 E Zygote  : The " /system/etc/mumu-configs/device-prop-configs/arm.config" app property config file not exists!
02-26 16:59:41.579  1146  1146 W Zygote  : In ".*hanju.*" have not valid property config, ignore it
02-26 16:59:41.584  1146  1146 I Zygote  : config file alreay parse:/system/etc/mumu-configs/device-prop-configs/xiaomi6.config
02-26 16:59:41.584  1146  1146 I Zygote  : config file alreay parse:/system/etc/mumu-configs/device-prop-configs/mumu.config
02-26 16:59:41.584  1146  1146 I Zygote  : config file alreay parse:/system/etc/mumu-configs/device-prop-configs/xiaomi6.config
02-26 16:59:41.585  1146  1146 I Zygote  : config file alreay parse:/system/etc/mumu-configs/device-prop-configs/p50pro.config
02-26 16:59:41.585  1146  1146 I Zygote  : config file alreay parse:/system/etc/mumu-configs/device-prop-configs/p50pro.config
02-26 16:59:41.585  1146  1146 I Zygote  : getAppDeviceConfig find player priority
02-26 16:59:41.586  1146  1146 I Zygote  : getAppDeviceConfig find player priority
02-26 16:59:41.586  1146  1146 I Zygote  : config file alreay parse:/system/etc/mumu-configs/device-prop-configs/samsungsmg9910.config
02-26 16:59:41.588  1146  1146 I Zygote  : config file alreay parse:/system/etc/mumu-configs/device-prop-configs/tzyxmznew.config
02-26 16:59:41.588  1146  1146 I Zygote  : config file alreay parse:/system/etc/mumu-configs/device-prop-configs/tzyxmznew.config
02-26 16:59:41.589  1146  1146 E Zygote  : The " /system/etc/mumu-configs/device-prop-configs/armv7.config" app property config file not exists!
02-26 16:59:41.589  1146  1146 W Zygote  : In "com\.sqw\.setdl\..*" have not valid property config, ignore it
02-26 16:59:41.589  1146  1146 E Zygote  : The " /system/etc/mumu-configs/device-prop-configs/armv7.config" app property config file not exists!
02-26 16:59:41.589  1146  1146 W Zygote  : In "com\.sqwtt\.setdl\.aer" have not valid property config, ignore it
02-26 16:59:41.589  1146  1146 I Zygote  : config file alreay parse:/system/etc/mumu-configs/device-prop-configs/mate10pro.config
02-26 16:59:41.590  1146  1146 I Zygote  : config file alreay parse:/system/etc/mumu-configs/device-prop-configs/gjqtmyr.config
02-26 16:59:41.591  1146  1146 I Zygote  : config file alreay parse:/system/etc/mumu-configs/device-prop-configs/mate10pro.config
02-26 16:59:41.591  1146  1146 I Zygote  : config file alreay parse:/system/etc/mumu-configs/device-prop-configs/mumu.config
02-26 16:59:41.591  1146  1146 I Zygote  : config file alreay parse:/system/etc/mumu-configs/device-prop-configs/xiaomi6.config
02-26 16:59:41.591  1146  1146 I Zygote  : config file alreay parse:/system/etc/mumu-configs/device-prop-configs/mate10pro.config
02-26 16:59:41.591  1146  1146 I Zygote  : config file alreay parse:/system/etc/mumu-configs/device-prop-configs/mate10pro.config
02-26 16:59:41.592  1146  1146 I Zygote  : config file alreay parse:/system/etc/mumu-configs/device-prop-configs/xiaomi11pro.config
02-26 16:59:41.592  1146  1146 I Zygote  : config file alreay parse:/system/etc/mumu-configs/device-prop-configs/mumu.config
02-26 16:59:41.592  1146  1146 I Zygote  : config file alreay parse:/system/etc/mumu-configs/device-prop-configs/mumu.config
02-26 16:59:41.592  1146  1146 I Zygote  : config file alreay parse:/system/etc/mumu-configs/device-prop-configs/mumu.config
02-26 16:59:41.593  1146  1146 I Zygote  : config file alreay parse:/system/etc/mumu-configs/device-prop-configs/mumu.config
02-26 16:59:41.593  1146  1146 I Zygote  : config file alreay parse:/system/etc/mumu-configs/device-prop-configs/mumu.config
02-26 16:59:41.593  1146  1146 I Zygote  : config file alreay parse:/system/etc/mumu-configs/device-prop-configs/mumu.config
02-26 16:59:41.593  1146  1146 I Zygote  : config file alreay parse:/system/etc/mumu-configs/device-prop-configs/mumu.config
02-26 16:59:41.593  1146  1146 I Zygote  : config file alreay parse:/system/etc/mumu-configs/device-prop-configs/mumu.config
02-26 16:59:41.593  1146  1146 I Zygote  : config file alreay parse:/system/etc/mumu-configs/device-prop-configs/mumu.config
02-26 16:59:41.593  1146  1146 I Zygote  : config file alreay parse:/system/etc/mumu-configs/device-prop-configs/xiaomi11pro.config
02-26 16:59:41.593  1146  1146 I Zygote  : config file alreay parse:/system/etc/mumu-configs/device-prop-configs/xiaomi11pro.config
02-26 16:59:41.593  1146  1146 I Zygote  : config file alreay parse:/system/etc/mumu-configs/device-prop-configs/xiaomi11pro.config
02-26 16:59:41.593  1146  1146 I Zygote  : config file alreay parse:/system/etc/mumu-configs/device-prop-configs/xiaomi11pro.config
02-26 16:59:41.594  1146  1146 I Zygote  : config file alreay parse:/system/etc/mumu-configs/device-prop-configs/xiaomi11pro.config
02-26 16:59:41.594  1146  1146 I Zygote  : config file alreay parse:/system/etc/mumu-configs/device-prop-configs/xiaomi11pro.config
02-26 16:59:41.594  1146  1146 I Zygote  : config file alreay parse:/system/etc/mumu-configs/device-prop-configs/mumu.config
02-26 16:59:41.594  1146  1146 I Zygote  : config file alreay parse:/system/etc/mumu-configs/device-prop-configs/mumu.config
02-26 16:59:41.594  1146  1146 I Zygote  : config file alreay parse:/system/etc/mumu-configs/device-prop-configs/mumu.config
02-26 16:59:41.595  1146  1146 I Zygote  : config file alreay parse:/system/etc/mumu-configs/device-prop-configs/mumu.config
02-26 16:59:41.605  1146  1146 I Zygote  : config file alreay parse:/system/etc/mumu-configs/device-prop-configs/xiaomi14pro.config
02-26 16:59:41.605  1146  1146 I Zygote  : config file alreay parse:/system/etc/mumu-configs/device-prop-configs/xiaomi14pro.config
02-26 16:59:41.605  1146  1146 I Zygote  : config file alreay parse:/system/etc/mumu-configs/device-prop-configs/xiaomi14pro.config
02-26 16:59:41.606  1146  1146 I Zygote  : config file alreay parse:/system/etc/mumu-configs/device-prop-configs/overseas_sim_info.config
02-26 16:59:41.607  1146  1146 I Zygote  : config file alreay parse:/system/etc/mumu-configs/device-prop-configs/overseas_sim_info.config
02-26 16:59:41.607  1146  1146 I Zygote  : config file alreay parse:/system/etc/mumu-configs/device-prop-configs/yyb.config
02-26 16:59:41.607  1146  1146 I Zygote  : config file alreay parse:/system/etc/mumu-configs/device-prop-configs/xiaomi8_arm.config
02-26 16:59:41.607  1146  1146 I Zygote  : config file alreay parse:/system/etc/mumu-configs/device-prop-configs/x86.config
02-26 16:59:41.612  1146  1146 I Zygote  : config file alreay parse:/system/etc/mumu-configs/device-prop-configs/tzyxmznew.config
02-26 16:59:41.612  1146  1146 I Zygote  : config file alreay parse:/system/etc/mumu-configs/device-prop-configs/xiaomi8_arm.config
02-26 16:59:41.617  1310  1310 W ZygoteProcess: Got error connecting to zygote, retrying. msg= Connection refused
02-26 16:59:41.619  1146  1146 I Zygote  : config file alreay parse:/system/etc/mumu-configs/device-prop-configs/samsung_v2q.config
02-26 16:59:41.622  1146  1146 I Zygote  : config file alreay parse:/system/etc/mumu-configs/device-prop-configs/yyb.config
02-26 16:59:41.623  1146  1146 I Zygote  : config file alreay parse:/system/etc/mumu-configs/device-prop-configs/samsungsms9006.config
02-26 16:59:41.623  1146  1146 I Zygote  : config file alreay parse:/system/etc/mumu-configs/device-prop-configs/yyb.config
02-26 16:59:41.623  1146  1146 I Zygote  : config file alreay parse:/system/etc/mumu-configs/device-prop-configs/xiaomi8_arm.config
02-26 16:59:41.625  1146  1146 I Zygote  : config file alreay parse:/system/etc/mumu-configs/device-prop-configs/coc.config
02-26 16:59:41.626  1146  1146 I Zygote  : config file alreay parse:/system/etc/mumu-configs/device-prop-configs/samsung_v2q.config
02-26 16:59:41.626  1146  1146 I Zygote  : config file alreay parse:/system/etc/mumu-configs/device-prop-configs/xiaomi8_arm.config
02-26 16:59:41.626  1146  1146 I Zygote  : config file alreay parse:/system/etc/mumu-configs/device-prop-configs/overseas_sim_info.config
02-26 16:59:41.626  1146  1146 I Zygote  : config file alreay parse:/system/etc/mumu-configs/device-prop-configs/liapp.config
02-26 16:59:41.626  1146  1146 I Zygote  : config file alreay parse:/system/etc/mumu-configs/device-prop-configs/liapp.config
02-26 16:59:41.628  1146  1146 D Zygote  : Apps device config data:{com\.tencent\.pwrd\.projectt={ro.product.model=M2102K1AC, ro.product.manufacturer=Xiaomi, ro.product.name=mars, ro.product.board=mars, ro.product.brand=Xiaomi, ro.product.device=mars}, com\.netease\.party.*={ro.product.model=MuMu, ro.product.manufacturer=Netease, ro.product.name=cancro, ro.product.board=hammerhead, ro.product.brand=Android, ro.product.device=cancro}, .*projecttl\.laohu={ro.product.model=M2102K1AC, ro.product.manufacturer=Xiaomi, ro.product.name=mars, ro.product.board=mars, ro.product.brand=Xiaomi, ro.product.device=mars}, com\.bbk\.appstore={ro.product.model=MuMu, ro.product.manufacturer=Netease, ro.product.name=cancro, ro.product.board=hammerhead, ro.product.brand=Android, ro.product.device=cancro}, .*com\.tencent\.tmgp\.pubgm.*={ro.product.model=MIX 2, ro.product.manufacturer=Xiaomi, ro.product.name=chiron, ro.product.board=msm8996, ro.product.brand=Xiaomi, ro.product.device=chiron}, com\.huawei\.appmarket={ro.build.characteristics=tablet}, com\.google\.android.*={ro.product.system.name=v2qzc, ro.vendor.build.version.release_or_codename=12, ro.build.version.all_codenames=REL, ro.product.system_ext.device=qssi, ro.build.version.release_or_codename=12, ro.vendor.build.date=Wed Jul  6 12:02:44 KST 2022, ro.product.product.device=qssi, ro.build.version.security_index=1, ro.build.version.codename=REL, ro.system.build.version.release_or_codename=12, ro.bootimage.build.fingerprint=samsung/v2qzc/v2q:12/RP1A.200720.012/W2022ZCS2CVG1:user/release-keys, ro.product.name=v2qzc, ro.product.locale=zh-CN, ro.system.build.date.utc=1657075617, ro.product.vendor.model=SM-W2022, ro.bootloader=W2022ZCS2CVG1, ro.product.vendor.brand=samsung, ro.bootmode=unknown, ro.build.display.id=SP1A.210812.016.W2022ZCS2CVG1, ro.build.changelist=24219452, ro.build.user=dpi, ro.system_ext.build.fingerprint=samsung/v2qzc/qssi:12/SP1A.210812.016/W2022ZCS2CVG1:user/release-keys, gsm.version.baseband=W2022ZCS2CVG1,W2022ZCS2CVG1, ro.product.property_source_order=odm,vendor,product,system_ext,system, ro.system.build.version.release=12, ro.product.board=lahaina, ro.product.system.manufacturer=samsung, gsm.version.ril-impl=Samsung RIL v4.0, ro.build.PDA=W2022ZCS2CVG1, ro.product.build.id=SP1A.210812.016, ro.product.system_ext.model=SM-W2022, ro.product.odm.name=v2qzc, ro.build.official.release=true, ro.build.version.security_patch=2022-05-01, ro.system.build.type=user, ro.product.build.version.release=12, ro.product.system_ext.manufacturer=samsung, ro.odm.build.tags=release-keys, gsm.sim.state=ABSENT,ABSENT, ro.product.odm.device=v2q, ro.build.system_root_image=false, ro.vendor.build.version.release=12, ro.build.tags=release-keys, gsm.operator.iso-country=cn,, ro.system_ext.build.version.incremental=W2022ZCS2CVG1, ro.odm.build.date.utc=1657076564, ro.product.build.type=user, ro.build.flavor=v2qzc-user, ro.build.selinux=1, ro.system_ext.build.date.utc=1657075617, ro.build.characteristics=phone, ro.system_ext.build.date=Wed Jul  6 11:46:57 KST 2022, ro.system.build.version.incremental=W2022ZCS2CVG1, ro.build.version.oneui=40100, gsm.current.vsid2=1, ro.product.product.brand=samsung, ro.system.build.tags=release-keys, ro.build.keys=test-keys, ro.build.fingerprint=samsung/v2qzc/v2q:12/SP1A.210812.016/W2022ZCS2CVG1:user/release-keys, ro.odm.build.version.incremental=W2022ZCS2CVG1, gsm.current.phone-type=1,1, ro.product.build.tags=release-keys, ro.product.manufacturer=samsung, ro.product.vendor.name=v2qzc, ro.product.system.model=SM-W2022, ro.build.version.release=12, ro.system.build.fingerprint=samsung/v2qzc/qssi:12/SP1A.210812.016/W2022ZCS2CVG1:user/release-keys, ro.build.date.utc=1657075617, ro.bootimage.build.date.utc=1657076564, ro.product.build.version.release_or_codename=12, gsm.network.type=Unknown,Unknown, ro.build.id=SP1A.210812.016, ro.vendor.build.type=user, ro.product.vendor.device=v2q, ro.build.version.preview_sdk_fingerprint=REL, ro.system_ext.build.type=user, ro.system_ext.build.version.release=12, ro.product.system.device=qssi, ro.odm.build.type=user, ro.product.build.date.u
02-26 16:59:41.628  1146  1146 D Zygote  : Apps device config player priority data: [.*com\.riotgames\.league\.wildrift.*, .*dts\.freefire.*]
02-26 16:59:41.628  1146  1146 E Zygote  : The " /pcgame/app-device-prop-overlay.config" property config file not exists!
02-26 16:59:41.629  1146  1146 D Zygote  : getAppDeviceChannelConfig pattern = .*\.mi
02-26 16:59:41.630  1146  1146 D Zygote  : getAppDeviceChannelConfig pattern = .*\.samsung
02-26 16:59:41.631  1146  1146 D Zygote  : getAppDeviceChannelConfig pattern = .*\.huawei
02-26 16:59:41.632  1146  1146 D Zygote  : Apps device channel config data:{.*\.huawei={ro.product.model=BLA-AL00, ro.product.manufacturer=HUAWEI, ro.product.name=BLA-AL00, ro.product.board=BLA-AL00, ro.product.brand=HUAWEI, ro.product.device=BLA-AL00}, .*\.samsung={ro.product.model=SM-G9910, ro.product.manufacturer=samsung, ro.product.name=SM-G9910, ro.product.board=SM-G9910, ro.product.brand=samsung, ro.product.device=SM-G9910}, .*\.mi={ro.product.model=M2102K1AC, ro.product.manufacturer=Xiaomi, ro.product.name=mars, ro.product.board=mars, ro.product.brand=Xiaomi, ro.product.device=mars}}
02-26 16:59:41.644  1146  1146 I zygote  : Explicit concurrent copying GC freed 63196(5118KB) AllocSpace objects, 19(928KB) LOS objects, 49% free, 2051KB/4103KB, paused 64us,2us total 4.568ms
02-26 16:59:41.643  1186  1186 I wificond: type=1400 audit(0.0:1512): avc: denied { create } for scontext=u:r:init:s0 tcontext=u:r:init:s0 tclass=netlink_generic_socket permissive=1
02-26 16:59:41.643  1186  1186 I wificond: type=1400 audit(0.0:1513): avc: denied { setopt } for scontext=u:r:init:s0 tcontext=u:r:init:s0 tclass=netlink_generic_socket permissive=1
02-26 16:59:41.643  1186  1186 I wificond: type=1400 audit(0.0:1514): avc: denied { bind } for scontext=u:r:init:s0 tcontext=u:r:init:s0 tclass=netlink_generic_socket permissive=1
02-26 16:59:41.643  1186  1186 I wificond: type=1400 audit(0.0:1515): avc: denied { write } for scontext=u:r:init:s0 tcontext=u:r:init:s0 tclass=netlink_generic_socket permissive=1
02-26 16:59:41.643  1186  1186 I wificond: type=1400 audit(0.0:1516): avc: denied { read } for path="socket:[13198]" dev="sockfs" ino=13198 scontext=u:r:init:s0 tcontext=u:r:init:s0 tclass=netlink_generic_socket permissive=1
02-26 16:59:41.646  1186  1186 E wificond: Failed to poll netlink fd: time out 
02-26 16:59:41.646  1186  1186 E wificond: NL80211_CMD_GET_PROTOCOL_FEATURES failed
02-26 16:59:41.646  1186  1186 I wificond: player_uuid:b145c74d-fc8a-40d2-b0d2-6f7ca99ee0bb
02-26 16:59:41.646  1186  1186 I wificond: player_index:0
02-26 16:59:41.646  1186  1186 I wificond: get ssid:Xiaomi_f8c8bcb38d4f, md5_prefix: 0
02-26 16:59:41.646  1186  1186 I wificond: get bssid: 79:141:179188:200:248
02-26 16:59:41.646  1186  1186 E wificond: Received error message: No such file or directory
02-26 16:59:41.646  1186  1186 E wificond: Failed to get NL80211 family info
02-26 16:59:41.643  1186  1186 I wificond: type=1400 audit(0.0:1517): avc: denied { transfer } for scontext=u:r:init:s0 tcontext=u:r:init:s0 tclass=binder permissive=1
02-26 16:59:41.646  1072  1072 E SELinux : avc:  denied  { add } for pid=1186 uid=1010 name=wifinl80211 scontext=u:r:init:s0 tcontext=u:object_r:wifinl80211_service:s0 tclass=service_manager permissive=1
