02-26 16:54:05.823  1863  1863 I main    : type=1400 audit(0.0:2103): avc: denied { map } for path="/dev/__properties__/u:object_r:serialno_prop:s0" dev="tmpfs" ino=13422 scontext=u:r:zygote:s0 tcontext=u:object_r:serialno_prop:s0 tclass=file permissive=1
02-26 16:54:05.823  1148  1148 I Binder:1148_2: type=1400 audit(0.0:2104): avc: denied { use } for path="socket:[19869]" dev="sockfs" ino=19869 scontext=u:r:init:s0 tcontext=u:r:system_app:s0 tclass=fd permissive=1
02-26 16:54:05.823  1148  1148 I Binder:1148_2: type=1400 audit(0.0:2105): avc: denied { read write } for path="socket:[19869]" dev="sockfs" ino=19869 scontext=u:r:init:s0 tcontext=u:r:system_app:s0 tclass=tcp_socket permissive=1
02-26 16:54:05.823  1148  1148 I Binder:1148_2: type=1400 audit(0.0:2106): avc: denied { getopt } for scontext=u:r:init:s0 tcontext=u:r:system_app:s0 tclass=tcp_socket permissive=1
02-26 16:54:05.823  1148  1148 I Binder:1148_2: type=1400 audit(0.0:2107): avc: denied { setopt } for scontext=u:r:init:s0 tcontext=u:r:system_app:s0 tclass=tcp_socket permissive=1
02-26 16:54:05.823  1148  1148 I Binder:1148_2: type=1400 audit(0.0:2108): avc: denied { call } for scontext=u:r:init:s0 tcontext=u:r:init:s0 tclass=binder permissive=1
02-26 16:54:05.823  1074  1074 I servicemanager: type=1400 audit(0.0:2109): avc: denied { transfer } for scontext=u:r:init:s0 tcontext=u:r:init:s0 tclass=binder permissive=1
02-26 16:54:05.828  1863  1863 E NemuAppNameUtil: save data success
02-26 16:54:05.826  1863  1863 I main    : type=1400 audit(0.0:2110): avc: denied { create } for name="10033.log" scontext=u:r:zygote:s0 tcontext=u:object_r:tombstone_data_file:s0 tclass=file permissive=1
02-26 16:54:05.826  1863  1863 I main    : type=1400 audit(0.0:2111): avc: denied { write } for name="10033.log" dev="sdc3" ino=1310744 scontext=u:r:zygote:s0 tcontext=u:object_r:tombstone_data_file:s0 tclass=file permissive=1
02-26 16:54:05.826  1863  1863 I main    : type=1400 audit(0.0:2112): avc: denied { open } for path="/data/tombstones/app/android.ext.services/10033.log" dev="sdc3" ino=1310744 scontext=u:r:zygote:s0 tcontext=u:object_r:tombstone_data_file:s0 tclass=file permissive=1
02-26 16:54:05.826  1863  1863 I main    : type=1400 audit(0.0:2113): avc: denied { setattr } for name="10033.log" dev="sdc3" ino=1310744 scontext=u:r:zygote:s0 tcontext=u:object_r:tombstone_data_file:s0 tclass=file permissive=1
02-26 16:54:05.829  1503  1732 D ControlsListingControllerImpl: Subscribing callback, service count: 0
02-26 16:54:05.829  1863  1863 W nativebridge: Failed to bind-mount /system/etc/cpuinfo.x86_64.txt as /proc/cpuinfo: No such file or directory
02-26 16:54:05.829  1863  1863 W nativebridge: Failed to bind-mount /system/lib64/x86_64/cpuinfo as /proc/cpuinfo: No such file or directory
02-26 16:54:05.829  1863  1863 I Zygote  : seccomp disabled by setenforce 0
02-26 16:54:05.830  1863  1863 W id.ext.service: Unexpected CPU variant for X86 using defaults: x86_64
02-26 16:54:05.830  1863  1863 V libnb   : enter native_bridge2_initialize /data/user/0/android.ext.services/code_cache arm64
02-26 16:54:05.831  1863  1863 E libnb   : The translator implementation library has not been set.
02-26 16:54:05.826  1863  1863 I id.ext.service: type=1400 audit(0.0:2114): avc: denied { execute } for path="/data/system/etc/mumu-configs/shared_libs/libhp12_x86_64.so" dev="sdc3" ino=4849883 scontext=u:r:platform_app:s0:c512,c768 tcontext=u:object_r:system_data_file:s0 tclass=file permissive=1
02-26 16:54:05.831  1503  1732 D ControlsListingControllerImpl: Subscribing callback, service count: 0
02-26 16:54:05.834  1845  1845 I WebViewZygoteInit: Beginning application preload for com.android.webview
02-26 16:54:05.829  1845  1845 I webview_zygote: type=1400 audit(0.0:2115): avc: denied { read } for name="u:object_r:qemu_sf_lcd_density_prop:s0" dev="tmpfs" ino=13411 scontext=u:r:webview_zygote:s0 tcontext=u:object_r:qemu_sf_lcd_density_prop:s0 tclass=file permissive=1
02-26 16:54:05.829  1845  1845 I webview_zygote: type=1400 audit(0.0:2116): avc: denied { open } for path="/dev/__properties__/u:object_r:qemu_sf_lcd_density_prop:s0" dev="tmpfs" ino=13411 scontext=u:r:webview_zygote:s0 tcontext=u:object_r:qemu_sf_lcd_density_prop:s0 tclass=file permissive=1
02-26 16:54:05.829  1845  1845 I webview_zygote: type=1400 audit(0.0:2117): avc: denied { getattr } for path="/dev/__properties__/u:object_r:qemu_sf_lcd_density_prop:s0" dev="tmpfs" ino=13411 scontext=u:r:webview_zygote:s0 tcontext=u:object_r:qemu_sf_lcd_density_prop:s0 tclass=file permissive=1
02-26 16:54:05.829  1845  1845 I webview_zygote: type=1400 audit(0.0:2118): avc: denied { map } for path="/dev/__properties__/u:object_r:qemu_sf_lcd_density_prop:s0" dev="tmpfs" ino=13411 scontext=u:r:webview_zygote:s0 tcontext=u:object_r:qemu_sf_lcd_density_prop:s0 tclass=file permissive=1
02-26 16:54:05.834  1503  1503 W KeyguardUserSwitcherController: Current user is not listed
02-26 16:54:05.835  1313  1328 W ActivityManager: callingPackage:com.android.systemui, packageName:com.netease.nemu_vapi_android.nemu, name:com.netease.nemu_vapi_android.service.MuteStateService, isSkip: true
02-26 16:54:05.835  1313  1362 W AppHibernationService: Attempt to call isHibernatingForUser before states have been read from disk
02-26 16:54:05.833  1313  1313 I Binder:1313_2: type=1400 audit(0.0:2119): avc: denied { sendto } for path="/dev/socket/logdw" scontext=u:r:system_server:s0 tcontext=u:r:init:s0 tclass=unix_dgram_socket permissive=1
02-26 16:54:05.833  1845  1845 I webview_zygote: type=1400 audit(0.0:2120): avc: denied { search } for name="/" dev="sda6" ino=2 scontext=u:r:webview_zygote:s0 tcontext=u:object_r:unlabeled:s0 tclass=dir permissive=1
02-26 16:54:05.833  1845  1845 I webview_zygote: type=1400 audit(0.0:2121): avc: denied { getattr } for path="/system/product/app/webview/webview.apk" dev="sda6" ino=4003 scontext=u:r:webview_zygote:s0 tcontext=u:object_r:unlabeled:s0 tclass=file permissive=1
02-26 16:54:05.833  1466  1466 I pi_android.nemu: type=1400 audit(0.0:2122): avc: denied { getattr } for path="/system/framework/framework-res.apk" dev="sda6" ino=2218 scontext=u:r:system_app:s0 tcontext=u:object_r:unlabeled:s0 tclass=file permissive=1
02-26 16:54:05.833  1845  1845 I webview_zygote: type=1400 audit(0.0:2123): avc: denied { read } for name="webview.apk" dev="sda6" ino=4003 scontext=u:r:webview_zygote:s0 tcontext=u:object_r:unlabeled:s0 tclass=file permissive=1
02-26 16:54:05.833  1845  1845 I webview_zygote: type=1400 audit(0.0:2124): avc: denied { open } for path="/system/product/app/webview/webview.apk" dev="sda6" ino=4003 scontext=u:r:webview_zygote:s0 tcontext=u:object_r:unlabeled:s0 tclass=file permissive=1
02-26 16:54:05.833  1313  1313 I android.anim: type=1400 audit(0.0:2125): avc: denied { read } for scontext=u:r:system_server:s0 tcontext=u:r:init:s0 tclass=unix_stream_socket permissive=1
02-26 16:54:05.833  1313  1313 I android.anim: type=1400 audit(0.0:2126): avc: denied { call } for scontext=u:r:system_server:s0 tcontext=u:r:init:s0 tclass=binder permissive=1
02-26 16:54:05.833  1174  1174 I surfaceflinger: type=1400 audit(0.0:2127): avc: denied { ioctl } for path="/dev/vaddress" dev="tmpfs" ino=14428 ioctlcmd=0x4c19 scontext=u:r:init:s0 tcontext=u:object_r:device:s0 tclass=chr_file permissive=1
02-26 16:54:05.833  1503  1503 I RenderThread: type=1400 audit(0.0:2128): avc: denied { ioctl } for path="/dev/vaddress" dev="tmpfs" ino=14428 ioctlcmd=0x4c19 scontext=u:r:platform_app:s0:c512,c768 tcontext=u:object_r:device:s0 tclass=chr_file permissive=1 app=com.android.systemui
02-26 16:54:05.833  1313  1313 I android.anim: type=1400 audit(0.0:2129): avc: denied { transfer } for scontext=u:r:system_server:s0 tcontext=u:r:init:s0 tclass=binder permissive=1
02-26 16:54:05.836  1863  1863 E libnb   : get_callbacks native_handle 0x82107bf084b98f85: 1 libnb:/system/lib64/libhoudini.so
02-26 16:54:05.836  1863  1863 I libnb   : Found /system/lib64/libhoudini.so version 6
02-26 16:54:05.836  1863  1863 D HP      : no libmumuhooker.so
02-26 16:54:05.836  1863  1863 D HP      : patch_linker_namespace
02-26 16:54:05.833  1074  1074 I servicemanager: type=1400 audit(0.0:2130): avc: denied { transfer } for scontext=u:r:init:s0 tcontext=u:r:system_app:s0 tclass=binder permissive=1
02-26 16:54:05.833  1845  1845 I webview_zygote: type=1400 audit(0.0:2131): avc: denied { map } for path="/system/product/app/webview/webview.apk" dev="sda6" ino=4003 scontext=u:r:webview_zygote:s0 tcontext=u:object_r:unlabeled:s0 tclass=file permissive=1
02-26 16:54:05.837  1863  1863 D houdini : [1863] Initialize library(version: 12.0.0_z.38816.m RELEASE)... successfully.
02-26 16:54:05.837  1863  1863 W HP      : x_initialize private_dir:/data/user/0/android.ext.services/code_cache instruction_set:arm64 getMethodShorty:0x7ab973b3c340 ret:1
02-26 16:54:05.833  1313  1313 I Binder:1313_8: type=1400 audit(0.0:2132): avc: denied { map_write } for scontext=u:r:system_server:s0 tcontext=u:r:init:s0 tclass=bpf permissive=1
02-26 16:54:05.838  1863  1863 E id.ext.service: Not starting debugger since process cannot load the jdwp agent.
02-26 16:54:05.833  1845  1845 I webview_zygote: type=1400 audit(0.0:2133): avc: denied { getattr } for path="/system/lib" dev="sda6" ino=2284 scontext=u:r:webview_zygote:s0 tcontext=u:object_r:unlabeled:s0 tclass=dir permissive=1
02-26 16:54:05.833  1845  1845 I webview_zygote: type=1400 audit(0.0:2134): avc: denied { read } for name="etc" dev="sda6" ino=929 scontext=u:r:webview_zygote:s0 tcontext=u:object_r:unlabeled:s0 tclass=dir permissive=1
02-26 16:54:05.833  1845  1845 I webview_zygote: type=1400 audit(0.0:2135): avc: denied { open } for path="/system/etc" dev="sda6" ino=929 scontext=u:r:webview_zygote:s0 tcontext=u:object_r:unlabeled:s0 tclass=dir permissive=1
02-26 16:54:05.833  1845  1845 I webview_zygote: type=1400 audit(0.0:2136): avc: denied { read } for name="system_ext" dev="tmpfs" ino=12330 scontext=u:r:webview_zygote:s0 tcontext=u:object_r:tmpfs:s0 tclass=lnk_file permissive=1
02-26 16:54:05.838  1845  1845 E WebViewLibraryLoader: can't load with relro file; address space not reserved
02-26 16:54:05.838  1863  1863 D ProcessState: Binder ioctl to enable oneway spam detection failed: Invalid argument
02-26 16:54:05.840  1313  1328 D CompatibilityChangeReporter: Compat change id reported: 168419799; UID 10033; state: DISABLED
02-26 16:54:05.841  1863  1880 E ashmem  : memfd: ro.vndk.version not defined or invalid (), this is mandated since P.
02-26 16:54:05.836  1863  1863 I Binder:1863_2: type=1400 audit(0.0:2137): avc: denied { open } for path="/dev/__properties__/u:object_r:qemu_sf_lcd_density_prop:s0" dev="tmpfs" ino=13411 scontext=u:r:platform_app:s0:c512,c768 tcontext=u:object_r:qemu_sf_lcd_density_prop:s0 tclass=file permissive=1
02-26 16:54:05.836  1863  1863 I Binder:1863_2: type=1400 audit(0.0:2138): avc: denied { getattr } for path="/dev/__properties__/u:object_r:qemu_sf_lcd_density_prop:s0" dev="tmpfs" ino=13411 scontext=u:r:platform_app:s0:c512,c768 tcontext=u:object_r:qemu_sf_lcd_density_prop:s0 tclass=file permissive=1
02-26 16:54:05.836  1863  1863 I Binder:1863_2: type=1400 audit(0.0:2139): avc: denied { map } for path="/dev/__properties__/u:object_r:qemu_sf_lcd_density_prop:s0" dev="tmpfs" ino=13411 scontext=u:r:platform_app:s0:c512,c768 tcontext=u:object_r:qemu_sf_lcd_density_prop:s0 tclass=file permissive=1
02-26 16:54:05.836  1073  1073 I lmkd    : type=1400 audit(0.0:2140): avc: denied { write } for name="oom_score_adj" dev="proc" ino=17836 scontext=u:r:init:s0 tcontext=u:r:platform_app:s0:c512,c768 tclass=file permissive=1
02-26 16:54:05.839  1313  1313 I android.bg: type=1400 audit(0.0:2141): avc: denied { map_read } for scontext=u:r:system_server:s0 tcontext=u:r:init:s0 tclass=bpf permissive=1
02-26 16:54:05.839  1180  1180 I iptables-restor: type=1400 audit(0.0:2142): avc: denied { create } for scontext=u:r:init:s0 tcontext=u:r:init:s0 tclass=rawip_socket permissive=1
02-26 16:54:05.839  1180  1180 I iptables-restor: type=1400 audit(0.0:2143): avc: denied { getopt } for lport=255 scontext=u:r:init:s0 tcontext=u:r:init:s0 tclass=rawip_socket permissive=1
02-26 16:54:05.843  1863  1863 D CompatibilityChangeReporter: Compat change id reported: 171979766; UID 10033; state: DISABLED
02-26 16:54:05.843  1313  1341 W BestClock: java.time.DateTimeException: Missing NTP fix
02-26 16:54:05.843  1313  1415 W BestClock: java.time.DateTimeException: Missing NTP fix
02-26 16:54:05.843  1313  1415 W BestClock: java.time.DateTimeException: Missing NTP fix
02-26 16:54:05.844  1313  1415 W BestClock: java.time.DateTimeException: Missing NTP fix
02-26 16:54:05.844  1313  1415 W BestClock: java.time.DateTimeException: Missing NTP fix
02-26 16:54:05.844  1313  1415 W BestClock: java.time.DateTimeException: Missing NTP fix
02-26 16:54:05.839  1845  1845 I webview_zygote: type=1400 audit(0.0:2144): avc: denied { execute } for path="/system/product/app/webview/webview.apk" dev="sda6" ino=4003 scontext=u:r:webview_zygote:s0 tcontext=u:object_r:unlabeled:s0 tclass=file permissive=1
02-26 16:54:05.844  1313  1415 W BestClock: java.time.DateTimeException: Missing NTP fix
02-26 16:54:05.844  1313  1415 W BestClock: java.time.DateTimeException: Missing NTP fix
02-26 16:54:05.844  1313  1341 D CountryDetector: Using custom country detector class: com.android.server.location.ComprehensiveCountryDetector
02-26 16:54:05.844  1313  1341 E CountryDetector: Could not instantiate the custom country detector class
02-26 16:54:05.844  1313  1341 D CountryDetector: Using default country detector
02-26 16:54:05.844  1313  1415 W BestClock: java.time.DateTimeException: Missing NTP fix
02-26 16:54:05.844  1313  1415 W BestClock: java.time.DateTimeException: Missing NTP fix
02-26 16:54:05.844  1313  1415 W BestClock: java.time.DateTimeException: Missing NTP fix
02-26 16:54:05.844  1313  1415 W BestClock: java.time.DateTimeException: Missing NTP fix
02-26 16:54:05.845  1313  1341 W ActivityManager: callingPackage:android, packageName:com.android.keychain, name:com.android.keychain.KeyChainService, isSkip: true
02-26 16:54:05.845  1313  1415 W BestClock: java.time.DateTimeException: Missing NTP fix
02-26 16:54:05.845  1313  1415 W BestClock: java.time.DateTimeException: Missing NTP fix
02-26 16:54:05.845  1313  1415 W BestClock: java.time.DateTimeException: Missing NTP fix
02-26 16:54:05.845  1313  1415 W BestClock: java.time.DateTimeException: Missing NTP fix
02-26 16:54:05.845  1313  1415 W BestClock: java.time.DateTimeException: Missing NTP fix
02-26 16:54:05.845  1313  1415 W BestClock: java.time.DateTimeException: Missing NTP fix
02-26 16:54:05.845  1313  1415 W BestClock: java.time.DateTimeException: Missing NTP fix
02-26 16:54:05.845  1313  1415 W BestClock: java.time.DateTimeException: Missing NTP fix
02-26 16:54:05.845  1313  1341 E ActivityManager: Failure starting process com.android.keychain
02-26 16:54:05.845  1313  1341 E ActivityManager: java.lang.SecurityException: Package com.android.keychain is not encryption aware!
02-26 16:54:05.845  1313  1341 E ActivityManager: 	at com.android.server.pm.PackageManagerService.checkPackageStartable(PackageManagerService.java:9191)
02-26 16:54:05.845  1313  1341 E ActivityManager: 	at com.android.server.am.ProcessList.startProcessLocked(ProcessList.java:1843)
02-26 16:54:05.845  1313  1341 E ActivityManager: 	at com.android.server.am.ProcessList.startProcessLocked(ProcessList.java:2489)
02-26 16:54:05.845  1313  1341 E ActivityManager: 	at com.android.server.am.ProcessList.startProcessLocked(ProcessList.java:2627)
02-26 16:54:05.845  1313  1341 E ActivityManager: 	at com.android.server.am.ActivityManagerService.startProcessLocked(ActivityManagerService.java:2721)
02-26 16:54:05.845  1313  1341 E ActivityManager: 	at com.android.server.am.ActiveServices.bringUpServiceLocked(ActiveServices.java:3873)
02-26 16:54:05.845  1313  1341 E ActivityManager: 	at com.android.server.am.ActiveServices.bindServiceLocked(ActiveServices.java:2820)
02-26 16:54:05.845  1313  1341 E ActivityManager: 	at com.android.server.am.ActivityManagerService.bindIsolatedService(ActivityManagerService.java:12168)
02-26 16:54:05.845  1313  1341 E ActivityManager: 	at android.app.ContextImpl.bindServiceCommon(ContextImpl.java:1995)
02-26 16:54:05.845  1313  1341 E ActivityManager: 	at android.app.ContextImpl.bindServiceAsUser(ContextImpl.java:1935)
02-26 16:54:05.845  1313  1341 E ActivityManager: 	at android.security.KeyChain.bindAsUser(KeyChain.java:1116)
02-26 16:54:05.845  1313  1341 E ActivityManager: 	at android.security.KeyChain.bindAsUser(KeyChain.java:1013)
02-26 16:54:05.845  1313  1341 E ActivityManager: 	at com.android.server.devicepolicy.DevicePolicyManagerService$Injector.keyChainBindAsUser(DevicePolicyManagerService.java:1707)
02-26 16:54:05.845  1313  1341 E ActivityManager: 	at com.android.server.devicepolicy.CertificateMonitor.getInstalledCaCertificates(CertificateMonitor.java:112)
02-26 16:54:05.845  1313  1341 E ActivityManager: 	at com.android.server.devicepolicy.CertificateMonitor.updateInstalledCertificates(CertificateMonitor.java:148)
02-26 16:54:05.845  1313  1341 E ActivityManager: 	at com.android.server.devicepolicy.CertificateMonitor.access$000(CertificateMonitor.java:51)
02-26 16:54:05.845  1313  1341 E ActivityManager: 	at com.android.server.devicepolicy.CertificateMonitor$1.onReceive(CertificateMonitor.java:136)
02-26 16:54:05.845  1313  1341 E ActivityManager: 	at android.app.LoadedApk$ReceiverDispatcher$Args.lambda$getRunnable$0$LoadedApk$ReceiverDispatcher$Args(LoadedApk.java:1679)
02-26 16:54:05.845  1313  1341 E ActivityManager: 	at android.app.LoadedApk$ReceiverDispatcher$Args$$ExternalSyntheticLambda0.run(Unknown Source:2)
02-26 16:54:05.845  1313  1341 E ActivityManager: 	at android.os.Handler.handleCallback(Handler.java:938)
02-26 16:54:05.845  1313  1341 E ActivityManager: 	at android.os.Handler.dispatchMessage(Handler.java:99)
02-26 16:54:05.845  1313  1341 E ActivityManager: 	at android.os.Looper.loopOnce(Looper.java:201)
02-26 16:54:05.845  1313  1341 E ActivityManager: 	at android.os.Looper.loop(Looper.java:288)
02-26 16:54:05.845  1313  1341 E ActivityManager: 	at android.os.HandlerThread.run(HandlerThread.java:67)
02-26 16:54:05.845  1313  1341 I ActivityManager: Force stopping com.android.keychain appid=1000 user=0: start failure
02-26 16:54:05.845  1863  1863 D NemuJavaHotPatchHelper: onHandleBindApplication reportedPackageName:android.ext.services isMatchJavaPatch:false
02-26 16:54:05.845  1863  1863 I Typeface: Preloading /system/fonts/Roboto-Regular.ttf
02-26 16:54:05.845  1313  1341 I ActivityManager:   Force stopping service ServiceRecord{edef48b u0 com.android.keychain/.KeyChainService}
02-26 16:54:05.846  1313  1362 W AppHibernationService: Attempt to call isHibernatingForUser before states have been read from disk
02-26 16:54:05.846  1313  1341 W ActivityManager: Unable to launch app com.android.keychain/1000 for service Intent { act=android.security.IKeyChainService cmp=com.android.keychain/.KeyChainService }: process is bad
02-26 16:54:05.846  1313  1341 E DevicePolicyManager: Could not retrieve certificates from KeyChain service for user 0
02-26 16:54:05.846  1313  1341 E DevicePolicyManager: java.lang.RuntimeException: java.lang.AssertionError: could not bind to KeyChainService
02-26 16:54:05.846  1313  1341 E DevicePolicyManager: 	at com.android.server.devicepolicy.CertificateMonitor.getInstalledCaCertificates(CertificateMonitor.java:118)
02-26 16:54:05.846  1313  1341 E DevicePolicyManager: 	at com.android.server.devicepolicy.CertificateMonitor.updateInstalledCertificates(CertificateMonitor.java:148)
02-26 16:54:05.846  1313  1341 E DevicePolicyManager: 	at com.android.server.devicepolicy.CertificateMonitor.access$000(CertificateMonitor.java:51)
02-26 16:54:05.846  1313  1341 E DevicePolicyManager: 	at com.android.server.devicepolicy.CertificateMonitor$1.onReceive(CertificateMonitor.java:136)
02-26 16:54:05.846  1313  1341 E DevicePolicyManager: 	at android.app.LoadedApk$ReceiverDispatcher$Args.lambda$getRunnable$0$LoadedApk$ReceiverDispatcher$Args(LoadedApk.java:1679)
02-26 16:54:05.846  1313  1341 E DevicePolicyManager: 	at android.app.LoadedApk$ReceiverDispatcher$Args$$ExternalSyntheticLambda0.run(Unknown Source:2)
02-26 16:54:05.846  1313  1341 E DevicePolicyManager: 	at android.os.Handler.handleCallback(Handler.java:938)
02-26 16:54:05.846  1313  1341 E DevicePolicyManager: 	at android.os.Handler.dispatchMessage(Handler.java:99)
02-26 16:54:05.846  1313  1341 E DevicePolicyManager: 	at android.os.Looper.loopOnce(Looper.java:201)
02-26 16:54:05.846  1313  1341 E DevicePolicyManager: 	at android.os.Looper.loop(Looper.java:288)
02-26 16:54:05.846  1313  1341 E DevicePolicyManager: 	at android.os.HandlerThread.run(HandlerThread.java:67)
02-26 16:54:05.846  1313  1341 E DevicePolicyManager: Caused by: java.lang.AssertionError: could not bind to KeyChainService
02-26 16:54:05.846  1313  1341 E DevicePolicyManager: 	at android.security.KeyChain.bindAsUser(KeyChain.java:1120)
02-26 16:54:05.846  1313  1341 E DevicePolicyManager: 	at android.security.KeyChain.bindAsUser(KeyChain.java:1013)
02-26 16:54:05.846  1313  1341 E DevicePolicyManager: 	at com.android.server.devicepolicy.DevicePolicyManagerService$Injector.keyChainBindAsUser(DevicePolicyManagerService.java:1707)
02-26 16:54:05.846  1313  1341 E DevicePolicyManager: 	at com.android.server.devicepolicy.CertificateMonitor.getInstalledCaCertificates(CertificateMonitor.java:112)
02-26 16:54:05.846  1313  1341 E DevicePolicyManager: 	... 10 more
02-26 16:54:05.846  1313  1333 I ActivityManager: Exiting empty application process 0:com.android.keychain/1000 (null)
02-26 16:54:05.847  1313  1341 D PinnerService: pinRangeStream: null
02-26 16:54:05.851  1313  1341 D PinnerService: pinRangeStream: null
02-26 16:54:05.846  1845  1845 I webview_zygote: type=1400 audit(0.0:2145): avc: denied { getattr } for path="/data/system/etc/mumu-configs/renderer.config" dev="sdc3" ino=4849874 scontext=u:r:webview_zygote:s0 tcontext=u:object_r:system_data_file:s0 tclass=file permissive=1
02-26 16:54:05.846  1845  1845 I webview_zygote: type=1400 audit(0.0:2146): avc: denied { read } for name="renderer.config" dev="sdc3" ino=4849874 scontext=u:r:webview_zygote:s0 tcontext=u:object_r:system_data_file:s0 tclass=file permissive=1
02-26 16:54:05.846  1845  1845 I webview_zygote: type=1400 audit(0.0:2147): avc: denied { open } for path="/data/system/etc/mumu-configs/renderer.config" dev="sdc3" ino=4849874 scontext=u:r:webview_zygote:s0 tcontext=u:object_r:system_data_file:s0 tclass=file permissive=1
02-26 16:54:05.851  1313  1341 D PinnerService: pinRangeStream: null
02-26 16:54:05.849  1863  1863 I id.ext.services: type=1400 audit(0.0:2148): avc: denied { getattr } for path="/apex/com.android.extservices/priv-app/ExtServices/ExtServices.apk" dev="sda6" ino=211 scontext=u:r:platform_app:s0:c512,c768 tcontext=u:object_r:unlabeled:s0 tclass=file permissive=1
02-26 16:54:05.849  1863  1863 I id.ext.services: type=1400 audit(0.0:2149): avc: denied { read } for name="ExtServices.apk" dev="sda6" ino=211 scontext=u:r:platform_app:s0:c512,c768 tcontext=u:object_r:unlabeled:s0 tclass=file permissive=1
02-26 16:54:05.849  1863  1863 I id.ext.services: type=1400 audit(0.0:2150): avc: denied { open } for path="/apex/com.android.extservices/priv-app/ExtServices/ExtServices.apk" dev="sda6" ino=211 scontext=u:r:platform_app:s0:c512,c768 tcontext=u:object_r:unlabeled:s0 tclass=file permissive=1
02-26 16:54:05.849  1863  1863 I id.ext.services: type=1400 audit(0.0:2151): avc: denied { map } for path="/apex/com.android.extservices/priv-app/ExtServices/ExtServices.apk" dev="sda6" ino=211 scontext=u:r:platform_app:s0:c512,c768 tcontext=u:object_r:unlabeled:s0 tclass=file permissive=1
02-26 16:54:05.852  1845  1845 I WebViewZygoteInit: Application preload done
02-26 16:54:05.854  1503  1704 D gralloc_x86: gralloc_alloc: Creating ashmem region of size 151552
02-26 16:54:05.853  1863  1863 I id.ext.services: type=1400 audit(0.0:2152): avc: denied { execute } for path="/apex/com.android.tethering/lib64/libframework-connectivity-jni.so" dev="sda6" ino=540 scontext=u:r:platform_app:s0:c512,c768 tcontext=u:object_r:unlabeled:s0 tclass=file permissive=1
02-26 16:54:05.857  1863  1863 V GraphicsEnvironment: ANGLE Developer option for 'android.ext.services' set to: 'default'
02-26 16:54:05.857  1863  1863 V GraphicsEnvironment: ANGLE GameManagerService for android.ext.services: false
02-26 16:54:05.857  1863  1863 V GraphicsEnvironment: Neither updatable production driver nor prerelease driver is supported.
02-26 16:54:05.857  1863  1863 D NetworkSecurityConfig: No Network Security Config specified, using platform default
02-26 16:54:05.857  1863  1863 D NetworkSecurityConfig: No Network Security Config specified, using platform default
02-26 16:54:05.857  1503  1704 D gralloc_x86: gralloc_alloc: Creating ashmem region of size 151552
02-26 16:54:05.857  1503  1704 D gralloc_x86: gralloc_alloc: Creating ashmem region of size 323584
02-26 16:54:05.856  1503  1503 I RenderThread: type=1400 audit(0.0:2153): avc: denied { read write } for name="vaddress" dev="tmpfs" ino=14428 scontext=u:r:platform_app:s0:c512,c768 tcontext=u:object_r:device:s0 tclass=chr_file permissive=1 app=com.android.systemui
02-26 16:54:05.856  1503  1503 I RenderThread: type=1400 audit(0.0:2154): avc: denied { open } for path="/dev/vaddress" dev="tmpfs" ino=14428 scontext=u:r:platform_app:s0:c512,c768 tcontext=u:object_r:device:s0 tclass=chr_file permissive=1 app=com.android.systemui
02-26 16:54:05.856  1503  1503 I RenderThread: type=1400 audit(0.0:2155): avc: denied { map } for path="/dev/vaddress" dev="tmpfs" ino=14428 scontext=u:r:platform_app:s0:c512,c768 tcontext=u:object_r:device:s0 tclass=chr_file permissive=1 app=com.android.systemui
02-26 16:54:05.868  1503  1885 D gralloc_x86: gralloc_alloc: Creating ashmem region of size 323584
02-26 16:54:05.868  1313  1313 I ExplicitHealthCheckController: Explicit health check service is connected ComponentInfo{android.ext.services/android.ext.services.watchdog.ExplicitHealthCheckServiceImpl}
02-26 16:54:05.868  1313  1313 I ExplicitHealthCheckController: Service initialized, syncing requests
02-26 16:54:05.868  1313  1313 I PackageWatchdog: Syncing health check requests for packages: {}
02-26 16:54:05.868  1313  1313 D ExplicitHealthCheckController: Getting health check supported packages
02-26 16:54:05.868  1503  1885 D gralloc_x86: gralloc_alloc: Creating ashmem region of size 323584
02-26 16:54:05.868  1503  1704 D gralloc_x86: gralloc_alloc: Creating ashmem region of size 151552
02-26 16:54:05.869  1503  1503 W KeyguardUpdateMonitor: invalid subId in handleServiceStateChange()
02-26 16:54:05.866  1174  1174 I ImageManager: type=1400 audit(0.0:2156): avc: denied { read write } for name="vaddress" dev="tmpfs" ino=14428 scontext=u:r:init:s0 tcontext=u:object_r:device:s0 tclass=chr_file permissive=1
02-26 16:54:05.866  1174  1174 I ImageManager: type=1400 audit(0.0:2157): avc: denied { open } for path="/dev/vaddress" dev="tmpfs" ino=14428 scontext=u:r:init:s0 tcontext=u:object_r:device:s0 tclass=chr_file permissive=1
02-26 16:54:05.869  1630  1630 D Launcher.Workspace: setInsets: insets = Rect(0, 0 - 0, 0)
02-26 16:54:05.866  1313  1313 I Binder:1313_2: type=1400 audit(0.0:2158): avc: denied { connectto } for path="/dev/socket/property_service" scontext=u:r:system_server:s0 tcontext=u:r:kernel:s0 tclass=unix_stream_socket permissive=1
02-26 16:54:05.876  1174  1174 I ImageManager: type=1400 audit(0.0:2159): avc: denied { map } for path="/dev/vaddress" dev="tmpfs" ino=14428 scontext=u:r:init:s0 tcontext=u:object_r:device:s0 tclass=chr_file permissive=1
02-26 16:54:05.878  1313  1313 D BluetoothA2dp: Binding service...
02-26 16:54:05.878  1313  1313 E BluetoothA2dp: Could not bind to Bluetooth Service with Intent { act=android.bluetooth.IBluetoothA2dp }
02-26 16:54:05.894  1503  1704 D gralloc_x86: gralloc_alloc: Creating ashmem region of size 151552
02-26 16:54:05.895  1313  1313 V NotificationAssistants: 0 notification assistant service connected: ComponentInfo{android.ext.services/android.ext.services.notification.Assistant}
02-26 16:54:05.893  1073  1073 I lmkd    : type=1400 audit(0.0:2160): avc: denied { write } for name="oom_score_adj" dev="proc" ino=17836 scontext=u:r:init:s0 tcontext=u:r:platform_app:s0:c512,c768 tclass=file permissive=1
02-26 16:54:05.896  1313  1626 I ExplicitHealthCheckController: Explicit health check supported packages [PackageConfig{com.android.networkstack, 86400000}]
02-26 16:54:05.896  1313  1626 D PackageWatchdog: Received supported packages [PackageConfig{com.android.networkstack, 86400000}]
02-26 16:54:05.896  1313  1626 D ExplicitHealthCheckController: Getting health check requested packages
02-26 16:54:05.893  1503  1503 I RenderThread: type=1400 audit(0.0:2161): avc: denied { use } for path="/dev/ashmem46eccec4-ce1f-4e4f-9d21-cab1f0d666d4" dev="tmpfs" ino=11456 scontext=u:r:init:s0 tcontext=u:r:platform_app:s0:c512,c768 tclass=fd permissive=1 app=com.android.systemui
02-26 16:54:05.896  1313  1328 I ExplicitHealthCheckController: Explicit health check requested packages []
02-26 16:54:05.896  1313  1328 I ExplicitHealthCheckController: No more health check requests, unbinding...
02-26 16:54:05.896  1503  1704 D gralloc_x86: gralloc_alloc: Creating ashmem region of size 151552
02-26 16:54:05.896  1313  1328 I ExplicitHealthCheckController: Explicit health check service is unbound
02-26 16:54:05.896  1503  1704 D gralloc_x86: gralloc_alloc: Creating ashmem region of size 151552
02-26 16:54:05.898  1503  1503 V WallpaperService: Setting wallpaper dimming: 0
02-26 16:54:05.914  1503  1749 D EglHelper: createEglContext start
02-26 16:54:05.914  1503  1503 D Tonal   : Tonal Palette - index: 3. Main color: ff263139
02-26 16:54:05.914  1503  1503 D Tonal   : Colors: ff050708, ff101417, ff1a2127, ff263139, ff354650, ff445667, ff546a7d, ff83898e, ff889ab0, ff9ba9bc, ffb0bacb, ffcfd5df, ffe4e8ed
02-26 16:54:05.914  1503  1503 D Tonal   : Gradients: 
02-26 16:54:05.914  1503  1503 D Tonal   : 	Normal GradientColors(ff263139, ff263139)
02-26 16:54:05.914  1503  1503 D Tonal   : 	Dark GradientColors(ff263139, ff263139)
02-26 16:54:05.914  1503  1503 D Tonal   : 	Extra dark: GradientColors(ff1a2127, ff1a2127)
02-26 16:54:05.914  1503  1503 D Tonal   : Tonal Palette - index: 3. Main color: ff263139
02-26 16:54:05.914  1503  1503 D Tonal   : Colors: ff050708, ff101417, ff1a2127, ff263139, ff354650, ff445667, ff546a7d, ff83898e, ff889ab0, ff9ba9bc, ffb0bacb, ffcfd5df, ffe4e8ed
02-26 16:54:05.914  1503  1503 D Tonal   : Gradients: 
02-26 16:54:05.914  1503  1503 D Tonal   : 	Normal GradientColors(ff263139, ff263139)
02-26 16:54:05.914  1503  1503 D Tonal   : 	Dark GradientColors(ff263139, ff263139)
02-26 16:54:05.914  1503  1503 D Tonal   : 	Extra dark: GradientColors(ff1a2127, ff1a2127)
02-26 16:54:05.914  1503  1749 D EglHelper: createEglContext done
02-26 16:54:05.914  1503  1749 D EglHelper: createEglSurface start
02-26 16:54:05.914  1503  1749 D gralloc_x86: gralloc_alloc: Creating ashmem region of size 8298496
02-26 16:54:05.917  1503  1749 D EglHelper: createEglSurface done
02-26 16:54:05.923  1503  1503 D QSTileHost: Recreating tiles
02-26 16:54:05.924  1503  1503 D QSTileHost: Creating tile: internet
02-26 16:54:05.925  1503  1503 D QSTileHost: Creating tile: airplane
02-26 16:54:05.926  1503  1732 D ControlsListingControllerImpl: Unsubscribing callback
02-26 16:54:05.932  1503  1503 D ControlsFavoritePersistenceWrapper: No favorites, returning empty list
02-26 16:54:05.932  1503  1732 D ControlsListingControllerImpl: Subscribing callback, service count: 0
02-26 16:54:05.932  1503  1503 I WalletControllerImpl: Setting WalletTile position: null
02-26 16:54:05.932  1503  1732 D ControlsListingControllerImpl: Subscribing callback, service count: 0
02-26 16:54:05.980  1503  1749 D gralloc_x86: gralloc_alloc: Creating ashmem region of size 8298496
02-26 16:54:05.988  1503  1503 W DepthController: Invalid qs expansion
02-26 16:54:06.005  1503  1503 D ThemeOverlayController: Boot colors: [WallpaperColors: ff263139 ff383e40 h: 6]
02-26 16:54:06.012  1503  1503 D ThemeOverlayController: fetched overlays. accent: android.content.om.FabricatedOverlay@5bfbaca neutral: android.content.om.FabricatedOverlay@fc8443b
02-26 16:54:06.012  1503  1503 D ThemeOverlayController: updateThemeOverlays. Setting: null
02-26 16:54:06.012  1503  1503 D ThemeOverlayController: Applying overlays: android.theme.customization.system_palette -> com.android.systemui:neutral, android.theme.customization.accent_color -> com.android.systemui:accent
02-26 16:54:06.012  1503  1503 V ShadeControllerImpl: NotificationShadeWindow: com.android.systemui.statusbar.phone.NotificationShadeWindowView{8d45a21 I.E...... ......ID 0,0-1920,1080} canPanelBeCollapsed(): false
02-26 16:54:06.013  1182  1225 W idmap2d : failed to parse idmap header of '/data/resource-cache/data@resource-cache@com.android.systemui-accent-yNMR.frro@idmap'
02-26 16:54:06.016  1182  1225 W idmap2d : failed to parse idmap header of '/data/resource-cache/data@resource-cache@com.android.systemui-neutral-905F.frro@idmap'
02-26 16:54:06.016  1313  1342 W BroadcastQueue: Background execution not allowed: receiving Intent { act=android.intent.action.USER_PRESENT flg=0x24200010 } to com.netease.nemu_vapi_android.nemu/com.netease.nemu_vapi_android.receiver.LaunchReceiver
02-26 16:54:06.013  1091  1091 I Binder:1091_2: type=1400 audit(0.0:2162): avc: denied { read write } for name="vpnprofilestore.sqlite" dev="sdc3" ino=1704164 scontext=u:r:init:s0 tcontext=u:object_r:keystore_data_file:s0 tclass=file permissive=1
02-26 16:54:06.013  1091  1091 I Binder:1091_2: type=1400 audit(0.0:2163): avc: denied { open } for path="/data/misc/keystore/vpnprofilestore.sqlite" dev="sdc3" ino=1704164 scontext=u:r:init:s0 tcontext=u:object_r:keystore_data_file:s0 tclass=file permissive=1
02-26 16:54:06.013  1091  1091 I Binder:1091_2: type=1400 audit(0.0:2164): avc: denied { ioctl } for path="/data/misc/keystore/vpnprofilestore.sqlite" dev="sdc3" ino=1704164 ioctlcmd=0xf50c scontext=u:r:init:s0 tcontext=u:object_r:keystore_data_file:s0 tclass=file permissive=1
02-26 16:54:06.013  1091  1091 I Binder:1091_2: type=1400 audit(0.0:2165): avc: denied { lock } for path="/data/misc/keystore/vpnprofilestore.sqlite" dev="sdc3" ino=1704164 scontext=u:r:init:s0 tcontext=u:object_r:keystore_data_file:s0 tclass=file permissive=1
02-26 16:54:06.017  1503  1503 W DepthController: Invalid qs expansion
02-26 16:54:06.018  1503  1503 D StatusBar: updateQsExpansionEnabled - QS Expand enabled: true
02-26 16:54:06.016     1     1 I init    : type=1400 audit(0.0:2166): avc: denied { compute_av } for scontext=u:r:kernel:s0 tcontext=u:object_r:kernel:s0 tclass=security permissive=1
02-26 16:54:06.019  1313  1333 I WindowManager: ******* TELLING SURFACE FLINGER WE ARE BOOTED!
02-26 16:54:06.019  1174  1244 I SurfaceFlinger: Boot is finished (1593 ms)
02-26 16:54:06.019  1074  1074 E SELinux : avc:  denied  { find } for pid=1174 uid=1000 name=window scontext=u:r:init:s0 tcontext=u:object_r:window_service:s0 tclass=service_manager permissive=1
02-26 16:54:06.016  1174  1174 I Binder:1174_2: type=1400 audit(0.0:2167): avc: denied { connectto } for path="/dev/socket/property_service" scontext=u:r:init:s0 tcontext=u:r:kernel:s0 tclass=unix_stream_socket permissive=1
02-26 16:54:06.019  1074  1074 E SELinux : avc:  denied  { find } for pid=1174 uid=1000 name=inputflinger scontext=u:r:init:s0 tcontext=u:object_r:inputflinger_service:s0 tclass=service_manager permissive=1
02-26 16:54:06.016  1174  1174 I Binder:1174_2: type=1400 audit(0.0:2168): avc: denied { write } for name="traced_producer" dev="tmpfs" ino=14333 scontext=u:r:init:s0 tcontext=u:object_r:traced_producer_socket:s0 tclass=sock_file permissive=1
02-26 16:54:06.020  1313  1333 I ActivityManagerTiming: FinishBooting
02-26 16:54:06.020  1149  1149 W Zygote  : forkRepeatedly terminated due to non-simple command
02-26 16:54:06.020  1149  1149 D Zygote  : mbuffer starts with 1 , nice name is , mEnd = 19, mNext = 19, mLinesLeft = 0, mFd = 5
02-26 16:54:06.016  1149  1149 I main    : type=1400 audit(0.0:2169): avc: denied { sendto } for path="/dev/socket/logdw" scontext=u:r:zygote:s0 tcontext=u:r:init:s0 tclass=unix_dgram_socket permissive=1
02-26 16:54:06.021  1313  1333 I ActivityManager: About to commit checkpoint
02-26 16:54:06.021  1591  1591 W System  : ClassLoader referenced unknown path: 
02-26 16:54:06.016  1630  1630 I m.mumu.launcher: type=1400 audit(0.0:2170): avc: denied { search } for name="/" dev="sda6" ino=2 scontext=u:r:system_app:s0 tcontext=u:object_r:unlabeled:s0 tclass=dir permissive=1
02-26 16:54:06.016  1630  1630 I m.mumu.launcher: type=1400 audit(0.0:2171): avc: denied { getattr } for path="/system/priv-app/com.mumu.launcher_new/com.mumu.launcher_new.apk" dev="sda6" ino=3976 scontext=u:r:system_app:s0 tcontext=u:object_r:unlabeled:s0 tclass=file permissive=1
02-26 16:54:06.016  1591  1591 I rkstack.process: type=1400 audit(0.0:2172): avc: denied { search } for name="/" dev="sda6" ino=2 scontext=u:r:network_stack:s0 tcontext=u:object_r:unlabeled:s0 tclass=dir permissive=1
02-26 16:54:06.016  1591  1591 I rkstack.process: type=1400 audit(0.0:2173): avc: denied { getattr } for path="/system/priv-app/NetworkStack/NetworkStack.apk" dev="sda6" ino=3956 scontext=u:r:network_stack:s0 tcontext=u:object_r:unlabeled:s0 tclass=file permissive=1
02-26 16:54:06.016  1591  1591 I rkstack.process: type=1400 audit(0.0:2174): avc: denied { sendto } for path="/dev/socket/logdw" scontext=u:r:network_stack:s0 tcontext=u:r:init:s0 tclass=unix_dgram_socket permissive=1
02-26 16:54:06.016  1591  1591 I rkstack.process: type=1400 audit(0.0:2175): avc: denied { getattr } for path="/system/lib64" dev="sda6" ino=3031 scontext=u:r:network_stack:s0 tcontext=u:object_r:unlabeled:s0 tclass=dir permissive=1
02-26 16:54:06.021  1313  1330 W ActivityTaskManager: updateGlobalConfigurationLocked 80000000
02-26 16:54:06.021  1313  1333 I SystemServiceManager: Starting phase 1000
02-26 16:54:06.021  1313  1333 I ActivityManagerTiming: OnBootPhase_1000
02-26 16:54:06.021  1313  1333 I ActivityManagerTiming: OnBootPhase_1000_com.android.server.security.FileIntegrityService
02-26 16:54:06.021  1313  1333 I ActivityManagerTiming: OnBootPhase_1000_com.android.server.pm.Installer
02-26 16:54:06.021  1313  1333 I ActivityManagerTiming: OnBootPhase_1000_com.android.server.os.DeviceIdentifiersPolicyService
02-26 16:54:06.021  1313  1333 I ActivityManagerTiming: OnBootPhase_1000_com.android.server.uri.UriGrantsManagerService$Lifecycle
02-26 16:54:06.021  1313  1333 I ActivityManagerTiming: OnBootPhase_1000_com.android.server.powerstats.PowerStatsService
02-26 16:54:06.021  1313  1330 I ActivityTaskManager: Config changes=80000000 {1.0 ?mcc?mnc [zh_CN] ldltr sw617dp w1097dp h593dp 280dpi lrg long land finger -keyb/v/v dpad/v winConfig={ mBounds=Rect(0, 0 - 1920, 1080) mAppBounds=Rect(0, 0 - 1920, 1080) mMaxBounds=Rect(0, 0 - 1920, 1080) mWindowingMode=fullscreen mDisplayWindowingMode=fullscreen mActivityType=undefined mAlwaysOnTop=undefined mRotation=ROTATION_90} as.2 s.13 fontWeightAdjustment=0}
02-26 16:54:06.016  1863  1863 I id.ext.services: type=1400 audit(0.0:2176): avc: denied { search } for name="com.android.extservices" dev="sda6" ino=206 scontext=u:r:platform_app:s0:c512,c768 tcontext=u:object_r:unlabeled:s0 tclass=dir permissive=1
02-26 16:54:06.022  1313  1330 I WindowManager: Override config changes=80000000 {1.0 ?mcc?mnc [zh_CN] ldltr sw617dp w1097dp h593dp 280dpi lrg long land finger -keyb/v/v dpad/v winConfig={ mBounds=Rect(0, 0 - 1920, 1080) mAppBounds=Rect(0, 0 - 1920, 1080) mMaxBounds=Rect(0, 0 - 1920, 1080) mWindowingMode=fullscreen mDisplayWindowingMode=fullscreen mActivityType=undefined mAlwaysOnTop=undefined mRotation=ROTATION_90} as.2 s.13 fontWeightAdjustment=0} for displayId=0
02-26 16:54:06.024  1313  1333 W PowerStatsService: Error getting rail info
02-26 16:54:06.024  1313  1333 I ActivityManagerTiming: OnBootPhase_1000_com.android.server.wm.ActivityTaskManagerService$Lifecycle
02-26 16:54:06.024  1313  1333 I ActivityManagerTiming: OnBootPhase_1000_com.android.server.am.ActivityManagerService$Lifecycle
02-26 16:54:06.024  1313  1333 I ActivityManagerTiming: OnBootPhase_1000_com.android.server.pm.DataLoaderManagerService
02-26 16:54:06.024  1313  1333 I ActivityManagerTiming: OnBootPhase_1000_com.android.server.power.PowerManagerService
02-26 16:54:06.024  1313  1333 I ActivityManagerTiming: OnBootPhase_1000_com.android.server.power.ThermalManagerService
02-26 16:54:06.024  1313  1333 I ActivityManagerTiming: OnBootPhase_1000_com.android.server.power.hint.HintManagerService
02-26 16:54:06.024  1313  1333 I ActivityManagerTiming: OnBootPhase_1000_com.android.server.recoverysystem.RecoverySystemService$Lifecycle
02-26 16:54:06.024  1313  1333 I ActivityManagerTiming: OnBootPhase_1000_com.android.server.lights.LightsService
02-26 16:54:06.024  1313  1333 I ActivityManagerTiming: OnBootPhase_1000_com.android.server.display.DisplayManagerService
02-26 16:54:06.024  1313  1333 I ActivityManagerTiming: OnBootPhase_1000_com.android.server.pm.verify.domain.DomainVerificationService
02-26 16:54:06.024  1313  1333 I ActivityManagerTiming: OnBootPhase_1000_com.android.server.pm.PackageInstallerService$Lifecycle
02-26 16:54:06.024  1313  1333 I ActivityManagerTiming: OnBootPhase_1000_com.android.server.pm.UserManagerService$LifeCycle
02-26 16:54:06.024  1313  1333 I ActivityManagerTiming: OnBootPhase_1000_com.android.server.om.OverlayManagerService
02-26 16:54:06.024  1313  1333 I ActivityManagerTiming: OnBootPhase_1000_com.android.server.SensorPrivacyService
02-26 16:54:06.024  1313  1333 I ActivityManagerTiming: OnBootPhase_1000_com.android.server.sensors.SensorService
02-26 16:54:06.024  1313  1333 I ActivityManagerTiming: OnBootPhase_1000_com.android.server.SystemConfigService
02-26 16:54:06.024  1313  1333 I ActivityManagerTiming: OnBootPhase_1000_com.android.server.BatteryService
02-26 16:54:06.024  1313  1333 I ActivityManagerTiming: OnBootPhase_1000_com.android.server.usage.UsageStatsService
02-26 16:54:06.025  1313  1333 I ActivityManagerTiming: OnBootPhase_1000_com.android.server.webkit.WebViewUpdateService
02-26 16:54:06.025  1313  1333 I ActivityManagerTiming: OnBootPhase_1000_com.android.server.CachedDeviceStateService
02-26 16:54:06.025  1313  1333 I ActivityManagerTiming: OnBootPhase_1000_com.android.server.BinderCallsStatsService$LifeCycle
02-26 16:54:06.025  1313  1333 I ActivityManagerTiming: OnBootPhase_1000_com.android.server.LooperStatsService$Lifecycle
02-26 16:54:06.025  1313  1333 I ActivityManagerTiming: OnBootPhase_1000_com.android.server.rollback.RollbackManagerService
02-26 16:54:06.025  1313  1333 I ActivityManagerTiming: OnBootPhase_1000_com.android.server.os.NativeTombstoneManagerService
02-26 16:54:06.025  1166  1166 E android.hardware.power.stats@1.0-service-mock: Failed to getEnergyData
02-26 16:54:06.025  1313  1333 I ActivityManagerTiming: OnBootPhase_1000_com.android.server.os.BugreportManagerService
02-26 16:54:06.025  1313  1333 I ActivityManagerTiming: OnBootPhase_1000_com.android.server.gpu.GpuService
02-26 16:54:06.025  1313  1333 I ActivityManagerTiming: OnBootPhase_1000_com.android.server.security.KeyChainSystemService
02-26 16:54:06.025  1313  1333 I ActivityManagerTiming: OnBootPhase_1000_com.android.server.telecom.TelecomLoaderService
02-26 16:54:06.025  1313  1333 I ActivityManagerTiming: OnBootPhase_1000_com.android.server.accounts.AccountManagerService$Lifecycle
02-26 16:54:06.025  1313  1333 I ActivityManagerTiming: OnBootPhase_1000_com.android.server.content.ContentService$Lifecycle
02-26 16:54:06.025  1313  1333 I ActivityManagerTiming: OnBootPhase_1000_com.android.server.DropBoxManagerService
02-26 16:54:06.025  1313  1333 I ActivityManagerTiming: OnBootPhase_1000_com.android.role.RoleService
02-26 16:54:06.025  1313  1333 I ActivityManagerTiming: OnBootPhase_1000_com.android.server.vibrator.VibratorManagerService$Lifecycle
02-26 16:54:06.025  1313  1333 I ActivityManagerTiming: OnBootPhase_1000_com.android.server.alarm.AlarmManagerService
02-26 16:54:06.025  1313  1333 I ActivityManagerTiming: OnBootPhase_1000_com.android.server.devicestate.DeviceStateManagerService
02-26 16:54:06.025  1313  1333 I ActivityManagerTiming: OnBootPhase_1000_com.android.server.camera.CameraServiceProxy
02-26 16:54:06.025  1313  1355 V DisplayPowerController[0]: Brightness [0.39763778] reason changing to: 'manual', previous reason: 'override'.
02-26 16:54:06.025  1313  1387 D RollbackManager: mRollbackLifetimeDurationInMillis=1209600000
02-26 16:54:06.025  1313  1385 D AppStandbyController: Loading headless system app cache. appIdleEnabled=false
02-26 16:54:06.026  1503  1503 E OverviewProxyService: Failed to get overview proxy for screen turned on event.
02-26 16:54:06.026  1313  1333 I ActivityManagerTiming: OnBootPhase_1000_com.android.server.BluetoothService
02-26 16:54:06.026  1313  1333 I ActivityManagerTiming: OnBootPhase_1000_com.android.server.connectivity.IpConnectivityMetrics
02-26 16:54:06.026  1313  1333 I ActivityManagerTiming: OnBootPhase_1000_com.android.server.PinnerService
02-26 16:54:06.026  1313  1333 I ActivityManagerTiming: OnBootPhase_1000_com.google.android.startop.iorap.IorapForwardingService
02-26 16:54:06.026  1313  1333 I ActivityManagerTiming: OnBootPhase_1000_com.android.server.integrity.AppIntegrityManagerService
02-26 16:54:06.026  1313  1333 I ActivityManagerTiming: OnBootPhase_1000_com.android.server.inputmethod.InputMethodManagerService$Lifecycle
02-26 16:54:06.026  1313  1333 I ActivityManagerTiming: OnBootPhase_1000_com.android.server.accessibility.AccessibilityManagerService$Lifecycle
02-26 16:54:06.026  1313  1333 I ActivityManagerTiming: OnBootPhase_1000_com.android.server.StorageManagerService$Lifecycle
02-26 16:54:06.026  1313  1333 I ActivityManagerTiming: OnBootPhase_1000_com.android.server.usage.StorageStatsService$Lifecycle
02-26 16:54:06.026  1313  1333 I ActivityManagerTiming: OnBootPhase_1000_com.android.server.UiModeManagerService
02-26 16:54:06.026  1313  1333 I ActivityManagerTiming: OnBootPhase_1000_com.android.server.locksettings.LockSettingsService$Lifecycle
02-26 16:54:06.026  1313  1333 I ActivityManagerTiming: OnBootPhase_1000_com.android.server.testharness.TestHarnessModeService
02-26 16:54:06.026  1313  1333 D TestHarnessModeService: Completing Test Harness Mode setup.
02-26 16:54:06.026  1313  1333 D TestHarnessModeService: Getting PersistentDataBlockManagerInternal from LocalServices
02-26 16:54:06.026  1313  1333 E TestHarnessModeService: Failed to start Test Harness Mode; no implementation of PersistentDataBlockManagerInternal was bound!
02-26 16:54:06.026  1313  1333 I ActivityManagerTiming: OnBootPhase_1000_com.android.server.DeviceIdleController
02-26 16:54:06.026  1313  1333 I ActivityManagerTiming: OnBootPhase_1000_com.android.server.devicepolicy.DevicePolicyManagerService$Lifecycle
02-26 16:54:06.026  1313  1333 I ActivityManagerTiming: OnBootPhase_1000_com.android.server.texttospeech.TextToSpeechManagerService
02-26 16:54:06.026  1313  1333 I ActivityManagerTiming: OnBootPhase_1000_com.android.server.speech.SpeechRecognitionManagerService
02-26 16:54:06.026  1313  1333 I ActivityManagerTiming: OnBootPhase_1000_com.android.server.searchui.SearchUiManagerService
02-26 16:54:06.026  1313  1333 I ActivityManagerTiming: OnBootPhase_1000_com.android.server.smartspace.SmartspaceManagerService
02-26 16:54:06.026  1313  1333 I ActivityManagerTiming: OnBootPhase_1000_com.android.server.graphics.fonts.FontManagerService$Lifecycle
02-26 16:54:06.026  1313  1333 I ActivityManagerTiming: OnBootPhase_1000_com.android.server.textservices.TextServicesManagerService$Lifecycle
02-26 16:54:06.026  1313  1333 I ActivityManagerTiming: OnBootPhase_1000_com.android.server.textclassifier.TextClassificationManagerService$Lifecycle
02-26 16:54:06.026  1313  1333 I ActivityManagerTiming: OnBootPhase_1000_com.android.server.NetworkScoreService$Lifecycle
02-26 16:54:06.026  1313  1333 I ActivityManagerTiming: OnBootPhase_1000_com.android.server.wifi.WifiService
02-26 16:54:06.026  1313  1333 I ActivityManagerTiming: OnBootPhase_1000_com.android.server.wifi.scanner.WifiScanningService
02-26 16:54:06.026  1313  1333 I ActivityManagerTiming: OnBootPhase_1000_com.android.server.ethernet.EthernetService
02-26 16:54:06.026  1313  1333 I ActivityManagerTiming: OnBootPhase_1000_com.android.server.ConnectivityServiceInitializer
02-26 16:54:06.026  1313  1333 I ActivityManagerTiming: OnBootPhase_1000_com.android.server.notification.NotificationManagerService
02-26 16:54:06.026  1313  1333 I ActivityManagerTiming: OnBootPhase_1000_com.android.server.storage.DeviceStorageMonitorService
02-26 16:54:06.026  1313  1333 I ActivityManagerTiming: OnBootPhase_1000_com.android.server.location.LocationManagerService$Lifecycle
02-26 16:54:06.026  1313  1333 I ActivityManagerTiming: OnBootPhase_1000_com.android.server.timedetector.TimeDetectorService$Lifecycle
02-26 16:54:06.026  1313  1333 I ActivityManagerTiming: OnBootPhase_1000_com.android.server.timezonedetector.TimeZoneDetectorService$Lifecycle
02-26 16:54:06.026  1313  1333 I ActivityManagerTiming: OnBootPhase_1000_com.android.server.timezonedetector.location.LocationTimeZoneManagerService$Lifecycle
02-26 16:54:06.026  1313  1417 D WifiService: Handle boot completed
02-26 16:54:06.026  1313  1333 I ActivityManagerTiming: OnBootPhase_1000_com.android.server.search.SearchManagerService$Lifecycle
02-26 16:54:06.026  1313  1330 D CompanionDeviceManagerService: onPackageModified(packageName = android)
