--------- beginning of system
02-26 16:54:03.947  1083  1083 I vold    : Vold 3.0 (the awakening) firing up
02-26 16:54:03.947  1083  1083 D vold    : Detected support for: ext4 vfat
02-26 16:54:03.947  1083  1083 E vold    : Failed to open device-mapper: No such file or directory
02-26 16:54:03.947  1083  1083 E vold    : DM_LIST_DEVICES failed: Bad file descriptor
02-26 16:54:03.947  1083  1083 E vold    : Failed to get dm devices
02-26 16:54:03.948  1083  1083 I vold    : [libfs_mgr]ReadDefaultFstab(): failed to find device default fstab
02-26 16:54:03.948  1083  1083 E vold    : Failed to open default fstab: No such file or directory
02-26 16:54:03.948  1083  1083 E vold    : Error reading configuration... continuing anyways: No such file or directory
02-26 16:54:03.948  1083  1083 D vold    : VoldNativeService::start() completed OK
02-26 16:54:03.975  1083  1083 I Checkpoint: cp_prepareCheckpoint called
02-26 16:54:03.980  1083  1083 I incfs   : Initial API level of the device: 0
02-26 16:54:03.980  1083  1083 I incfs   : ro.incremental.enable: 
02-26 16:54:03.980  1083  1083 E incfs   : IncFs_Features: failed to open features dir, assuming v1/none.: No such file or directory
02-26 16:54:04.088  1083  1083 E vold    : keystore2 Keystore earlyBootEnded returned service specific error: -68
02-26 16:54:04.115  1083  1083 D vold    : fscrypt_init_user0
02-26 16:54:04.115  1083  1083 D vold    : fscrypt_prepare_user_storage for volume null, user 0, serial 0, flags 1
02-26 16:54:04.115  1083  1083 D vold    : Preparing: /data/system/users/0
02-26 16:54:04.115  1083  1083 D vold    : Preparing: /data/misc/profiles/cur/0
02-26 16:54:04.115  1083  1083 D vold    : Preparing: /data/system_de/0
02-26 16:54:04.115  1083  1083 D vold    : Preparing: /data/misc_de/0
02-26 16:54:04.115  1083  1083 D vold    : Preparing: /data/vendor_de/0
02-26 16:54:04.116  1083  1083 D vold    : Preparing: /data/user_de/0
02-26 16:54:04.116  1083  1083 D vold    : /system/bin/vold_prepare_subdirs
02-26 16:54:04.116  1083  1083 D vold    :     prepare
02-26 16:54:04.116  1083  1083 D vold    :     
02-26 16:54:04.116  1083  1083 D vold    :     0
02-26 16:54:04.116  1083  1083 D vold    :     1
02-26 16:54:04.119  1083  1083 D vold    : fscrypt_unlock_user_key 0 serial=0
02-26 16:54:04.361  1184  1184 I installd: installd firing up
02-26 16:54:04.368  1171  1171 I android.hardware.wifi@1.0-service: Wifi Hal is booting up...
02-26 16:54:04.375  1171  1171 I HidlServiceManagement: Registered android.hardware.wifi@1.5::IWifi/default
02-26 16:54:04.390  1204  1204 I wificond: wificond is starting up...
02-26 16:54:04.390  1204  1204 E wificond: Received error message: No such file or directory
02-26 16:54:04.390  1204  1204 E wificond: Failed to get NL80211 family info
02-26 16:54:04.390  1204  1204 E wificond: Failed to start netlink manager
02-26 16:54:04.390  1204  1204 E wificond: Received error message: No such file or directory
02-26 16:54:04.390  1204  1204 E wificond: Failed to get NL80211 family info
02-26 16:54:04.691  1204  1204 E wificond: Failed to poll netlink fd: time out 
02-26 16:54:04.691  1204  1204 E wificond: NL80211_CMD_GET_PROTOCOL_FEATURES failed
02-26 16:54:04.691  1204  1204 I wificond: player_uuid:b145c74d-fc8a-40d2-b0d2-6f7ca99ee0bb
02-26 16:54:04.691  1204  1204 I wificond: player_index:0
02-26 16:54:04.691  1204  1204 I wificond: get ssid:Xiaomi_f8c8bcb38d4f, md5_prefix: 0
02-26 16:54:04.691  1204  1204 I wificond: get bssid: 79:141:179188:200:248
02-26 16:54:04.691  1204  1204 E wificond: Received error message: No such file or directory
02-26 16:54:04.691  1204  1204 E wificond: Failed to get NL80211 family info
02-26 16:54:04.691  1204  1204 I HidlServiceManagement: Registered android.system.wifi.keystore@1.0::IKeystore/default
02-26 16:54:04.783  1313  1313 I SystemServerTiming: InitBeforeStartServices
02-26 16:54:04.785  1313  1313 I SystemServer: Entered the Android system server!
02-26 16:54:04.788  1313  1313 I SystemServerTiming: InitAndroidServers
02-26 16:54:04.841  1313  1313 I SystemServerTiming: InitZygoteChildHelpProfiling
02-26 16:54:04.841  1313  1313 I SystemServerTiming: PerformPendingShutdown
02-26 16:54:04.841  1313  1313 I SystemServerTiming: CreateSystemContext
02-26 16:54:04.850  1313  1313 I SystemServerTiming: InitMainLineModules
02-26 16:54:04.850  1313  1313 I SystemServerInitThreadPool: Creating instance with 6 threads
02-26 16:54:04.850  1313  1313 I SystemServerTiming: LoadPreInstalledSystemFontMap
02-26 16:54:04.851  1313  1313 I SystemServerTiming: StartServices
02-26 16:54:04.851  1313  1313 I SystemServerTiming: startBootstrapServices
02-26 16:54:04.851  1313  1313 I SystemServerTiming: StartWatchdog
02-26 16:54:04.852  1313  1313 I SystemServer: Reading configuration...
02-26 16:54:04.852  1313  1313 I SystemServerTiming: ReadingSystemConfig
02-26 16:54:04.852  1313  1313 I SystemServerTiming: PlatformCompat
02-26 16:54:04.852  1313  1337 I SystemServerTimingAsync: InitThreadPoolExec:ReadingSystemConfig
02-26 16:54:04.852  1313  1313 D CompatConfig: Found a config file: /system/etc/compatconfig/calendar-provider-compat-config.xml
02-26 16:54:04.852  1313  1337 I SystemConfig: Reading permissions from /system/etc/sysconfig/preinstalled-packages-platform.xml
02-26 16:54:04.852  1313  1313 D CompatConfig: Adding: com.android.server.compat.config.Change@373342d
02-26 16:54:04.852  1313  1313 D CompatConfig: Found a config file: /system/etc/compatconfig/icu4j-platform-compat-config.xml
02-26 16:54:04.853  1313  1337 I SystemConfig: Reading permissions from /system/etc/sysconfig/preinstalled-packages-com.android.providers.media.module.xml
02-26 16:54:04.853  1313  1313 D CompatConfig: Adding: com.android.server.compat.config.Change@bc217b0
02-26 16:54:04.853  1313  1337 I SystemConfig: Reading permissions from /system/etc/sysconfig/hiddenapi-package-whitelist.xml
02-26 16:54:04.853  1313  1313 D CompatConfig: Found a config file: /system/etc/compatconfig/framework-platform-compat-config.xml
02-26 16:54:04.853  1313  1337 I SystemConfig: Reading permissions from /system/etc/permissions/android.software.webview.xml
02-26 16:54:04.853  1313  1313 D CompatConfig: Adding: com.android.server.compat.config.Change@628fedc
02-26 16:54:04.853  1313  1313 D CompatConfig: Adding: com.android.server.compat.config.Change@334f6ba
02-26 16:54:04.853  1313  1313 D CompatConfig: Adding: com.android.server.compat.config.Change@e95e96b
02-26 16:54:04.853  1313  1313 D CompatConfig: Adding: com.android.server.compat.config.Change@6b52cc8
02-26 16:54:04.853  1313  1313 D CompatConfig: Adding: com.android.server.compat.config.Change@9793161
02-26 16:54:04.853  1313  1313 D CompatConfig: Adding: com.android.server.compat.config.Change@7abc486
02-26 16:54:04.853  1313  1313 D CompatConfig: Adding: com.android.server.compat.config.Change@fa7b147
02-26 16:54:04.853  1313  1313 D CompatConfig: Adding: com.android.server.compat.config.Change@d36829d
02-26 16:54:04.853  1313  1313 D CompatConfig: Adding: com.android.server.compat.config.Change@e6fa312
02-26 16:54:04.853  1313  1313 D CompatConfig: Adding: com.android.server.compat.config.Change@b241ae3
02-26 16:54:04.853  1313  1313 D CompatConfig: Adding: com.android.server.compat.config.Change@d22cce0
02-26 16:54:04.853  1313  1337 I SystemConfig: Reading permissions from /system/etc/permissions/android.hardware.wifi.xml
02-26 16:54:04.853  1313  1313 D CompatConfig: Adding: com.android.server.compat.config.Change@77dab99
02-26 16:54:04.853  1313  1313 D CompatConfig: Adding: com.android.server.compat.config.Change@c20de5e
02-26 16:54:04.853  1313  1313 D CompatConfig: Adding: com.android.server.compat.config.Change@873823f
02-26 16:54:04.853  1313  1313 D CompatConfig: Adding: com.android.server.compat.config.Change@697d70c
02-26 16:54:04.853  1313  1313 D CompatConfig: Adding: com.android.server.compat.config.Change@1746855
02-26 16:54:04.853  1313  1313 D CompatConfig: Adding: com.android.server.compat.config.Change@d18826a
02-26 16:54:04.853  1313  1313 D CompatConfig: Adding: com.android.server.compat.config.Change@328035b
02-26 16:54:04.853  1313  1313 D CompatConfig: Adding: com.android.server.compat.config.Change@c7157f8
02-26 16:54:04.853  1313  1313 D CompatConfig: Adding: com.android.server.compat.config.Change@6e034d1
02-26 16:54:04.853  1313  1313 D CompatConfig: Adding: com.android.server.compat.config.Change@8345b36
02-26 16:54:04.853  1313  1313 D CompatConfig: Adding: com.android.server.compat.config.Change@3d97a37
02-26 16:54:04.853  1313  1313 D CompatConfig: Adding: com.android.server.compat.config.Change@45ffba4
02-26 16:54:04.853  1313  1313 D CompatConfig: Adding: com.android.server.compat.config.Change@624d0d
02-26 16:54:04.853  1313  1313 D CompatConfig: Adding: com.android.server.compat.config.Change@262f4c2
02-26 16:54:04.853  1313  1313 D CompatConfig: Adding: com.android.server.compat.config.Change@ac182d3
02-26 16:54:04.853  1313  1313 D CompatConfig: Adding: com.android.server.compat.config.Change@c732e10
02-26 16:54:04.853  1313  1313 D CompatConfig: Adding: com.android.server.compat.config.Change@573ad09
02-26 16:54:04.853  1313  1313 D CompatConfig: Adding: com.android.server.compat.config.Change@eef9b0e
02-26 16:54:04.853  1313  1313 D CompatConfig: Adding: com.android.server.compat.config.Change@817792f
02-26 16:54:04.853  1313  1313 D CompatConfig: Adding: com.android.server.compat.config.Change@2451b3c
02-26 16:54:04.853  1313  1313 D CompatConfig: Adding: com.android.server.compat.config.Change@22110c5
02-26 16:54:04.853  1313  1313 D CompatConfig: Adding: com.android.server.compat.config.Change@88e5a1a
02-26 16:54:04.853  1313  1313 D CompatConfig: Adding: com.android.server.compat.config.Change@e2c794b
02-26 16:54:04.853  1313  1313 D CompatConfig: Adding: com.android.server.compat.config.Change@e6af28
02-26 16:54:04.853  1313  1313 D CompatConfig: Adding: com.android.server.compat.config.Change@c86f441
02-26 16:54:04.853  1313  1313 D CompatConfig: Adding: com.android.server.compat.config.Change@f27fde6
02-26 16:54:04.853  1313  1313 D CompatConfig: Adding: com.android.server.compat.config.Change@9475f27
02-26 16:54:04.853  1313  1313 D CompatConfig: Adding: com.android.server.compat.config.Change@18b95d4
02-26 16:54:04.853  1313  1313 D CompatConfig: Adding: com.android.server.compat.config.Change@60d937d
02-26 16:54:04.853  1313  1313 D CompatConfig: Adding: com.android.server.compat.config.Change@6661272
02-26 16:54:04.853  1313  1313 D CompatConfig: Adding: com.android.server.compat.config.Change@940c6c3
02-26 16:54:04.853  1313  1313 D CompatConfig: Adding: com.android.server.compat.config.Change@af63b40
02-26 16:54:04.853  1313  1313 D CompatConfig: Adding: com.android.server.compat.config.Change@464ea79
02-26 16:54:04.853  1313  1313 D CompatConfig: Adding: com.android.server.compat.config.Change@fee3be
02-26 16:54:04.853  1313  1313 D CompatConfig: Adding: com.android.server.compat.config.Change@8df0c1f
02-26 16:54:04.853  1313  1313 D CompatConfig: Adding: com.android.server.compat.config.Change@ba3cb6c
02-26 16:54:04.853  1313  1313 D CompatConfig: Adding: com.android.server.compat.config.Change@e40b535
02-26 16:54:04.853  1313  1313 D CompatConfig: Adding: com.android.server.compat.config.Change@4c17dca
02-26 16:54:04.853  1313  1313 D CompatConfig: Adding: com.android.server.compat.config.Change@ef24b3b
02-26 16:54:04.853  1313  1313 D CompatConfig: Adding: com.android.server.compat.config.Change@ab83258
02-26 16:54:04.853  1313  1313 D CompatConfig: Adding: com.android.server.compat.config.Change@7d46fb1
02-26 16:54:04.853  1313  1313 D CompatConfig: Adding: com.android.server.compat.config.Change@361ac96
02-26 16:54:04.853  1313  1313 D CompatConfig: Adding: com.android.server.compat.config.Change@5306017
02-26 16:54:04.853  1313  1313 D CompatConfig: Adding: com.android.server.compat.config.Change@baa1c04
02-26 16:54:04.853  1313  1313 D CompatConfig: Adding: com.android.server.compat.config.Change@b0f55ed
02-26 16:54:04.853  1313  1313 D CompatConfig: Adding: com.android.server.compat.config.Change@403fc22
02-26 16:54:04.853  1313  1313 D CompatConfig: Adding: com.android.server.compat.config.Change@d0e6b3
02-26 16:54:04.853  1313  1313 D CompatConfig: Adding: com.android.server.compat.config.Change@aef470
02-26 16:54:04.853  1313  1313 D CompatConfig: Adding: com.android.server.compat.config.Change@79863e9
02-26 16:54:04.853  1313  1313 D CompatConfig: Adding: com.android.server.compat.config.Change@989b86e
02-26 16:54:04.853  1313  1313 D CompatConfig: Found a config file: /system/etc/compatconfig/documents-ui-compat-config.xml
02-26 16:54:04.853  1313  1337 I SystemConfig: Reading permissions from /system/etc/permissions/android.hardware.camera.flash-autofocus.xml
02-26 16:54:04.854  1313  1313 D CompatConfig: Adding: com.android.server.compat.config.Change@68a55a5
02-26 16:54:04.854  1313  1337 I SystemConfig: Reading permissions from /system/etc/permissions/android.hardware.ethernet.xml
02-26 16:54:04.854  1313  1313 D CompatConfig: Found a config file: /system/etc/compatconfig/services-platform-compat-config.xml
02-26 16:54:04.854  1313  1337 I SystemConfig: Reading permissions from /system/etc/permissions/android.hardware.touchscreen.multitouch.xml
02-26 16:54:04.854  1313  1337 I SystemConfig: Reading permissions from /system/etc/permissions/privapp-permissions-platform.xml
02-26 16:54:04.854  1313  1313 D CompatConfig: Adding: com.android.server.compat.config.Change@87c6746
02-26 16:54:04.854  1313  1313 D CompatConfig: Adding: com.android.server.compat.config.Change@a937d07
02-26 16:54:04.854  1313  1313 D CompatConfig: Adding: com.android.server.compat.config.Change@b4e8e34
02-26 16:54:04.854  1313  1313 D CompatConfig: Adding: com.android.server.compat.config.Change@ffe945d
02-26 16:54:04.854  1313  1313 D CompatConfig: Adding: com.android.server.compat.config.Change@d87b1d2
02-26 16:54:04.854  1313  1313 D CompatConfig: Adding: com.android.server.compat.config.Change@560e2a3
02-26 16:54:04.854  1313  1313 D CompatConfig: Adding: com.android.server.compat.config.Change@c6059a0
02-26 16:54:04.854  1313  1313 D CompatConfig: Adding: com.android.server.compat.config.Change@2151959
02-26 16:54:04.854  1313  1313 D CompatConfig: Adding: com.android.server.compat.config.Change@48b191e
02-26 16:54:04.854  1313  1313 D CompatConfig: Adding: com.android.server.compat.config.Change@c1505ff
02-26 16:54:04.854  1313  1313 D CompatConfig: Adding: com.android.server.compat.config.Change@f016fcc
02-26 16:54:04.854  1313  1313 D CompatConfig: Adding: com.android.server.compat.config.Change@774f215
02-26 16:54:04.854  1313  1313 D CompatConfig: Adding: com.android.server.compat.config.Change@fcba92a
02-26 16:54:04.854  1313  1313 D CompatConfig: Adding: com.android.server.compat.config.Change@7be031b
02-26 16:54:04.854  1313  1313 D CompatConfig: Adding: com.android.server.compat.config.Change@2bbbcb8
02-26 16:54:04.854  1313  1313 D CompatConfig: Adding: com.android.server.compat.config.Change@bbf9a91
02-26 16:54:04.854  1313  1313 D CompatConfig: Adding: com.android.server.compat.config.Change@ed32df6
02-26 16:54:04.854  1313  1313 D CompatConfig: Adding: com.android.server.compat.config.Change@a2fb5f7
02-26 16:54:04.854  1313  1313 D CompatConfig: Adding: com.android.server.compat.config.Change@3cbec64
02-26 16:54:04.854  1313  1313 D CompatConfig: Adding: com.android.server.compat.config.Change@9324ecd
02-26 16:54:04.854  1313  1313 D CompatConfig: Adding: com.android.server.compat.config.Change@dfc3382
02-26 16:54:04.854  1313  1313 D CompatConfig: Adding: com.android.server.compat.config.Change@49fba93
02-26 16:54:04.854  1313  1313 D CompatConfig: Adding: com.android.server.compat.config.Change@38d6ad0
02-26 16:54:04.854  1313  1313 D CompatConfig: Adding: com.android.server.compat.config.Change@6a20ac9
02-26 16:54:04.854  1313  1313 D CompatConfig: Adding: com.android.server.compat.config.Change@2be05ce
02-26 16:54:04.854  1313  1313 D CompatConfig: Adding: com.android.server.compat.config.Change@c016cef
02-26 16:54:04.854  1313  1313 D CompatConfig: Adding: com.android.server.compat.config.Change@ba663fc
02-26 16:54:04.854  1313  1313 D CompatConfig: Adding: com.android.server.compat.config.Change@9378a85
02-26 16:54:04.854  1313  1313 D CompatConfig: Adding: com.android.server.compat.config.Change@b8b0da
02-26 16:54:04.854  1313  1313 D CompatConfig: Adding: com.android.server.compat.config.Change@721e90b
02-26 16:54:04.854  1313  1313 D CompatConfig: Adding: com.android.server.compat.config.Change@7f3c3e8
02-26 16:54:04.854  1313  1313 D CompatConfig: Adding: com.android.server.compat.config.Change@5eb4a01
02-26 16:54:04.854  1313  1313 D CompatConfig: Adding: com.android.server.compat.config.Change@38100a6
02-26 16:54:04.854  1313  1313 D CompatConfig: Adding: com.android.server.compat.config.Change@2840ae7
02-26 16:54:04.854  1313  1313 D CompatConfig: Adding: com.android.server.compat.config.Change@3353694
02-26 16:54:04.854  1313  1313 D CompatConfig: Adding: com.android.server.compat.config.Change@ec1853d
02-26 16:54:04.854  1313  1313 D CompatConfig: Adding: com.android.server.compat.config.Change@92c8132
02-26 16:54:04.854  1313  1313 D CompatConfig: Adding: com.android.server.compat.config.Change@5fc6e83
02-26 16:54:04.854  1313  1313 D CompatConfig: Adding: com.android.server.compat.config.Change@2792800
02-26 16:54:04.854  1313  1313 D CompatConfig: Adding: com.android.server.compat.config.Change@7c63839
02-26 16:54:04.854  1313  1313 D CompatConfig: Adding: com.android.server.compat.config.Change@99d7e7e
02-26 16:54:04.854  1313  1313 D CompatConfig: Adding: com.android.server.compat.config.Change@80d6fdf
02-26 16:54:04.854  1313  1313 D CompatConfig: Adding: com.android.server.compat.config.Change@b48c42c
02-26 16:54:04.854  1313  1313 D CompatConfig: Adding: com.android.server.compat.config.Change@fc91ef5
02-26 16:54:04.854  1313  1313 D CompatConfig: Adding: com.android.server.compat.config.Change@68f048a
02-26 16:54:04.854  1313  1313 D CompatConfig: Adding: com.android.server.compat.config.Change@b032afb
02-26 16:54:04.854  1313  1313 D CompatConfig: Adding: com.android.server.compat.config.Change@93f718
02-26 16:54:04.854  1313  1313 D CompatConfig: Adding: com.android.server.compat.config.Change@8d9b571
02-26 16:54:04.854  1313  1313 D CompatConfig: Adding: com.android.server.compat.config.Change@60df56
02-26 16:54:04.854  1313  1313 D CompatConfig: Adding: com.android.server.compat.config.Change@fcf7bd7
02-26 16:54:04.854  1313  1313 D CompatConfig: Adding: com.android.server.compat.config.Change@25d6cc4
02-26 16:54:04.854  1313  1313 D CompatConfig: Adding: com.android.server.compat.config.Change@c8337ad
02-26 16:54:04.854  1313  1313 D CompatConfig: Adding: com.android.server.compat.config.Change@ba39ae2
02-26 16:54:04.854  1313  1313 D CompatConfig: Adding: com.android.server.compat.config.Change@aa5fe73
02-26 16:54:04.854  1313  1313 D CompatConfig: Adding: com.android.server.compat.config.Change@c269130
02-26 16:54:04.854  1313  1313 D CompatConfig: Found a config file: /system/system_ext/etc/compatconfig/settings-platform-compat-config.xml
02-26 16:54:04.855  1313  1313 D CompatConfig: Adding: com.android.server.compat.config.Change@5580ecf
02-26 16:54:04.855  1313  1313 D CompatConfig: No directory /apex/com.android.wifi/etc/compatconfig, skipping
02-26 16:54:04.855  1313  1313 D CompatConfig: No directory /apex/com.android.tzdata/etc/compatconfig, skipping
02-26 16:54:04.855  1313  1313 D CompatConfig: No directory /apex/com.android.tethering/etc/compatconfig, skipping
02-26 16:54:04.855  1313  1313 D CompatConfig: No directory /apex/com.android.sdkext/etc/compatconfig, skipping
02-26 16:54:04.855  1313  1313 D CompatConfig: No directory /apex/com.android.scheduling/etc/compatconfig, skipping
02-26 16:54:04.855  1313  1313 D CompatConfig: No directory /apex/com.android.runtime/etc/compatconfig, skipping
02-26 16:54:04.855  1313  1313 D CompatConfig: No directory /apex/com.android.resolv/etc/compatconfig, skipping
02-26 16:54:04.855  1313  1313 D CompatConfig: No directory /apex/com.android.permission/etc/compatconfig, skipping
02-26 16:54:04.855  1313  1313 D CompatConfig: No directory /apex/com.android.os.statsd/etc/compatconfig, skipping
02-26 16:54:04.855  1313  1337 I SystemConfig: Reading permissions from /system/etc/permissions/org.apache.http.legacy.xml
02-26 16:54:04.855  1313  1313 D CompatConfig: Found a config file: /apex/com.android.mediaprovider/etc/compatconfig/media-provider-platform-compat-config.xml
02-26 16:54:04.855  1313  1337 I SystemConfig: Reading permissions from /system/etc/permissions/com.android.location.provider.xml
02-26 16:54:04.855  1313  1313 D CompatConfig: Adding: com.android.server.compat.config.Change@b70c8eb
02-26 16:54:04.855  1313  1313 D CompatConfig: Adding: com.android.server.compat.config.Change@8b1dce1
02-26 16:54:04.855  1313  1313 D CompatConfig: Adding: com.android.server.compat.config.Change@c0dca06
02-26 16:54:04.855  1313  1313 D CompatConfig: Adding: com.android.server.compat.config.Change@c1108c7
02-26 16:54:04.855  1313  1337 I SystemConfig: Reading permissions from /system/etc/permissions/com.android.networkstack.tethering.xml
02-26 16:54:04.855  1313  1313 D CompatConfig: Adding: com.android.server.compat.config.Change@4d78ef4
02-26 16:54:04.855  1313  1313 D CompatConfig: Adding: com.android.server.compat.config.Change@20e661d
02-26 16:54:04.855  1313  1313 D CompatConfig: Adding: com.android.server.compat.config.Change@aac8092
02-26 16:54:04.856  1313  1313 D CompatConfig: No directory /apex/com.android.media.swcodec/etc/compatconfig, skipping
02-26 16:54:04.856  1313  1313 D CompatConfig: No directory /apex/com.android.media/etc/compatconfig, skipping
02-26 16:54:04.856  1313  1313 D CompatConfig: No directory /apex/com.android.ipsec/etc/compatconfig, skipping
02-26 16:54:04.856  1313  1313 D CompatConfig: No directory /apex/com.android.i18n/etc/compatconfig, skipping
02-26 16:54:04.856  1313  1313 D CompatConfig: No directory /apex/com.android.extservices/etc/compatconfig, skipping
02-26 16:54:04.856  1313  1313 D CompatConfig: No directory /apex/com.android.conscrypt/etc/compatconfig, skipping
02-26 16:54:04.856  1313  1337 I SystemConfig: Reading permissions from /system/etc/permissions/android.hardware.telephony.gsm.xml
02-26 16:54:04.856  1313  1313 D CompatConfig: Found a config file: /apex/com.android.art/etc/compatconfig/libcore-platform-compat-config.xml
02-26 16:54:04.856  1313  1337 I SystemConfig: Reading permissions from /system/etc/permissions/android.hardware.usb.host.xml
02-26 16:54:04.856  1313  1313 D CompatConfig: Adding: com.android.server.compat.config.Change@f0e13de
02-26 16:54:04.856  1313  1313 D CompatConfig: Adding: com.android.server.compat.config.Change@ec049bf
02-26 16:54:04.856  1313  1313 D CompatConfig: Adding: com.android.server.compat.config.Change@5f53bd5
02-26 16:54:04.856  1313  1313 D CompatConfig: Adding: com.android.server.compat.config.Change@d638fea
02-26 16:54:04.856  1313  1313 D CompatConfig: Adding: com.android.server.compat.config.Change@239c2db
02-26 16:54:04.856  1313  1337 I SystemConfig: Reading permissions from /system/etc/permissions/com.android.future.usb.accessory.xml
02-26 16:54:04.856  1313  1337 I SystemConfig: Reading permissions from /system/etc/permissions/handheld_core_hardware.xml
02-26 16:54:04.856  1313  1313 D CompatConfig: No directory /apex/com.android.appsearch/etc/compatconfig, skipping
02-26 16:54:04.856  1313  1313 D CompatConfig: No directory /apex/com.android.adbd/etc/compatconfig, skipping
02-26 16:54:04.856  1313  1337 I SystemConfig: Reading permissions from /system/etc/permissions/android.hardware.location.gps.xml
02-26 16:54:04.856  1313  1337 I SystemConfig: Reading permissions from /system/etc/permissions/android.hardware.touchscreen.multitouch.distinct.xml
02-26 16:54:04.856  1313  1313 I SystemServerTiming: StartFileIntegrityService
02-26 16:54:04.856  1313  1313 I SystemServiceManager: Starting com.android.server.security.FileIntegrityService
02-26 16:54:04.857  1313  1337 I SystemConfig: Reading permissions from /system/etc/permissions/android.test.base.xml
02-26 16:54:04.857  1313  1337 I SystemConfig: Reading permissions from /system/etc/permissions/com.android.networkstack.xml
02-26 16:54:04.857  1313  1337 I SystemConfig: Reading permissions from /system/etc/permissions/com.android.documentsui.xml
02-26 16:54:04.857  1313  1313 I SystemServerTiming: StartInstaller
02-26 16:54:04.857  1313  1337 I SystemConfig: Reading permissions from /system/etc/permissions/android.hardware.touchscreen.multitouch.jazzhand.xml
02-26 16:54:04.857  1313  1313 I SystemServiceManager: Starting com.android.server.pm.Installer
02-26 16:54:04.857  1313  1337 I SystemConfig: Reading permissions from /system/etc/permissions/platform.xml
02-26 16:54:04.858  1313  1313 I SystemServerTiming: DeviceIdentifiersPolicyService
02-26 16:54:04.858  1313  1313 I SystemServiceManager: Starting com.android.server.os.DeviceIdentifiersPolicyService
02-26 16:54:04.858  1313  1313 I SystemServerTiming: UriGrantsManagerService
02-26 16:54:04.858  1313  1313 I SystemServiceManager: Starting com.android.server.uri.UriGrantsManagerService$Lifecycle
02-26 16:54:04.858  1313  1337 I SystemConfig: Reading permissions from /product/etc/sysconfig/preinstalled-packages-platform-overlays.xml
02-26 16:54:04.858  1313  1313 I SystemServerTiming: StartPowerStatsService
02-26 16:54:04.858  1313  1313 I SystemServiceManager: Starting com.android.server.powerstats.PowerStatsService
02-26 16:54:04.859  1313  1337 I SystemConfig: Reading permissions from /product/etc/sysconfig/preinstalled-packages-platform-handheld-product.xml
02-26 16:54:04.859  1313  1337 W SystemConfig: No directory /product/etc/permissions, skipping
02-26 16:54:04.859  1313  1337 W SystemConfig: No directory /system_ext/etc/sysconfig, skipping
02-26 16:54:04.859  1313  1337 I SystemConfig: Reading permissions from /system_ext/etc/permissions/com.android.settings.xml
02-26 16:54:04.859  1313  1337 I SystemConfig: Reading permissions from /system_ext/etc/permissions/com.android.systemui.xml
02-26 16:54:04.860  1313  1337 I SystemConfig: Reading permissions from /apex/com.android.ipsec/etc/permissions/android.net.ipsec.ike.xml
02-26 16:54:04.860  1313  1313 I SystemServerTiming: StartIStatsService
02-26 16:54:04.860  1313  1313 I SystemServerTiming: MemtrackProxyService
02-26 16:54:04.861  1313  1313 I SystemServerTiming: StartActivityManager
02-26 16:54:04.861  1313  1313 I SystemServiceManager: Starting com.android.server.wm.ActivityTaskManagerService$Lifecycle
02-26 16:54:04.861  1313  1337 W SystemConfig: Failed to read public libraries file /vendor/etc/public.libraries.txt
02-26 16:54:04.861  1313  1337 W SystemConfig: java.io.FileNotFoundException: /vendor/etc/public.libraries.txt: open failed: ENOENT (No such file or directory)
02-26 16:54:04.861  1313  1337 W SystemConfig: 	at libcore.io.IoBridge.open(IoBridge.java:575)
02-26 16:54:04.861  1313  1337 W SystemConfig: 	at java.io.FileInputStream.<init>(FileInputStream.java:160)
02-26 16:54:04.861  1313  1337 W SystemConfig: 	at java.io.FileReader.<init>(FileReader.java:72)
02-26 16:54:04.861  1313  1337 W SystemConfig: 	at com.android.server.SystemConfig.readPublicLibrariesListFile(SystemConfig.java:1617)
02-26 16:54:04.861  1313  1337 W SystemConfig: 	at com.android.server.SystemConfig.readPublicNativeLibrariesList(SystemConfig.java:1599)
02-26 16:54:04.861  1313  1337 W SystemConfig: 	at com.android.server.SystemConfig.<init>(SystemConfig.java:484)
02-26 16:54:04.861  1313  1337 W SystemConfig: 	at com.android.server.SystemConfig.getInstance(SystemConfig.java:272)
02-26 16:54:04.861  1313  1337 W SystemConfig: 	at com.android.server.SystemServer$$ExternalSyntheticLambda5.run(Unknown Source:0)
02-26 16:54:04.861  1313  1337 W SystemConfig: 	at com.android.server.SystemServerInitThreadPool.lambda$submitTask$0$SystemServerInitThreadPool(SystemServerInitThreadPool.java:105)
02-26 16:54:04.861  1313  1337 W SystemConfig: 	at com.android.server.SystemServerInitThreadPool$$ExternalSyntheticLambda0.run(Unknown Source:6)
02-26 16:54:04.861  1313  1337 W SystemConfig: 	at java.util.concurrent.Executors$RunnableAdapter.call(Executors.java:462)
02-26 16:54:04.861  1313  1337 W SystemConfig: 	at java.util.concurrent.FutureTask.run(FutureTask.java:266)
02-26 16:54:04.861  1313  1337 W SystemConfig: 	at java.util.concurrent.ThreadPoolExecutor.runWorker(ThreadPoolExecutor.java:1167)
02-26 16:54:04.861  1313  1337 W SystemConfig: 	at java.util.concurrent.ThreadPoolExecutor$Worker.run(ThreadPoolExecutor.java:641)
02-26 16:54:04.861  1313  1337 W SystemConfig: 	at com.android.internal.util.ConcurrentUtils$1$1.run(ConcurrentUtils.java:65)
02-26 16:54:04.861  1313  1337 W SystemConfig: Caused by: android.system.ErrnoException: open failed: ENOENT (No such file or directory)
02-26 16:54:04.861  1313  1337 W SystemConfig: 	at libcore.io.Linux.open(Native Method)
02-26 16:54:04.861  1313  1337 W SystemConfig: 	at libcore.io.ForwardingOs.open(ForwardingOs.java:567)
02-26 16:54:04.861  1313  1337 W SystemConfig: 	at libcore.io.BlockGuardOs.open(BlockGuardOs.java:273)
02-26 16:54:04.861  1313  1337 W SystemConfig: 	at libcore.io.IoBridge.open(IoBridge.java:561)
02-26 16:54:04.861  1313  1337 W SystemConfig: 	... 14 more
02-26 16:54:04.862  1313  1313 I SystemServiceManager: Starting com.android.server.am.ActivityManagerService$Lifecycle
02-26 16:54:04.863  1313  1313 I ActivityManager: Memory class: 192
02-26 16:54:04.865  1313  1342 I Binder  : Setting heavy hitter watcher config: false, 0, 0.0
02-26 16:54:04.867  1313  1313 I PackageWatchdog: Updated health check state for package com.android.systemui: INACTIVE -> PASSED
02-26 16:54:04.870  1313  1313 D BatteryStatsImpl: Reading daily items from /data/system/batterystats-daily.xml
02-26 16:54:04.872  1313  1349 I KernelCpuUidFreqTimeReader: mPerClusterTimesAvailable=false
02-26 16:54:04.873  1313  1349 W KernelCpuUidFreqTimeBpfMapReader: Failed to start tracking
02-26 16:54:04.873  1313  1349 W KernelCpuProcStringReader: File not found. It's normal if not implemented: /proc/uid_time_in_state
02-26 16:54:04.873  1313  1349 W KernelCpuUidActiveTimeBpfMapReader: Failed to start tracking
02-26 16:54:04.873  1313  1349 W KernelCpuProcStringReader: File not found. It's normal if not implemented: /proc/uid_concurrent_active_time
02-26 16:54:04.873  1313  1349 W KernelCpuUidClusterTimeBpfMapReader: Failed to start tracking
02-26 16:54:04.873  1313  1349 W KernelCpuProcStringReader: File not found. It's normal if not implemented: /proc/uid_concurrent_policy_time
02-26 16:54:04.874  1313  1349 W KernelMemoryBandwidthStats: No kernel memory bandwidth stats available
02-26 16:54:04.882  1313  1313 I IntentFirewall: Read new rules (A:0 B:0 S:0)
02-26 16:54:04.884  1313  1313 D AppOps  : AppOpsService published
02-26 16:54:04.884  1313  1313 I SystemServerTiming: StartDataLoaderManagerService
02-26 16:54:04.884  1313  1313 I SystemServiceManager: Starting com.android.server.pm.DataLoaderManagerService
02-26 16:54:04.884  1313  1313 I SystemServerTiming: StartIncrementalService
02-26 16:54:04.884  1313  1313 I SystemServerTiming: StartPowerManager
02-26 16:54:04.884  1313  1313 I SystemServiceManager: Starting com.android.server.power.PowerManagerService
02-26 16:54:04.886  1313  1313 I SystemServerTiming: StartThermalManager
02-26 16:54:04.886  1313  1313 I SystemServiceManager: Starting com.android.server.power.ThermalManagerService
02-26 16:54:04.886  1313  1313 I SystemServerTiming: StartHintManager
02-26 16:54:04.886  1313  1313 I SystemServiceManager: Starting com.android.server.power.hint.HintManagerService
02-26 16:54:04.886  1313  1313 I SystemServerTiming: InitPowerManagement
02-26 16:54:04.886  1313  1313 I SystemServerTiming: StartRecoverySystemService
02-26 16:54:04.886  1313  1313 I SystemServiceManager: Starting com.android.server.recoverysystem.RecoverySystemService$Lifecycle
02-26 16:54:04.887  1313  1313 I SystemServerTiming: StartLightsService
02-26 16:54:04.887  1313  1313 I SystemServiceManager: Starting com.android.server.lights.LightsService
02-26 16:54:04.887  1313  1313 I SystemServerTiming: StartSidekickService
02-26 16:54:04.887  1313  1313 I SystemServerTiming: StartDisplayManager
02-26 16:54:04.887  1313  1313 I SystemServiceManager: Starting com.android.server.display.DisplayManagerService
02-26 16:54:04.889  1313  1313 I SystemServerTiming: WaitForDisplay
02-26 16:54:04.889  1313  1313 I SystemServiceManager: Starting phase 100
02-26 16:54:04.889  1313  1313 I SystemServerTiming: OnBootPhase_100
02-26 16:54:04.889  1313  1313 I SystemServerTiming: OnBootPhase_100_com.android.server.security.FileIntegrityService
02-26 16:54:04.889  1313  1313 I SystemServerTiming: OnBootPhase_100_com.android.server.pm.Installer
02-26 16:54:04.889  1313  1313 I SystemServerTiming: OnBootPhase_100_com.android.server.os.DeviceIdentifiersPolicyService
02-26 16:54:04.889  1313  1313 I SystemServerTiming: OnBootPhase_100_com.android.server.uri.UriGrantsManagerService$Lifecycle
02-26 16:54:04.889  1313  1313 I SystemServerTiming: OnBootPhase_100_com.android.server.powerstats.PowerStatsService
02-26 16:54:04.889  1313  1313 I SystemServerTiming: OnBootPhase_100_com.android.server.wm.ActivityTaskManagerService$Lifecycle
02-26 16:54:04.889  1313  1313 I SystemServerTiming: OnBootPhase_100_com.android.server.am.ActivityManagerService$Lifecycle
02-26 16:54:04.889  1313  1313 I SystemServerTiming: OnBootPhase_100_com.android.server.pm.DataLoaderManagerService
02-26 16:54:04.889  1313  1313 I SystemServerTiming: OnBootPhase_100_com.android.server.power.PowerManagerService
02-26 16:54:04.889  1313  1313 I SystemServerTiming: OnBootPhase_100_com.android.server.power.ThermalManagerService
02-26 16:54:04.889  1313  1313 I SystemServerTiming: OnBootPhase_100_com.android.server.power.hint.HintManagerService
02-26 16:54:04.889  1313  1313 I SystemServerTiming: OnBootPhase_100_com.android.server.recoverysystem.RecoverySystemService$Lifecycle
02-26 16:54:04.889  1313  1313 I SystemServerTiming: OnBootPhase_100_com.android.server.lights.LightsService
02-26 16:54:04.889  1313  1313 I SystemServerTiming: OnBootPhase_100_com.android.server.display.DisplayManagerService
02-26 16:54:04.890  1313  1333 I DisplayDeviceRepository: Display device added: DisplayDeviceInfo{"内置屏幕": uniqueId="local:4619827820427265280", 1080 x 1920, modeId 1, defaultModeId 1, supportedModes [{id=1, width=1080, height=1920, fps=60.000004, alternativeRefreshRates=[15.000001]}, {id=2, width=1080, height=1920, fps=15.000001, alternativeRefreshRates=[60.000004]}], colorMode 0, supportedColorModes [0], hdrCapabilities HdrCapabilities{mSupportedHdrTypes=[], mMaxLuminance=500.0, mMaxAverageLuminance=500.0, mMinLuminance=0.0}, allmSupported false, gameContentTypeSupported false, density 280, 280.0 x 280.0 dpi, appVsyncOff 1000000, presDeadline 16666666, touch INTERNAL, rotation 0, type INTERNAL, address {port=0, model=0x401ceced0008c5, physicalDisplayId=4619827820427265280}, deviceProductInfo DeviceProductInfo{name=mumuscreen000, manufacturerPnpId=GGL, productId=1, modelYear=null, manufactureDate=ManufactureDate{week=27, year=2006}, connectionToSinkType=0}, state UNKNOWN, frameRateOverride , brightnessMinimum 0.0, brightnessMaximum 1.0, brightnessDefault 0.39763778, FLAG_DEFAULT_DISPLAY, FLAG_ROTATES_WITH_CONTENT, FLAG_SECURE, FLAG_SUPPORTS_PROTECTED_BUFFERS}
02-26 16:54:04.890  1313  1333 I LogicalDisplayMapper: Applying layout: [{addr: {port=0, model=0x401ceced0008c5, physicalDisplayId=4619827820427265280}, dispId: 0(ON)}], Previous layout: null
02-26 16:54:04.890  1313  1333 I LogicalDisplayMapper: Adding new display: 0: DisplayInfo{"内置屏幕", displayId 0", displayGroupId -1, FLAG_SECURE, FLAG_SUPPORTS_PROTECTED_BUFFERS, FLAG_TRUSTED, real 1080 x 1920, largest app 1080 x 1920, smallest app 1080 x 1920, appVsyncOff 1000000, presDeadline 16666666, mode 1, defaultMode 1, modes [{id=1, width=1080, height=1920, fps=60.000004, alternativeRefreshRates=[15.000001]}, {id=2, width=1080, height=1920, fps=15.000001, alternativeRefreshRates=[60.000004]}], hdrCapabilities HdrCapabilities{mSupportedHdrTypes=[], mMaxLuminance=500.0, mMaxAverageLuminance=500.0, mMinLuminance=0.0}, userDisabledHdrTypes [], minimalPostProcessingSupported false, rotation 0, state UNKNOWN, type INTERNAL, uniqueId "local:4619827820427265280", app 1080 x 1920, density 280 (280.0 x 280.0) dpi, layerStack 0, colorMode 0, supportedColorModes [0], address {port=0, model=0x401ceced0008c5, physicalDisplayId=4619827820427265280}, deviceProductInfo DeviceProductInfo{name=mumuscreen000, manufacturerPnpId=GGL, productId=1, modelYear=null, manufactureDate=ManufactureDate{week=27, year=2006}, connectionToSinkType=0}, removeMode 0, refreshRateOverride 0.0, brightnessMinimum 0.0, brightnessMaximum 1.0, brightnessDefault 0.39763778}
02-26 16:54:04.890  1313  1333 I LogicalDisplayMapper: Setting new display group 0 for display 0, from previous group: null
02-26 16:54:04.890  1313  1313 I SystemServerTiming: StartDomainVerificationService
02-26 16:54:04.892  1313  1313 I SystemServerTiming: StartPackageManagerService
02-26 16:54:04.892  1313  1313 I Watchdog: Pausing HandlerChecker: main thread for reason: packagemanagermain. Pause count: 1
02-26 16:54:04.892  1313  1313 D PackageManager: read feature info, get name: android.hardware.vulkan.level, version: 0
02-26 16:54:04.892  1313  1313 D PackageManager: read feature info, get name: android.hardware.vulkan.version, version: 4194307
02-26 16:54:04.892  1313  1313 D PackageManager: read feature info, get name: android.hardware.vulkan.compute, version: 0
02-26 16:54:04.892  1313  1313 D PackageManager: read feature info, get name: android.hardware.opengles.aep, version: 0
02-26 16:54:04.892  1313  1313 D PackageManager: read feature info, get pattern: com.netease.sky.*
02-26 16:54:04.892  1313  1313 D PackageManager: read feature info, get name: android.hardware.vulkan.level, version: 0
02-26 16:54:04.892  1313  1313 D PackageManager: read feature info, get name: android.hardware.vulkan.version, version: 4194307
02-26 16:54:04.892  1313  1313 D PackageManager: read feature info, get name: android.hardware.vulkan.compute, version: 0
02-26 16:54:04.892  1313  1313 D PackageManager: read feature info, get name: android.hardware.opengles.aep, version: 0
02-26 16:54:04.892  1313  1313 D PackageManager: read feature info, get pattern: com.tencent.tmgp.eyou.eygy
02-26 16:54:04.892  1313  1313 D PackageManager: read feature info, get name: android.hardware.vulkan.level, version: 0
02-26 16:54:04.892  1313  1313 D PackageManager: read feature info, get name: android.hardware.vulkan.version, version: 4194307
02-26 16:54:04.892  1313  1313 D PackageManager: read feature info, get name: android.hardware.vulkan.compute, version: 0
02-26 16:54:04.892  1313  1313 D PackageManager: read feature info, get name: android.hardware.opengles.aep, version: 0
02-26 16:54:04.892  1313  1313 D PackageManager: read feature info, get pattern: com.tgc.sky.*
02-26 16:54:04.892  1313  1313 D PackageManager: read feature info, get name: android.hardware.vulkan.level, version: 0
02-26 16:54:04.892  1313  1313 D PackageManager: read feature info, get name: android.hardware.vulkan.version, version: 4194307
02-26 16:54:04.892  1313  1313 D PackageManager: read feature info, get name: android.hardware.vulkan.compute, version: 0
02-26 16:54:04.892  1313  1313 D PackageManager: read feature info, get name: android.hardware.opengles.aep, version: 0
02-26 16:54:04.893  1313  1313 D PackageManager: read feature info, get pattern: com.netease.sdk.*
02-26 16:54:04.893  1313  1313 D PackageManager: read feature info, get name: android.hardware.opengles.aep, version: 0
02-26 16:54:04.893  1313  1313 D PackageManager: read feature info, get name: android.hardware.faketouch, version: 0
02-26 16:54:04.893  1313  1313 D PackageManager: read feature info, get name: android.hardware.usb.accessory, version: 0
02-26 16:54:04.893  1313  1313 D PackageManager: read feature info, get name: android.hardware.touchscreen.multitouch, version: 0
02-26 16:54:04.893  1313  1313 D PackageManager: read feature info, get name: com.google.lens.feature.CAMERA_INTEGRATION, version: 0
02-26 16:54:04.893  1313  1313 D PackageManager: read feature info, get name: android.hardware.fingerprint, version: 0
02-26 16:54:04.893  1313  1313 D PackageManager: read feature info, get name: android.hardware.sensor.gyroscope, version: 0
02-26 16:54:04.893  1313  1313 D PackageManager: read feature info, get name: android.hardware.audio.low_latency, version: 0
02-26 16:54:04.893  1313  1313 D PackageManager: read feature info, get name: android.software.vulkan.deqp.level, version: 0
02-26 16:54:04.893  1313  1313 D PackageManager: read feature info, get name: android.hardware.telephony.gsm, version: 0
02-26 16:54:04.893  1313  1313 D PackageManager: read feature info, get name: android.hardware.telephony.ims, version: 0
02-26 16:54:04.893  1313  1313 D PackageManager: read feature info, get name: android.software.sip.voip, version: 0
02-26 16:54:04.893  1313  1313 D PackageManager: read feature info, get name: android.hardware.vr.high_performance, version: 0
02-26 16:54:04.893  1313  1313 D PackageManager: read feature info, get name: android.hardware.usb.host, version: 0
02-26 16:54:04.893  1313  1313 D PackageManager: read feature info, get name: android.software.verified_boot, version: 0
02-26 16:54:04.893  1313  1313 D PackageManager: read feature info, get name: android.hardware.camera.flash, version: 0
02-26 16:54:04.893  1313  1313 D PackageManager: read feature info, get name: android.hardware.camera.front, version: 0
02-26 16:54:04.893  1313  1313 D PackageManager: read feature info, get name: android.hardware.sensor.hifi_sensors, version: 0
02-26 16:54:04.893  1313  1313 D PackageManager: read feature info, get name: android.hardware.se.omapi.uicc, version: 0
02-26 16:54:04.893  1313  1313 D PackageManager: read feature info, get name: android.hardware.nfc, version: 0
02-26 16:54:04.893  1313  1313 D PackageManager: read feature info, get name: android.hardware.sensor.ambient_temperature, version: 0
02-26 16:54:04.893  1313  1313 D PackageManager: read feature info, get name: com.nxp.mifare, version: 0
02-26 16:54:04.893  1313  1313 D PackageManager: read feature info, get name: android.hardware.sensor.stepdetector, version: 0
02-26 16:54:04.893  1313  1313 D PackageManager: read feature info, get name: android.software.securely_removes_users, version: 0
02-26 16:54:04.893  1313  1313 D PackageManager: read feature info, get name: android.software.vr.mode, version: 0
02-26 16:54:04.893  1313  1313 D PackageManager: read feature info, get name: android.hardware.bluetooth_le, version: 0
02-26 16:54:04.893  1313  1313 D PackageManager: read feature info, get name: android.hardware.touchscreen.multitouch.jazzhand, version: 0
02-26 16:54:04.893  1313  1313 D PackageManager: read feature info, get name: android.hardware.vulkan.version, version: 0
02-26 16:54:04.893  1313  1313 D PackageManager: read feature info, get name: android.software.device_id_attestation, version: 0
02-26 16:54:04.893  1313  1313 D PackageManager: read feature info, get name: android.hardware.sensor.stepcounter, version: 0
02-26 16:54:04.893  1313  1313 D PackageManager: read feature info, get name: android.hardware.camera.capability.manual_post_processing, version: 0
02-26 16:54:04.893  1313  1313 D PackageManager: read feature info, get name: com.google.ar.core.depth, version: 0
02-26 16:54:04.893  1313  1313 D PackageManager: read feature info, get name: android.hardware.camera.any, version: 0
02-26 16:54:04.893  1313  1313 D PackageManager: read feature info, get name: android.hardware.camera.capability.raw, version: 0
02-26 16:54:04.893  1313  1313 D PackageManager: read feature info, get name: android.hardware.touchscreen.multitouch.distinct, version: 0
02-26 16:54:04.893  1313  1313 D PackageManager: read feature info, get name: android.software.sip, version: 0
02-26 16:54:04.893  1313  1313 D PackageManager: read feature info, get name: android.hardware.camera.capability.manual_sensor, version: 0
02-26 16:54:04.893  1313  1313 D PackageManager: read feature info, get name: com.google.android.apps.dialer.SUPPORTED, version: 0
02-26 16:54:04.893  1313  1313 D PackageManager: read feature info, get name: android.hardware.camera.level.full, version: 0
02-26 16:54:04.893  1313  1313 D PackageManager: read feature info, get name: android.software.live_wallpaper, version: 0
02-26 16:54:04.893  1313  1313 D PackageManager: read feature info, get name: android.software.ipsec_tunnels, version: 0
02-26 16:54:04.893  1313  1313 D PackageManager: read feature info, get name: android.software.freeform_window_management, version: 0
02-26 16:54:04.893  1313  1313 D PackageManager: read feature info, get name: android.hardware.audio.pro, version: 0
02-26 16:54:04.893  1313  1313 D PackageManager: read feature info, get name: android.hardware.nfc.hcef, version: 0
02-26 16:54:04.893  1313  1313 D PackageManager: read feature info, get name: android.hardware.location.gps, version: 0
02-26 16:54:04.893  1313  1313 D PackageManager: read feature info, get name: android.software.midi, version: 0
02-26 16:54:04.893  1313  1313 D PackageManager: read feature info, get name: android.hardware.nfc.any, version: 0
02-26 16:54:04.893  1313  1313 D PackageManager: read feature info, get name: android.hardware.nfc.hce, version: 0
02-26 16:54:04.893  1313  1313 D PackageManager: read feature info, get name: android.hardware.vulkan.level, version: 0
02-26 16:54:04.893  1313  1313 D PackageManager: read feature info, get name: android.hardware.telephony, version: 0
02-26 16:54:04.893  1313  1313 D PackageManager: read feature info, get name: android.software.file_based_encryption, version: 0
02-26 16:54:04.893  1313  1313 D PackageManager: read feature info, get name: android.hardware.camera.autofocus, version: 0
02-26 16:54:04.893  1313  1313 D PackageManager: read feature info, get pattern: com.android.vending.*
02-26 16:54:04.893  1313  1313 D PackageManager: read feature info, get name: android.hardware.opengles.aep, version: 0
02-26 16:54:04.893  1313  1313 D PackageManager: read feature info, get name: android.hardware.faketouch, version: 0
02-26 16:54:04.893  1313  1313 D PackageManager: read feature info, get name: android.hardware.usb.accessory, version: 0
02-26 16:54:04.893  1313  1313 D PackageManager: read feature info, get name: android.hardware.touchscreen.multitouch, version: 0
02-26 16:54:04.893  1313  1313 D PackageManager: read feature info, get name: com.google.lens.feature.CAMERA_INTEGRATION, version: 0
02-26 16:54:04.893  1313  1313 D PackageManager: read feature info, get name: android.hardware.fingerprint, version: 0
02-26 16:54:04.893  1313  1313 D PackageManager: read feature info, get name: android.hardware.sensor.gyroscope, version: 0
02-26 16:54:04.893  1313  1313 D PackageManager: read feature info, get name: android.hardware.audio.low_latency, version: 0
02-26 16:54:04.893  1313  1313 D PackageManager: read feature info, get name: android.software.vulkan.deqp.level, version: 0
02-26 16:54:04.893  1313  1313 D PackageManager: read feature info, get name: android.hardware.telephony.gsm, version: 0
02-26 16:54:04.893  1313  1313 D PackageManager: read feature info, get name: android.hardware.telephony.ims, version: 0
02-26 16:54:04.893  1313  1313 D PackageManager: read feature info, get name: android.software.sip.voip, version: 0
02-26 16:54:04.893  1313  1313 D PackageManager: read feature info, get name: android.hardware.vr.high_performance, version: 0
02-26 16:54:04.893  1313  1313 D PackageManager: read feature info, get name: android.hardware.usb.host, version: 0
02-26 16:54:04.893  1313  1313 D PackageManager: read feature info, get name: android.software.verified_boot, version: 0
02-26 16:54:04.893  1313  1313 D PackageManager: read feature info, get name: android.hardware.camera.flash, version: 0
02-26 16:54:04.893  1313  1313 D PackageManager: read feature info, get name: android.hardware.camera.front, version: 0
02-26 16:54:04.893  1313  1313 D PackageManager: read feature info, get name: android.hardware.sensor.hifi_sensors, version: 0
02-26 16:54:04.893  1313  1313 D PackageManager: read feature info, get name: android.hardware.se.omapi.uicc, version: 0
02-26 16:54:04.893  1313  1313 D PackageManager: read feature info, get name: android.hardware.nfc, version: 0
02-26 16:54:04.893  1313  1313 D PackageManager: read feature info, get name: android.hardware.sensor.ambient_temperature, version: 0
02-26 16:54:04.893  1313  1313 D PackageManager: read feature info, get name: com.nxp.mifare, version: 0
02-26 16:54:04.893  1313  1313 D PackageManager: read feature info, get name: android.hardware.sensor.stepdetector, version: 0
02-26 16:54:04.893  1313  1313 D PackageManager: read feature info, get name: android.software.securely_removes_users, version: 0
02-26 16:54:04.893  1313  1313 D PackageManager: read feature info, get name: android.software.vr.mode, version: 0
02-26 16:54:04.893  1313  1313 D PackageManager: read feature info, get name: android.hardware.bluetooth_le, version: 0
02-26 16:54:04.893  1313  1313 D PackageManager: read feature info, get name: android.hardware.touchscreen.multitouch.jazzhand, version: 0
02-26 16:54:04.893  1313  1313 D PackageManager: read feature info, get name: android.hardware.vulkan.version, version: 0
02-26 16:54:04.893  1313  1313 D PackageManager: read feature info, get name: android.software.device_id_attestation, version: 0
