02-26 16:54:05.520  1630  1630 W System.err: 	at android.view.Choreographer$CallbackRecord.run(Choreographer.java:1047)
02-26 16:54:05.520  1630  1630 W System.err: 	at android.view.Choreographer.doCallbacks(Choreographer.java:845)
02-26 16:54:05.520  1630  1630 W System.err: 	at android.view.Choreographer.doFrame(Choreographer.java:780)
02-26 16:54:05.520  1630  1630 W System.err: 	at android.view.Choreographer$FrameDisplayEventReceiver.run(Choreographer.java:1032)
02-26 16:54:05.520  1630  1630 W System.err: 	at android.os.Handler.handleCallback(Handler.java:938)
02-26 16:54:05.520  1630  1630 W System.err: 	at android.os.Handler.dispatchMessage(Handler.java:99)
02-26 16:54:05.520  1630  1630 W System.err: 	at android.os.Looper.loopOnce(Looper.java:201)
02-26 16:54:05.520  1630  1630 W System.err: 	at android.os.Looper.loop(Looper.java:288)
02-26 16:54:05.520  1630  1630 W System.err: 	at android.app.ActivityThread.main(ActivityThread.java:8060)
02-26 16:54:05.520  1630  1630 W System.err: 	at java.lang.reflect.Method.invoke(Native Method)
02-26 16:54:05.520  1630  1630 W System.err: 	at com.android.internal.os.RuntimeInit$MethodAndArgsCaller.run(RuntimeInit.java:571)
02-26 16:54:05.520  1630  1630 W System.err: 	at com.android.internal.os.ZygoteInit.main(ZygoteInit.java:1091)
02-26 16:54:05.520  1630  1630 D Launcher.Workspace: setInsets: insets = Rect(0, 0 - 0, 0)
02-26 16:54:05.526  1630  1630 D Launcher.Workspace: setInsets: insets = Rect(0, 0 - 0, 0)
02-26 16:54:05.527  1503  1503 D NavigationModeController: getCurrentUserContext: contextUser=0 currentUser=0
02-26 16:54:05.527  1503  1503 D NavigationModeController: getCurrentInteractionMode: mode=0 contextUser=0
02-26 16:54:05.527  1503  1503 D NavigationModeController: updateCurrentInteractionMode: mode=0
02-26 16:54:05.527  1503  1503 D NavigationModeController:   contextUser=0
02-26 16:54:05.527  1503  1503 D NavigationModeController:   assetPaths=
02-26 16:54:05.527  1503  1503 D NavigationModeController:     <empty> and /system/framework/framework-res.apk
02-26 16:54:05.527  1503  1503 D NavigationModeController:     <empty> and /system/system_ext/priv-app/SystemUI/SystemUI.apk
02-26 16:54:05.527  1503  1503 D NavigationModeController:     /data/resource-cache/com.android.systemui-neutral-jOGU.frro
02-26 16:54:05.527  1503  1503 D NavigationModeController:     /data/resource-cache/com.android.systemui-accent-OfJI.frro
02-26 16:54:05.527  1503  1503 D NavigationModeController: getCurrentInteractionMode: mode=0 contextUser=0
02-26 16:54:05.528  1503  1757 V MediaRouter: Selecting route: RouteInfo{ name=手机, description=null, status=null, category=RouteCategory{ name=系统 types=ROUTE_TYPE_LIVE_AUDIO ROUTE_TYPE_LIVE_VIDEO  groupable=false }, supportedTypes=ROUTE_TYPE_LIVE_AUDIO ROUTE_TYPE_LIVE_VIDEO , presentationDisplay=null }
02-26 16:54:05.528  1503  1757 I MediaRouter: Skip setBluetoothA2dpOn(): types=8388615, isPlaybackActive()=false, BT route=null
02-26 16:54:05.533  1148  1148 I Binder:1148_2: type=1400 audit(0.0:1967): avc: denied { use } for path="socket:[13126]" dev="sockfs" ino=13126 scontext=u:r:init:s0 tcontext=u:r:adbd:s0 tclass=fd permissive=1
02-26 16:54:05.533  1148  1148 I Binder:1148_2: type=1400 audit(0.0:1968): avc: denied { read write } for path="socket:[13126]" dev="sockfs" ino=13126 scontext=u:r:init:s0 tcontext=u:r:adbd:s0 tclass=tcp_socket permissive=1
02-26 16:54:05.533  1148  1148 I Binder:1148_2: type=1400 audit(0.0:1969): avc: denied { getopt } for laddr=::ffff:192.168.0.112 lport=5555 faddr=::ffff:192.168.0.108 fport=39202 scontext=u:r:init:s0 tcontext=u:r:adbd:s0 tclass=tcp_socket permissive=1
02-26 16:54:05.533  1148  1148 I Binder:1148_2: type=1400 audit(0.0:1970): avc: denied { setopt } for laddr=::ffff:192.168.0.112 lport=5555 faddr=::ffff:192.168.0.108 fport=39202 scontext=u:r:init:s0 tcontext=u:r:adbd:s0 tclass=tcp_socket permissive=1
02-26 16:54:05.533  1176  1176 I adbd    : type=1400 audit(0.0:1971): avc: denied { use } for path="/dev/null" dev="tmpfs" ino=10488 scontext=u:r:adbd:s0 tcontext=u:r:kernel:s0 tclass=fd permissive=1
02-26 16:54:05.535  1176  1758 I adbd    : host-15: read thread spawning
02-26 16:54:05.533  1176  1176 I adbd    : type=1400 audit(0.0:1972): avc: denied { sendto } for path="/dev/socket/logdw" scontext=u:r:adbd:s0 tcontext=u:r:init:s0 tclass=unix_dgram_socket permissive=1
02-26 16:54:05.535  1176  1176 I adbd    : host-15: already offline
02-26 16:54:05.535  1176  1176 I adbd    : authentication not required
02-26 16:54:05.533  1760  1760 I adbd    : type=1400 audit(0.0:1973): avc: denied { search } for name="/" dev="sda6" ino=2 scontext=u:r:adbd:s0 tcontext=u:object_r:unlabeled:s0 tclass=dir permissive=1
02-26 16:54:05.533  1760  1760 I adbd    : type=1400 audit(0.0:1974): avc: denied { execute } for name="sh" dev="sda6" ino=846 scontext=u:r:adbd:s0 tcontext=u:object_r:unlabeled:s0 tclass=file permissive=1
02-26 16:54:05.533  1760  1760 I adbd    : type=1400 audit(0.0:1975): avc: denied { read open } for path="/system/bin/sh" dev="sda6" ino=846 scontext=u:r:adbd:s0 tcontext=u:object_r:unlabeled:s0 tclass=file permissive=1
02-26 16:54:05.533  1760  1760 I adbd    : type=1400 audit(0.0:1976): avc: denied { execute_no_trans } for path="/system/bin/sh" dev="sda6" ino=846 scontext=u:r:adbd:s0 tcontext=u:object_r:unlabeled:s0 tclass=file permissive=1
02-26 16:54:05.533  1760  1760 I adbd    : type=1400 audit(0.0:1977): avc: denied { read } for name="linker64" dev="sda6" ino=733 scontext=u:r:adbd:s0 tcontext=u:object_r:unlabeled:s0 tclass=lnk_file permissive=1
02-26 16:54:05.533  1760  1760 I sh      : type=1400 audit(0.0:1978): avc: denied { map } for path="/system/bin/sh" dev="sda6" ino=846 scontext=u:r:adbd:s0 tcontext=u:object_r:unlabeled:s0 tclass=file permissive=1
02-26 16:54:05.536  1176  1759 I adbd    : host-15: write thread spawning
02-26 16:54:05.533  1760  1760 I sh      : type=1400 audit(0.0:1979): avc: denied { getattr } for path="/system/bin/sh" dev="sda6" ino=846 scontext=u:r:adbd:s0 tcontext=u:object_r:unlabeled:s0 tclass=file permissive=1
02-26 16:54:05.533  1760  1760 I sh      : type=1400 audit(0.0:1980): avc: denied { read } for name="/" dev="sda6" ino=2 scontext=u:r:adbd:s0 tcontext=u:object_r:unlabeled:s0 tclass=dir permissive=1
02-26 16:54:05.533  1760  1760 I sh      : type=1400 audit(0.0:1981): avc: denied { getattr } for path="/system" dev="sda6" ino=2 scontext=u:r:adbd:s0 tcontext=u:object_r:unlabeled:s0 tclass=dir permissive=1
02-26 16:54:05.536  1630  1721 D hw-ProcessState: Binder ioctl to enable oneway spam detection failed: Invalid argument
02-26 16:54:05.536  1630  1721 E HidlServiceManagement: getService: Potential race detected, descriptor: android.hardware.configstore@1.0::ISurfaceFlingerConfigs instance: default
02-26 16:54:05.536  1630  1721 W OpenGLRenderer: Failed to choose config with EGL_SWAP_BEHAVIOR_PRESERVED, retrying without...
02-26 16:54:05.533  1503  1503 I ndroid.systemui: type=1400 audit(0.0:1982): avc: denied { execute } for path="/system/lib64/libsoundpool.so" dev="sda6" ino=3876 scontext=u:r:platform_app:s0:c512,c768 tcontext=u:object_r:unlabeled:s0 tclass=file permissive=1 app=com.android.systemui
02-26 16:54:05.537  1313  1424 W BestClock: java.time.DateTimeException: Missing NTP fix
02-26 16:54:05.537  1313  1424 D ConnectivityService: Setting DNS servers for network 100 to [/192.168.0.1]
02-26 16:54:05.533  1074  1074 I servicemanager: type=1400 audit(0.0:1983): avc: denied { transfer } for scontext=u:r:init:s0 tcontext=u:r:platform_app:s0:c512,c768 tclass=binder permissive=1
02-26 16:54:05.537  1313  1415 W BestClock: java.time.DateTimeException: Missing NTP fix
02-26 16:54:05.536  1185  1185 I Binder:1185_1: type=1400 audit(0.0:1984): avc: denied { call } for scontext=u:r:init:s0 tcontext=u:r:platform_app:s0:c512,c768 tclass=binder permissive=1
02-26 16:54:05.536  1503  1503 I SoundDecoder_1: type=1400 audit(0.0:1985): avc: denied { use } for path="/dev/ashmem46eccec4-ce1f-4e4f-9d21-cab1f0d666d4" dev="tmpfs" ino=11456 scontext=u:r:init:s0 tcontext=u:r:platform_app:s0:c512,c768 tclass=fd permissive=1 app=com.android.systemui
02-26 16:54:05.540  1174  1244 E HWComposer: getSupportedContentTypes: getSupportedContentTypes failed for display 4619827820427265280: Unsupported (8)
02-26 16:54:05.542  1313  1324 W System  : A resource failed to call release. 
02-26 16:54:05.542  1313  1324 W System  : A resource failed to call release. 
02-26 16:54:05.542  1313  1324 W System  : A resource failed to call release. 
02-26 16:54:05.542  1503  1763 D MediaCodecList: codecHandlesFormat: no format, so no extra checks
02-26 16:54:05.542  1313  1324 W System  : A resource failed to call close. 
02-26 16:54:05.542  1503  1764 D MediaCodecList: codecHandlesFormat: no format, so no extra checks
02-26 16:54:05.542  1503  1763 D MediaCodecList: codecHandlesFormat: no format, so no extra checks
02-26 16:54:05.542  1503  1764 D MediaCodecList: codecHandlesFormat: no format, so no extra checks
02-26 16:54:05.542  1503  1765 D CCodec  : allocate(c2.android.vorbis.decoder)
02-26 16:54:05.542  1503  1766 D CCodec  : allocate(c2.android.vorbis.decoder)
02-26 16:54:05.543  1503  1765 D hw-ProcessState: Binder ioctl to enable oneway spam detection failed: Invalid argument
02-26 16:54:05.544  1075  1075 I hwservicemanager: getTransport: Cannot find entry android.hardware.graphics.mapper@4.0::IMapper/default in either framework or device VINTF manifest.
02-26 16:54:05.544  1630  1721 E HidlServiceManagement: getService: Potential race detected, descriptor: android.hardware.graphics.mapper@4.0::IMapper instance: default
02-26 16:54:05.544  1075  1075 I hwservicemanager: Since android.hardware.graphics.mapper@4.0::IMapper/default is not registered, trying to start it as a lazy HAL.
02-26 16:54:05.544  1503  1765 E HidlServiceManagement: getService: Potential race detected, descriptor: android.hidl.manager@1.2::IServiceManager instance: default
02-26 16:54:05.544  1630  1721 I Gralloc4: mapper 4.x is not supported
02-26 16:54:05.544  1075  1075 I hwservicemanager: getTransport: Cannot find entry android.hardware.graphics.mapper@3.0::IMapper/default in either framework or device VINTF manifest.
02-26 16:54:05.544  1630  1721 E HidlServiceManagement: getService: Potential race detected, descriptor: android.hardware.graphics.mapper@3.0::IMapper instance: default
02-26 16:54:05.544  1075  1075 I hwservicemanager: Since android.hardware.graphics.mapper@3.0::IMapper/default is not registered, trying to start it as a lazy HAL.
02-26 16:54:05.544  1503  1765 I Codec2Client: Available Codec2 services: "software"
02-26 16:54:05.544  1630  1721 W Gralloc3: mapper 3.x is not supported
02-26 16:54:05.539     1     1 I init    : type=1400 audit(0.0:1986): avc: denied { search } for name="1075" dev="proc" ino=9342 scontext=u:r:kernel:s0 tcontext=u:r:init:s0 tclass=dir permissive=1
02-26 16:54:05.544  1630  1721 E HidlServiceManagement: getService: Potential race detected, descriptor: android.hardware.graphics.mapper@2.0::IMapper instance: default
02-26 16:54:05.544  1503  1765 E HidlServiceManagement: getService: Potential race detected, descriptor: android.hardware.media.c2@1.0::IComponentStore instance: software
02-26 16:54:05.544  1075  1769 W libc    : Unable to set property "ctl.interface_start" to "android.hardware.graphics.mapper@3.0::IMapper/default": error code: 0x20
02-26 16:54:05.544  1075  1769 I hwservicemanager: Tried to start android.hardware.graphics.mapper@3.0::IMapper/default as a lazy service, but was unable to. Usually this happens when a service is not installed, but if the service is intended to be used as a lazy service, then it may be configured incorrectly.
02-26 16:54:05.544  1207  1207 V C2Store : in init
02-26 16:54:05.544  1207  1207 V C2Store : loading dll
02-26 16:54:05.544  1313  1341 W BestClock: java.time.DateTimeException: Missing NTP fix
02-26 16:54:05.545  1075  1768 W libc    : Unable to set property "ctl.interface_start" to "android.hardware.graphics.mapper@4.0::IMapper/default": error code: 0x20
02-26 16:54:05.545  1075  1768 I hwservicemanager: Tried to start android.hardware.graphics.mapper@4.0::IMapper/default as a lazy service, but was unable to. Usually this happens when a service is not installed, but if the service is intended to be used as a lazy service, then it may be configured incorrectly.
02-26 16:54:05.545  1503  1765 I CCodec  : Created component [c2.android.vorbis.decoder]
02-26 16:54:05.545  1503  1766 I CCodec  : Created component [c2.android.vorbis.decoder]
02-26 16:54:05.545  1503  1765 D CCodecConfig: read media type: audio/vorbis
02-26 16:54:05.545  1503  1766 D CCodecConfig: read media type: audio/vorbis
02-26 16:54:05.545  1075  1075 I hwservicemanager: getTransport: Cannot find entry android.hardware.graphics.allocator@4.0::IAllocator/default in either framework or device VINTF manifest.
02-26 16:54:05.545  1630  1721 E HidlServiceManagement: getService: Potential race detected, descriptor: android.hardware.graphics.allocator@4.0::IAllocator instance: default
02-26 16:54:05.545  1075  1075 I hwservicemanager: Since android.hardware.graphics.allocator@4.0::IAllocator/default is not registered, trying to start it as a lazy HAL.
02-26 16:54:05.545  1630  1721 W Gralloc4: allocator 4.x is not supported
02-26 16:54:05.545  1075  1075 I hwservicemanager: getTransport: Cannot find entry android.hardware.graphics.allocator@3.0::IAllocator/default in either framework or device VINTF manifest.
02-26 16:54:05.545  1630  1721 E HidlServiceManagement: getService: Potential race detected, descriptor: android.hardware.graphics.allocator@3.0::IAllocator instance: default
02-26 16:54:05.545  1075  1075 I hwservicemanager: Since android.hardware.graphics.allocator@3.0::IAllocator/default is not registered, trying to start it as a lazy HAL.
02-26 16:54:05.545  1630  1721 W Gralloc3: allocator 3.x is not supported
02-26 16:54:05.545  1630  1721 E HidlServiceManagement: getService: Potential race detected, descriptor: android.hardware.graphics.allocator@2.0::IAllocator instance: default
02-26 16:54:05.545  1503  1765 D ReflectedParamUpdater: extent() != 1 for single value type: algo.buffers.max-count.values
02-26 16:54:05.545  1503  1766 D ReflectedParamUpdater: extent() != 1 for single value type: algo.buffers.max-count.values
02-26 16:54:05.545  1503  1765 D ReflectedParamUpdater: extent() != 1 for single value type: output.subscribed-indices.values
02-26 16:54:05.545  1503  1765 D ReflectedParamUpdater: extent() != 1 for single value type: input.buffers.allocator-ids.values
02-26 16:54:05.545  1503  1765 D ReflectedParamUpdater: extent() != 1 for single value type: output.buffers.allocator-ids.values
02-26 16:54:05.545  1075  1775 W libc    : Unable to set property "ctl.interface_start" to "android.hardware.graphics.allocator@4.0::IAllocator/default": error code: 0x20
02-26 16:54:05.545  1503  1765 D ReflectedParamUpdater: extent() != 1 for single value type: algo.buffers.allocator-ids.values
02-26 16:54:05.545  1503  1766 D ReflectedParamUpdater: extent() != 1 for single value type: output.subscribed-indices.values
02-26 16:54:05.545  1630  1721 D gralloc_x86: gralloc_alloc: Creating ashmem region of size 8298496
02-26 16:54:05.545  1503  1765 D ReflectedParamUpdater: extent() != 1 for single value type: output.buffers.pool-ids.values
02-26 16:54:05.545  1503  1766 D ReflectedParamUpdater: extent() != 1 for single value type: input.buffers.allocator-ids.values
02-26 16:54:05.545  1075  1775 I hwservicemanager: Tried to start android.hardware.graphics.allocator@4.0::IAllocator/default as a lazy service, but was unable to. Usually this happens when a service is not installed, but if the service is intended to be used as a lazy service, then it may be configured incorrectly.
02-26 16:54:05.545  1503  1765 D ReflectedParamUpdater: extent() != 1 for single value type: algo.buffers.pool-ids.values
02-26 16:54:05.545  1075  1776 W libc    : Unable to set property "ctl.interface_start" to "android.hardware.graphics.allocator@3.0::IAllocator/default": error code: 0x20
02-26 16:54:05.545  1075  1776 I hwservicemanager: Tried to start android.hardware.graphics.allocator@3.0::IAllocator/default as a lazy service, but was unable to. Usually this happens when a service is not installed, but if the service is intended to be used as a lazy service, then it may be configured incorrectly.
02-26 16:54:05.545  1503  1766 D ReflectedParamUpdater: extent() != 1 for single value type: output.buffers.allocator-ids.values
02-26 16:54:05.545  1503  1766 D ReflectedParamUpdater: extent() != 1 for single value type: algo.buffers.allocator-ids.values
02-26 16:54:05.545  1503  1766 D ReflectedParamUpdater: extent() != 1 for single value type: output.buffers.pool-ids.values
02-26 16:54:05.545  1503  1766 D ReflectedParamUpdater: extent() != 1 for single value type: algo.buffers.pool-ids.values
02-26 16:54:05.546  1503  1765 I CCodecConfig: query failed after returning 7 values (BAD_INDEX)
02-26 16:54:05.546  1503  1765 D CCodecConfig: c2 config diff is Dict {
02-26 16:54:05.546  1503  1765 D CCodecConfig:   c2::u32 coded.bitrate.value = 64000
02-26 16:54:05.546  1503  1765 D CCodecConfig:   c2::u32 input.buffers.max-size.value = 32768
02-26 16:54:05.546  1503  1765 D CCodecConfig:   c2::u32 input.delay.value = 0
02-26 16:54:05.546  1503  1765 D CCodecConfig:   string input.media-type.value = "audio/vorbis"
02-26 16:54:05.546  1503  1765 D CCodecConfig:   string output.media-type.value = "audio/raw"
02-26 16:54:05.546  1503  1765 D CCodecConfig:   c2::u32 raw.channel-count.value = 1
02-26 16:54:05.546  1503  1765 D CCodecConfig:   c2::u32 raw.sample-rate.value = 48000
02-26 16:54:05.546  1503  1765 D CCodecConfig: }
02-26 16:54:05.546  1503  1766 I CCodecConfig: query failed after returning 7 values (BAD_INDEX)
02-26 16:54:05.546  1503  1766 D CCodecConfig: c2 config diff is Dict {
02-26 16:54:05.546  1503  1766 D CCodecConfig:   c2::u32 coded.bitrate.value = 64000
02-26 16:54:05.546  1503  1766 D CCodecConfig:   c2::u32 input.buffers.max-size.value = 32768
02-26 16:54:05.546  1503  1766 D CCodecConfig:   c2::u32 input.delay.value = 0
02-26 16:54:05.546  1503  1766 D CCodecConfig:   string input.media-type.value = "audio/vorbis"
02-26 16:54:05.546  1503  1766 D CCodecConfig:   string output.media-type.value = "audio/raw"
02-26 16:54:05.546  1503  1766 D CCodecConfig:   c2::u32 raw.channel-count.value = 1
02-26 16:54:05.546  1503  1766 D CCodecConfig:   c2::u32 raw.sample-rate.value = 48000
02-26 16:54:05.546  1503  1766 D CCodecConfig: }
02-26 16:54:05.546  1503  1765 D CCodec  : [c2.android.vorbis.decoder] buffers are bound to CCodec for this session
02-26 16:54:05.546  1503  1766 D CCodec  : [c2.android.vorbis.decoder] buffers are bound to CCodec for this session
02-26 16:54:05.546  1503  1765 D CCodecConfig: no c2 equivalents for durationUs
02-26 16:54:05.546  1503  1765 D CCodecConfig: no c2 equivalents for track-id
02-26 16:54:05.546  1503  1766 D CCodecConfig: no c2 equivalents for durationUs
02-26 16:54:05.546  1503  1765 D CCodecConfig: no c2 equivalents for csd-1
02-26 16:54:05.546  1503  1765 D CCodecConfig: no c2 equivalents for channel-mask
02-26 16:54:05.546  1503  1765 D CCodecConfig: no c2 equivalents for flags
02-26 16:54:05.546  1503  1766 D CCodecConfig: no c2 equivalents for track-id
02-26 16:54:05.546  1503  1766 D CCodecConfig: no c2 equivalents for csd-1
02-26 16:54:05.546  1503  1766 D CCodecConfig: no c2 equivalents for channel-mask
02-26 16:54:05.546  1503  1766 D CCodecConfig: no c2 equivalents for flags
02-26 16:54:05.546  1503  1765 D CCodecConfig: c2 config diff is   c2::u32 coded.bitrate.value = 160000
02-26 16:54:05.546  1503  1765 D CCodecConfig:   c2::u32 raw.channel-count.value = 2
02-26 16:54:05.546  1503  1765 D CCodecConfig:   c2::u32 raw.sample-rate.value = 44100
02-26 16:54:05.546  1503  1766 D CCodecConfig: c2 config diff is   c2::u32 coded.bitrate.value = 160000
02-26 16:54:05.546  1503  1766 D CCodecConfig:   c2::u32 raw.channel-count.value = 2
02-26 16:54:05.546  1503  1766 D CCodecConfig:   c2::u32 raw.sample-rate.value = 44100
02-26 16:54:05.546  1503  1765 W Codec2Client: query -- param skipped: index = 1107298332.
02-26 16:54:05.546  1503  1765 D CCodec  : setup formats input: AMessage(what = 0x00000000) = {
02-26 16:54:05.546  1503  1765 D CCodec  :   int32_t bitrate = 160000
02-26 16:54:05.546  1503  1765 D CCodec  :   int32_t channel-count = 2
02-26 16:54:05.546  1503  1765 D CCodec  :   int32_t max-input-size = 32768
02-26 16:54:05.546  1503  1765 D CCodec  :   string mime = "audio/vorbis"
02-26 16:54:05.546  1503  1765 D CCodec  :   int32_t sample-rate = 44100
02-26 16:54:05.546  1503  1765 D CCodec  : }
02-26 16:54:05.546  1503  1765 D CCodec  : setup formats output: AMessage(what = 0x00000000) = {
02-26 16:54:05.546  1503  1765 D CCodec  :   int32_t channel-count = 2
02-26 16:54:05.546  1503  1765 D CCodec  :   string mime = "audio/raw"
02-26 16:54:05.546  1503  1765 D CCodec  :   int32_t sample-rate = 44100
02-26 16:54:05.546  1503  1765 D CCodec  :   int32_t channel-mask = 3
02-26 16:54:05.546  1503  1765 D CCodec  : }
02-26 16:54:05.546  1503  1766 W Codec2Client: query -- param skipped: index = 1107298332.
02-26 16:54:05.546  1503  1766 D CCodec  : setup formats input: AMessage(what = 0x00000000) = {
02-26 16:54:05.546  1503  1766 D CCodec  :   int32_t bitrate = 160000
02-26 16:54:05.546  1503  1766 D CCodec  :   int32_t channel-count = 2
02-26 16:54:05.546  1503  1766 D CCodec  :   int32_t max-input-size = 32768
02-26 16:54:05.546  1503  1766 D CCodec  :   string mime = "audio/vorbis"
02-26 16:54:05.546  1503  1766 D CCodec  :   int32_t sample-rate = 44100
02-26 16:54:05.546  1503  1766 D CCodec  : }
02-26 16:54:05.546  1503  1766 D CCodec  : setup formats output: AMessage(what = 0x00000000) = {
02-26 16:54:05.546  1503  1766 D CCodec  :   int32_t channel-count = 2
02-26 16:54:05.546  1503  1766 D CCodec  :   string mime = "audio/raw"
02-26 16:54:05.546  1503  1766 D CCodec  :   int32_t sample-rate = 44100
02-26 16:54:05.546  1503  1766 D CCodec  :   int32_t channel-mask = 3
02-26 16:54:05.546  1503  1766 D CCodec  : }
02-26 16:54:05.546  1503  1765 I CCodecConfig: query failed after returning 7 values (BAD_INDEX)
02-26 16:54:05.546  1503  1766 I CCodecConfig: query failed after returning 7 values (BAD_INDEX)
02-26 16:54:05.547  1503  1765 W Codec2Client: query -- param skipped: index = 1342179345.
02-26 16:54:05.547  1503  1765 W Codec2Client: query -- param skipped: index = 2415921170.
02-26 16:54:05.547  1503  1766 W Codec2Client: query -- param skipped: index = 1342179345.
02-26 16:54:05.547  1503  1766 W Codec2Client: query -- param skipped: index = 2415921170.
02-26 16:54:05.547  1503  1766 D C2Store : Using ION
02-26 16:54:05.547  1503  1766 D CCodecBufferChannel: [c2.android.vorbis.decoder#437] Created input block pool with allocatorID 16 => poolID 17 - OK (0)
02-26 16:54:05.547  1503  1766 I CCodecBufferChannel: [c2.android.vorbis.decoder#437] Created output block pool with allocatorID 16 => poolID 23 - OK
02-26 16:54:05.547  1503  1766 D CCodecBufferChannel: [c2.android.vorbis.decoder#437] Configured output block pool ids 23 => OK
02-26 16:54:05.547  1503  1765 D CCodecBufferChannel: [c2.android.vorbis.decoder#747] Created input block pool with allocatorID 16 => poolID 18 - OK (0)
02-26 16:54:05.547  1503  1766 E ion     : ioctl c0044901 failed with code -1: Inappropriate ioctl for device
02-26 16:54:05.547  1503  1765 I CCodecBufferChannel: [c2.android.vorbis.decoder#747] Created output block pool with allocatorID 16 => poolID 24 - OK
02-26 16:54:05.547  1503  1765 D CCodecBufferChannel: [c2.android.vorbis.decoder#747] Configured output block pool ids 24 => OK
02-26 16:54:05.547  1207  1773 D SimpleC2Component: Using output block pool with poolID 23 => got 23 - 0
02-26 16:54:05.546  1762  1762 I curl    : type=1400 audit(0.0:1987): avc: denied { use } for path="/dev/null" dev="tmpfs" ino=10488 scontext=u:r:adbd:s0 tcontext=u:r:kernel:s0 tclass=fd permissive=1
02-26 16:54:05.557  1630  1777 D gralloc_x86: gralloc_alloc: Creating ashmem region of size 8298496
02-26 16:54:05.557  1630  1777 D gralloc_x86: gralloc_alloc: Creating ashmem region of size 8298496
02-26 16:54:05.578  1313  1341 W BestClock: java.time.DateTimeException: Missing NTP fix
02-26 16:54:05.579  1313  1424 W BestClock: java.time.DateTimeException: Missing NTP fix
02-26 16:54:05.582  1207  1774 D SimpleC2Component: Using output block pool with poolID 24 => got 24 - 0
02-26 16:54:05.583  1630  1630 I RenderThread: type=1400 audit(0.0:1988): avc: denied { use } for path="/dev/ashmem46eccec4-ce1f-4e4f-9d21-cab1f0d666d4" dev="tmpfs" ino=11456 scontext=u:r:init:s0 tcontext=u:r:system_app:s0 tclass=fd permissive=1
02-26 16:54:05.583  1174  1174 I Binder:1174_2: type=1400 audit(0.0:1989): avc: denied { read write } for name="vaddress" dev="tmpfs" ino=14428 scontext=u:r:init:s0 tcontext=u:object_r:device:s0 tclass=chr_file permissive=1
02-26 16:54:05.583  1174  1174 I Binder:1174_2: type=1400 audit(0.0:1990): avc: denied { open } for path="/dev/vaddress" dev="tmpfs" ino=14428 scontext=u:r:init:s0 tcontext=u:object_r:device:s0 tclass=chr_file permissive=1
02-26 16:54:05.583  1174  1174 I Binder:1174_2: type=1400 audit(0.0:1991): avc: denied { map } for path="/dev/vaddress" dev="tmpfs" ino=14428 scontext=u:r:init:s0 tcontext=u:object_r:device:s0 tclass=chr_file permissive=1
02-26 16:54:05.596  1503  1765 D CCodecBufferChannel: [c2.android.vorbis.decoder#747] MediaCodec discarded an unknown buffer
02-26 16:54:05.596  1503  1765 I hw-BpHwBinder: onLastStrongRef automatically unlinking death recipients
02-26 16:54:05.596  1503  1766 I hw-BpHwBinder: onLastStrongRef automatically unlinking death recipients
02-26 16:54:05.596  1207  1645 I hw-BpHwBinder: onLastStrongRef automatically unlinking death recipients
02-26 16:54:05.597  1207  1645 V C2Store : in ~ComponentModule
02-26 16:54:05.597  1207  1645 V C2Store : unloading dll
02-26 16:54:05.597  1503  1503 D InterruptionStateProvider: heads up is enabled
02-26 16:54:05.598  1503  1503 D NavigationModeController: getCurrentInteractionMode: mode=0 contextUser=0
02-26 16:54:05.599  1313  1333 I ActivityManagerTiming: FinishBooting
02-26 16:54:05.599  1313  1333 W KeyguardServiceDelegate: onScreenTurningOn(): no keyguard service!
02-26 16:54:05.599  1313  1333 I ActivityManager: Exiting empty application process 0:com.mumu.store/1000 (null)
02-26 16:54:05.599  1313  1333 I ActivityManager: Exiting empty application process 0:com.mumu.store/1000 (null)
02-26 16:54:05.599  1503  1764 D MediaCodecList: codecHandlesFormat: no format, so no extra checks
02-26 16:54:05.599  1503  1764 D MediaCodecList: codecHandlesFormat: no format, so no extra checks
02-26 16:54:05.599  1503  1786 D CCodec  : allocate(c2.android.vorbis.decoder)
02-26 16:54:05.599  1207  1645 V C2Store : in init
02-26 16:54:05.599  1207  1645 V C2Store : loading dll
02-26 16:54:05.596  1503  1503 I ndroid.systemui: type=1400 audit(0.0:1992): avc: denied { connectto } for path="/dev/socket/property_service" scontext=u:r:platform_app:s0:c512,c768 tcontext=u:r:kernel:s0 tclass=unix_stream_socket permissive=1 app=com.android.systemui
02-26 16:54:05.596     1     1 I init    : type=1400 audit(0.0:1993): avc: denied { compute_av } for scontext=u:r:kernel:s0 tcontext=u:object_r:kernel:s0 tclass=security permissive=1
02-26 16:54:05.596     1     1 I init    : type=1400 audit(0.0:1994): avc: denied { create } for scontext=u:r:kernel:s0 tcontext=u:r:kernel:s0 tclass=netlink_audit_socket permissive=1
02-26 16:54:05.596     1     1 I init    : type=1400 audit(0.0:1995): avc: denied { audit_write } for capability=29 scontext=u:r:kernel:s0 tcontext=u:r:kernel:s0 tclass=capability permissive=1
02-26 16:54:05.596     1     1 I /system/bin/init: type=1107 audit(0.0:1996): uid=0 auid=4294967295 ses=4294967295 subj=u:r:kernel:s0 msg='avc: denied { set } for property=nemud.statusbar_height pid=1503 uid=10027 gid=10027 scontext=u:r:platform_app:s0:c512,c768 tcontext=u:object_r:default_prop:s0 tclass=property_service permissive=1'
02-26 16:54:05.600  1503  1786 I CCodec  : Created component [c2.android.vorbis.decoder]
02-26 16:54:05.600  1503  1786 D CCodecConfig: read media type: audio/vorbis
02-26 16:54:05.600  1503  1786 D ReflectedParamUpdater: extent() != 1 for single value type: algo.buffers.max-count.values
02-26 16:54:05.600  1503  1786 D ReflectedParamUpdater: extent() != 1 for single value type: output.subscribed-indices.values
02-26 16:54:05.600  1503  1786 D ReflectedParamUpdater: extent() != 1 for single value type: input.buffers.allocator-ids.values
02-26 16:54:05.600  1503  1786 D ReflectedParamUpdater: extent() != 1 for single value type: output.buffers.allocator-ids.values
02-26 16:54:05.600  1503  1786 D ReflectedParamUpdater: extent() != 1 for single value type: algo.buffers.allocator-ids.values
02-26 16:54:05.600  1503  1786 D ReflectedParamUpdater: extent() != 1 for single value type: output.buffers.pool-ids.values
02-26 16:54:05.600  1503  1786 D ReflectedParamUpdater: extent() != 1 for single value type: algo.buffers.pool-ids.values
02-26 16:54:05.601  1503  1786 I CCodecConfig: query failed after returning 7 values (BAD_INDEX)
02-26 16:54:05.601  1503  1786 D CCodecConfig: c2 config diff is Dict {
02-26 16:54:05.601  1503  1786 D CCodecConfig:   c2::u32 coded.bitrate.value = 64000
02-26 16:54:05.601  1503  1786 D CCodecConfig:   c2::u32 input.buffers.max-size.value = 32768
02-26 16:54:05.601  1503  1786 D CCodecConfig:   c2::u32 input.delay.value = 0
02-26 16:54:05.601  1503  1786 D CCodecConfig:   string input.media-type.value = "audio/vorbis"
02-26 16:54:05.601  1503  1786 D CCodecConfig:   string output.media-type.value = "audio/raw"
02-26 16:54:05.601  1503  1786 D CCodecConfig:   c2::u32 raw.channel-count.value = 1
02-26 16:54:05.601  1503  1786 D CCodecConfig:   c2::u32 raw.sample-rate.value = 48000
02-26 16:54:05.601  1503  1786 D CCodecConfig: }
02-26 16:54:05.601  1503  1786 D CCodec  : [c2.android.vorbis.decoder] buffers are bound to CCodec for this session
02-26 16:54:05.601  1503  1786 D CCodecConfig: no c2 equivalents for durationUs
02-26 16:54:05.601  1503  1786 D CCodecConfig: no c2 equivalents for track-id
02-26 16:54:05.601  1503  1786 D CCodecConfig: no c2 equivalents for csd-1
02-26 16:54:05.601  1503  1786 D CCodecConfig: no c2 equivalents for channel-mask
02-26 16:54:05.601  1503  1786 D CCodecConfig: no c2 equivalents for flags
02-26 16:54:05.601  1503  1786 D CCodecConfig: c2 config diff is   c2::u32 coded.bitrate.value = 160000
02-26 16:54:05.601  1503  1786 D CCodecConfig:   c2::u32 raw.channel-count.value = 2
02-26 16:54:05.601  1503  1786 W Codec2Client: query -- param skipped: index = 1107298332.
02-26 16:54:05.601  1503  1786 D CCodec  : setup formats input: AMessage(what = 0x00000000) = {
02-26 16:54:05.601  1503  1786 D CCodec  :   int32_t bitrate = 160000
02-26 16:54:05.601  1503  1786 D CCodec  :   int32_t channel-count = 2
02-26 16:54:05.601  1503  1786 D CCodec  :   int32_t max-input-size = 32768
02-26 16:54:05.601  1503  1786 D CCodec  :   string mime = "audio/vorbis"
02-26 16:54:05.601  1503  1786 D CCodec  :   int32_t sample-rate = 48000
02-26 16:54:05.601  1503  1786 D CCodec  : }
02-26 16:54:05.601  1503  1786 D CCodec  : setup formats output: AMessage(what = 0x00000000) = {
02-26 16:54:05.601  1503  1786 D CCodec  :   int32_t channel-count = 2
02-26 16:54:05.601  1503  1786 D CCodec  :   string mime = "audio/raw"
02-26 16:54:05.601  1503  1786 D CCodec  :   int32_t sample-rate = 48000
02-26 16:54:05.601  1503  1786 D CCodec  :   int32_t channel-mask = 3
02-26 16:54:05.601  1503  1786 D CCodec  : }
02-26 16:54:05.601  1503  1786 I CCodecConfig: query failed after returning 7 values (BAD_INDEX)
02-26 16:54:05.601  1503  1786 W Codec2Client: query -- param skipped: index = 1342179345.
02-26 16:54:05.601  1503  1786 W Codec2Client: query -- param skipped: index = 2415921170.
02-26 16:54:05.601  1503  1786 D CCodecBufferChannel: [c2.android.vorbis.decoder#116] Created input block pool with allocatorID 16 => poolID 19 - OK (0)
02-26 16:54:05.602  1503  1786 I CCodecBufferChannel: [c2.android.vorbis.decoder#116] Created output block pool with allocatorID 16 => poolID 25 - OK
02-26 16:54:05.602  1503  1786 D CCodecBufferChannel: [c2.android.vorbis.decoder#116] Configured output block pool ids 25 => OK
02-26 16:54:05.602  1207  1787 D SimpleC2Component: Using output block pool with poolID 25 => got 25 - 0
02-26 16:54:05.602  1174  1174 I SurfaceFlinger: Enter boot animation
02-26 16:54:05.604  1503  1503 W AudioManager: attempt to call registerAudioRecordingCallback() on a previouslyregistered callback
02-26 16:54:05.605  1503  1786 D CCodecBufferChannel: [c2.android.vorbis.decoder#116] MediaCodec discarded an unknown buffer
02-26 16:54:05.605  1503  1786 D CCodecBufferChannel: [c2.android.vorbis.decoder#116] MediaCodec discarded an unknown buffer
02-26 16:54:05.605  1503  1786 D CCodecBufferChannel: [c2.android.vorbis.decoder#116] MediaCodec discarded an unknown buffer
02-26 16:54:05.605  1313  1424 W BestClock: java.time.DateTimeException: Missing NTP fix
02-26 16:54:05.606  1313  1424 D ConnectivityService: [100 WIFI] EVENT_NETWORK_INFO_CHANGED, going from CONNECTING to CONNECTED
02-26 16:54:05.606  1313  1415 W BestClock: java.time.DateTimeException: Missing NTP fix
02-26 16:54:05.606  1313  1415 W BestClock: java.time.DateTimeException: Missing NTP fix
02-26 16:54:05.606  1313  1424 D DnsManager: sendDnsConfigurationForNetwork(100, [192.168.0.1, 119.29.29.29], [], 1800, 25, 8, 64, 0, 0, , [])
02-26 16:54:05.606  1313  1341 W BestClock: java.time.DateTimeException: Missing NTP fix
02-26 16:54:05.606  1313  1424 W DnsManager: updatePrivateDns(100, PrivateDnsConfig{true:/[]})
02-26 16:54:05.606  1313  1424 D ConnectivityService: Setting DNS servers for network 100 to [/192.168.0.1]
02-26 16:54:05.606  1313  1424 D DnsManager: sendDnsConfigurationForNetwork(100, [192.168.0.1, 119.29.29.29], [], 1800, 25, 8, 64, 0, 0, , [192.168.0.1])
02-26 16:54:05.607  1148  1790 W resolv  : Validating DnsTlsServer 192.168.0.1 with mark 0xf0064
02-26 16:54:05.603  1148  1148 I TlsVerify_100: type=1400 audit(0.0:1997): avc: denied { create } for scontext=u:r:init:s0 tcontext=u:r:init:s0 tclass=tcp_socket permissive=1
02-26 16:54:05.607  1503  1786 I hw-BpHwBinder: onLastStrongRef automatically unlinking death recipients
02-26 16:54:05.607  1313  1424 D ConnectivityService: Adding iface wlan0 to network 100
02-26 16:54:05.607  1207  1645 I hw-BpHwBinder: onLastStrongRef automatically unlinking death recipients
02-26 16:54:05.607  1207  1645 V C2Store : in ~ComponentModule
02-26 16:54:05.607  1207  1645 V C2Store : unloading dll
02-26 16:54:05.607  1148  1148 E libnetd_resolv: Error adding route fe80::/64 -> (null) wlan0 to table 1002: File exists
02-26 16:54:05.607  1148  1148 E libnetd_resolv: Error adding route 192.168.0.0/24 -> (null) wlan0 to table 1002: File exists
02-26 16:54:05.607  1148  1148 E libnetd_resolv: Error adding route 0.0.0.0/0 -> 192.168.0.1 wlan0 to table 1002: File exists
02-26 16:54:05.607  1313  1424 D ConnectivityService: Setting DNS servers for network 100 to [/192.168.0.1]
02-26 16:54:05.607  1313  1424 D DnsManager: sendDnsConfigurationForNetwork(100, [192.168.0.1, 119.29.29.29], [], 1800, 25, 8, 64, 0, 0, , [192.168.0.1])
02-26 16:54:05.607  1313  1424 D ProxyTracker: sending Proxy Broadcast for [] 0 xl=
02-26 16:54:05.609  1313  1489 D ConnectivityService: requestNetwork for uid/pid:10027/1503 activeRequest: null callbackRequest: 27 [NetworkRequest [ REQUEST id=28, [ Capabilities: INTERNET&NOT_RESTRICTED&TRUSTED&NOT_VCN_MANAGED Uid: 10027 RequestorUid: 10027 RequestorPkg: com.android.systemui] ]] callback flags: 1 priority: 2147483647
02-26 16:54:05.609  1503  1503 V WifiManager: registerTrafficStateCallback: callback=com.android.systemui.statusbar.connectivity.WifiSignalController$WifiTrafficStateCallback@3a54697, executor=android.os.HandlerExecutor@2362a7b
02-26 16:54:05.610  1503  1503 V WifiManager: registerScanResultsCallback: callback=com.android.systemui.statusbar.connectivity.NetworkControllerImpl$5@8aae06d, executor=androidx.mediarouter.media.MediaRoute2Provider$$ExternalSyntheticLambda0@270f4a2
02-26 16:54:05.610  1313  1489 D ConnectivityService: requestNetwork for uid/pid:10027/1503 activeRequest: null callbackRequest: 29 [NetworkRequest [ REQUEST id=30, [ Capabilities: INTERNET&NOT_RESTRICTED&TRUSTED&NOT_VCN_MANAGED Uid: 10027 RequestorUid: 10027 RequestorPkg: com.android.systemui] ]] callback flags: 1 priority: 2147483647
02-26 16:54:05.614  1503  1503 D CompatibilityChangeReporter: Compat change id reported: 171228096; UID 10027; state: ENABLED
02-26 16:54:05.626  1503  1503 D NavigationModeController: getCurrentInteractionMode: mode=0 contextUser=0
02-26 16:54:05.626  1503  1503 V OverviewProxyService: Cannot attempt connection, is enabled false
02-26 16:54:05.627  1503  1503 D NavigationModeController: getCurrentInteractionMode: mode=0 contextUser=0
02-26 16:54:05.628  1503  1503 E EdgeBackGestureHandler: Failed to add gesture blocking activities
02-26 16:54:05.628  1503  1503 E EdgeBackGestureHandler: android.content.pm.PackageManager$NameNotFoundException: com.android.launcher3
02-26 16:54:05.628  1503  1503 E EdgeBackGestureHandler: 	at android.app.ApplicationPackageManager.getApplicationInfoAsUser(ApplicationPackageManager.java:452)
02-26 16:54:05.628  1503  1503 E EdgeBackGestureHandler: 	at android.app.ApplicationPackageManager.getApplicationInfo(ApplicationPackageManager.java:441)
02-26 16:54:05.628  1503  1503 E EdgeBackGestureHandler: 	at android.app.ApplicationPackageManager.getResourcesForApplication(ApplicationPackageManager.java:1774)
02-26 16:54:05.628  1503  1503 E EdgeBackGestureHandler: 	at com.android.systemui.navigationbar.gestural.EdgeBackGestureHandler.<init>(EdgeBackGestureHandler.java:322)
02-26 16:54:05.628  1503  1503 E EdgeBackGestureHandler: 	at com.android.systemui.navigationbar.gestural.EdgeBackGestureHandler$Factory.create(EdgeBackGestureHandler.java:988)
02-26 16:54:05.628  1503  1503 E EdgeBackGestureHandler: 	at com.android.systemui.navigationbar.TaskbarDelegate.<init>(TaskbarDelegate.java:149)
02-26 16:54:05.628  1503  1503 E EdgeBackGestureHandler: 	at com.android.systemui.navigationbar.TaskbarDelegate_Factory.newInstance(TaskbarDelegate_Factory.java:33)
02-26 16:54:05.628  1503  1503 E EdgeBackGestureHandler: 	at com.android.systemui.navigationbar.TaskbarDelegate_Factory.get(TaskbarDelegate_Factory.java:25)
02-26 16:54:05.628  1503  1503 E EdgeBackGestureHandler: 	at com.android.systemui.navigationbar.TaskbarDelegate_Factory.get(TaskbarDelegate_Factory.java:8)
02-26 16:54:05.628  1503  1503 E EdgeBackGestureHandler: 	at dagger.internal.DoubleCheck.get(DoubleCheck.java:47)
02-26 16:54:05.628  1503  1503 E EdgeBackGestureHandler: 	at com.android.systemui.navigationbar.NavigationBarController_Factory.get(NavigationBarController_Factory.java:86)
02-26 16:54:05.628  1503  1503 E EdgeBackGestureHandler: 	at com.android.systemui.navigationbar.NavigationBarController_Factory.get(NavigationBarController_Factory.java:18)
02-26 16:54:05.628  1503  1503 E EdgeBackGestureHandler: 	at dagger.internal.DoubleCheck.get(DoubleCheck.java:47)
02-26 16:54:05.628  1503  1503 E EdgeBackGestureHandler: 	at com.android.systemui.statusbar.phone.dagger.StatusBarPhoneModule_ProvideStatusBarFactory.get(StatusBarPhoneModule_ProvideStatusBarFactory.java:519)
02-26 16:54:05.628  1503  1503 E EdgeBackGestureHandler: 	at com.android.systemui.statusbar.phone.dagger.StatusBarPhoneModule_ProvideStatusBarFactory.get(StatusBarPhoneModule_ProvideStatusBarFactory.java:110)
02-26 16:54:05.628  1503  1503 E EdgeBackGestureHandler: 	at dagger.internal.DoubleCheck.get(DoubleCheck.java:47)
02-26 16:54:05.628  1503  1503 E EdgeBackGestureHandler: 	at com.android.systemui.dagger.ContextComponentResolver.resolve(ContextComponentResolver.java:99)
02-26 16:54:05.628  1503  1503 E EdgeBackGestureHandler: 	at com.android.systemui.dagger.ContextComponentResolver.resolveSystemUI(ContextComponentResolver.java:92)
02-26 16:54:05.628  1503  1503 E EdgeBackGestureHandler: 	at com.android.systemui.SystemUIApplication.startServicesIfNeeded(SystemUIApplication.java:209)
02-26 16:54:05.628  1503  1503 E EdgeBackGestureHandler: 	at com.android.systemui.SystemUIApplication.startServicesIfNeeded(SystemUIApplication.java:163)
02-26 16:54:05.628  1503  1503 E EdgeBackGestureHandler: 	at com.android.systemui.SystemUIService.onCreate(SystemUIService.java:70)
02-26 16:54:05.628  1503  1503 E EdgeBackGestureHandler: 	at android.app.ActivityThread.handleCreateService(ActivityThread.java:4628)
02-26 16:54:05.628  1503  1503 E EdgeBackGestureHandler: 	at android.app.ActivityThread.access$1700(ActivityThread.java:260)
02-26 16:54:05.628  1503  1503 E EdgeBackGestureHandler: 	at android.app.ActivityThread$H.handleMessage(ActivityThread.java:2151)
02-26 16:54:05.628  1503  1503 E EdgeBackGestureHandler: 	at android.os.Handler.dispatchMessage(Handler.java:106)
02-26 16:54:05.628  1503  1503 E EdgeBackGestureHandler: 	at android.os.Looper.loopOnce(Looper.java:201)
02-26 16:54:05.628  1503  1503 E EdgeBackGestureHandler: 	at android.os.Looper.loop(Looper.java:288)
02-26 16:54:05.628  1503  1503 E EdgeBackGestureHandler: 	at android.app.ActivityThread.main(ActivityThread.java:8060)
02-26 16:54:05.628  1503  1503 E EdgeBackGestureHandler: 	at java.lang.reflect.Method.invoke(Native Method)
02-26 16:54:05.628  1503  1503 E EdgeBackGestureHandler: 	at com.android.internal.os.RuntimeInit$MethodAndArgsCaller.run(RuntimeInit.java:571)
02-26 16:54:05.628  1503  1503 E EdgeBackGestureHandler: 	at com.android.internal.os.ZygoteInit.main(ZygoteInit.java:1091)
02-26 16:54:05.628  1503  1503 D NavigationModeController: getCurrentUserContext: contextUser=0 currentUser=0
02-26 16:54:05.628  1503  1503 D NavigationModeController: getCurrentInteractionMode: mode=0 contextUser=0
02-26 16:54:05.629  1630  1630 D create_screen: onReceive: action = nemu.intent.action.NEW_TASK
02-26 16:54:05.629  1313  1342 W BroadcastQueue: Background execution not allowed: receiving Intent { act=nemu.intent.action.NEW_TASK dat=package:com.mumu.launcher flg=0x10 (has extras) } to com.mumu.acc/.AccMsgReceiver
02-26 16:54:05.629  1466  1466 D TabManager: setFocusTaskProp 2
02-26 16:54:05.629  1313  1489 I RecentTaskMonitor: broadcast tab opened in android as it's new task1 2
02-26 16:54:05.626  1466  1466 I pi_android.nemu: type=1400 audit(0.0:1998): avc: denied { connectto } for path="/dev/socket/property_service" scontext=u:r:system_app:s0 tcontext=u:r:kernel:s0 tclass=unix_stream_socket permissive=1
02-26 16:54:05.626     1     1 I /system/bin/init: type=1107 audit(0.0:1999): uid=0 auid=4294967295 ses=4294967295 subj=u:r:kernel:s0 msg='avc: denied { set } for property=nemud.focus_task_id pid=1466 uid=1000 gid=1000 scontext=u:r:system_app:s0 tcontext=u:object_r:default_prop:s0 tclass=property_service permissive=1'
02-26 16:54:05.632  1503  1503 D NavigationModeController: getCurrentInteractionMode: mode=0 contextUser=0
02-26 16:54:05.633  1503  1503 I vol.Events: writeEvent collection_started
02-26 16:54:05.633  1148  1148 I TlsVerify_100: type=1400 audit(0.0:2000): avc: denied { getopt } for scontext=u:r:init:s0 tcontext=u:r:init:s0 tclass=tcp_socket permissive=1
02-26 16:54:05.633  1148  1148 I TlsVerify_100: type=1400 audit(0.0:2001): avc: denied { setattr } for name="TCP" dev="sockfs" ino=19841 scontext=u:r:init:s0 tcontext=u:r:init:s0 tclass=tcp_socket permissive=1
02-26 16:54:05.633  1148  1148 I TlsVerify_100: type=1400 audit(0.0:2002): avc: denied { setopt } for scontext=u:r:init:s0 tcontext=u:r:init:s0 tclass=tcp_socket permissive=1
02-26 16:54:05.633  1148  1148 I TlsVerify_100: type=1400 audit(0.0:2003): avc: denied { connect } for scontext=u:r:init:s0 tcontext=u:r:init:s0 tclass=tcp_socket permissive=1
02-26 16:54:05.633  1148  1148 I TlsVerify_100: type=1400 audit(0.0:2004): avc: denied { name_connect } for dest=853 scontext=u:r:init:s0 tcontext=u:object_r:port:s0 tclass=tcp_socket permissive=1
02-26 16:54:05.635  1313  1341 W BestClock: java.time.DateTimeException: Missing NTP fix
02-26 16:54:05.636  1148  1790 W resolv  : SSL_connect ssl error =5, mark 0xf0064: Connection refused
02-26 16:54:05.636  1148  1790 W resolv  : TLS Handshake failed
02-26 16:54:05.636  1148  1790 W resolv  : query failed
02-26 16:54:05.636  1148  1790 W resolv  : validateDnsTlsServer returned 0 for 192.168.0.1
02-26 16:54:05.636  1148  1790 W resolv  : Validation failed
02-26 16:54:05.633  1148  1148 I TlsVerify_100: type=1400 audit(0.0:2005): avc: denied { write } for path="socket:[19841]" dev="sockfs" ino=19841 scontext=u:r:init:s0 tcontext=u:r:init:s0 tclass=tcp_socket permissive=1
02-26 16:54:05.636  1313  1424 W BestClock: java.time.DateTimeException: Missing NTP fix
02-26 16:54:05.644  1503  1794 I vol.Events: writeEvent level_changed STREAM_VOICE_CALL 5
02-26 16:54:05.644  1503  1794 I vol.Events: writeEvent level_changed STREAM_SYSTEM 7
02-26 16:54:05.644  1503  1794 I vol.Events: writeEvent mute_changed STREAM_SYSTEM true
02-26 16:54:05.644  1503  1794 I vol.Events: writeEvent level_changed STREAM_RING 7
02-26 16:54:05.645  1503  1794 I vol.Events: writeEvent mute_changed STREAM_RING true
02-26 16:54:05.645  1503  1794 I vol.Events: writeEvent internal_ringer_mode_changed unknown
02-26 16:54:05.645  1503  1794 I vol.Events: writeEvent level_changed STREAM_MUSIC 100
02-26 16:54:05.645  1503  1794 I vol.Events: writeEvent mute_changed STREAM_MUSIC true
02-26 16:54:05.645  1503  1794 I vol.Events: writeEvent level_changed STREAM_ALARM 7
02-26 16:54:05.645  1503  1794 I vol.Events: writeEvent level_changed STREAM_BLUETOOTH_SCO 7
02-26 16:54:05.645  1503  1794 I vol.Events: writeEvent external_ringer_mode_changed unknown
02-26 16:54:05.645  1503  1794 I vol.Events: writeEvent zen_mode_config_changed [disallowAlarms=false disallowMedia=false disallowSystem=true disallowRinger=false]
02-26 16:54:05.648  1503  1503 I TetheringManager: registerTetheringEventCallback:com.android.systemui
02-26 16:54:05.648  1503  1503 I TetheringManager: registerTetheringEventCallback caller:com.android.systemui
02-26 16:54:05.654  1313  1328 I StatusBarManagerService: registerStatusBar bar=com.android.internal.statusbar.IStatusBar$Stub$Proxy@987fd61
02-26 16:54:05.660  1503  1503 I CameraManagerGlobal: Connecting to camera service
02-26 16:54:05.666  1503  1503 D CompatibilityChangeReporter: Compat change id reported: 170233598; UID 10027; state: DISABLED
02-26 16:54:05.672  1313  1424 W BestClock: java.time.DateTimeException: Missing NTP fix
02-26 16:54:05.672  1313  1417 D WifiClientModeImpl[wlan0]: Received signal strength thresholds: []
02-26 16:54:05.672  1313  1424 D ConnectivityService: NetReassign [7 : null → 100, 15 : null → 100, 22 : null → 100, 20 : null → 100, 23 : null → 100, 17 : null → 100, 25 : null → 100, 1 : null → 100]
02-26 16:54:05.672  1313  1415 W BestClock: java.time.DateTimeException: Missing NTP fix
02-26 16:54:05.672  1313  1424 D ConnectivityService: Switching to new default network for: uid/pid:1000/1313 activeRequest: 1 callbackRequest: 1 [NetworkRequest [ REQUEST id=1, [ Capabilities: INTERNET&NOT_RESTRICTED&TRUSTED&NOT_VPN&NOT_VCN_MANAGED RequestorUid: 1000 RequestorPkg: android] ]] callback flags: 1 priority: 2147483647 using NetworkAgentInfo{network{100}  handle{432902426637}  ni{WIFI CONNECTED extra: } Score(60 ; KeepConnected : 0 ; Policies : TRANSPORT_PRIMARY&IS_UNMETERED)   lp{{InterfaceName: wlan0 LinkAddresses: [ fe80::e2cf:e2e0:c750:3bc9/64,192.168.0.112/24 ] DnsAddresses: [ /192.168.0.1 ] Domains: null MTU: 0 ServerAddress: /192.168.0.1 TcpBufferSizes: 524288,1048576,2097152,262144,524288,1048576 Routes: [ fe80::/64 -> :: wlan0 mtu 0,192.168.0.0/24 -> 0.0.0.0 wlan0 mtu 0,0.0.0.0/0 -> 192.168.0.1 wlan0 mtu 0 ] HttpProxy: [192.168.0.108] 8888 xl=}}  nc{[ Transports: WIFI Capabilities: NOT_METERED&INTERNET&NOT_RESTRICTED&TRUSTED&NOT_VPN&NOT_ROAMING&FOREGROUND&NOT_CONGESTED&NOT_SUSPENDED&NOT_VCN_MANAGED LinkUpBandwidth>=12000Kbps LinkDnBandwidth>=60000Kbps Specifier: <WifiNetworkAgentSpecifier [WifiConfiguration=, SSID="Xiaomi_f8c8bcb38d4f", BSSID=4f:8d:b3:bc:c8:f8, band=2, mMatchLocalOnlySpecifiers=false]> TransportInfo: <SSID: "Xiaomi_f8c8bcb38d4f", BSSID: 4f:8d:b3:bc:c8:f8, MAC: 08:cd:fb:dc:af:03, Security type: 0, Supplicant state: COMPLETED, Wi-Fi standard: 5, RSSI: -50, Link speed: 100Mbps, Tx Link speed: 100Mbps, Max Supported Tx Link speed: 96Mbps, Rx Link speed: 100Mbps, Max Supported Rx Link speed: 96Mbps, Frequency: 5180MHz, Net ID: 0, Metered hint: false, score: 60, CarrierMerged: false, SubscriptionId: -1, IsPrimary: 1> SignalStrength: -50 OwnerUid: 1000 AdminUids: [1000] SSID: "Xiaomi_f8c8bcb38d4f"]}}
02-26 16:54:05.672  1313  1417 E WifiVendorHal: stopRssiMonitoring(l.2617) failed {.code = ERROR_NOT_AVAILABLE, .description = }
02-26 16:54:05.669  1180  1180 I iptables-restor: type=1400 audit(0.0:2006): avc: denied { setopt } for lport=255 scontext=u:r:init:s0 tcontext=u:r:init:s0 tclass=rawip_socket permissive=1
02-26 16:54:05.669  1180  1180 I iptables-restor: type=1400 audit(0.0:2007): avc: denied { prog_run } for scontext=u:r:init:s0 tcontext=u:r:init:s0 tclass=bpf permissive=1
02-26 16:54:05.673  1591  1800 D NetworkMonitor/100: Validation disabled.
02-26 16:54:05.673  1313  1341 W BestClock: java.time.DateTimeException: Missing NTP fix
02-26 16:54:05.673  1313  1424 D ProxyTracker: sending Proxy Broadcast for [192.168.0.108] 8888 xl=
