02-26 16:59:41.646  1186  1186 D hw-ProcessState: Binder ioctl to enable oneway spam detection failed: Invalid argument
02-26 16:59:41.646  1073  1073 E SELinux : avc:  denied  { add } for interface=android.system.wifi.keystore::IKeystore sid=u:r:init:s0 pid=1186 scontext=u:r:init:s0 tcontext=u:object_r:system_wifi_keystore_hwservice:s0 tclass=hwservice_manager permissive=1
02-26 16:59:41.646  1186  1186 I HidlServiceManagement: Registered android.system.wifi.keystore@1.0::IKeystore/default
02-26 16:59:41.648  1146  1146 I zygote  : Explicit concurrent copying GC freed 3331(138KB) AllocSpace objects, 0(0B) LOS objects, 49% free, 1944KB/3889KB, paused 3us,2us total 3.161ms
02-26 16:59:41.646  1146  1146 I main    : type=1400 audit(0.0:1518): avc: denied { search } for name="/" dev="sda6" ino=2 scontext=u:r:zygote:s0 tcontext=u:object_r:unlabeled:s0 tclass=dir permissive=1
02-26 16:59:41.646  1146  1146 I main    : type=1400 audit(0.0:1519): avc: denied { read } for name="system_ext" dev="tmpfs" ino=8157 scontext=u:r:zygote:s0 tcontext=u:object_r:tmpfs:s0 tclass=lnk_file permissive=1
02-26 16:59:41.649  1146  1146 E libprocessgroup: Failed to read task profiles from /etc/task_profiles.json
02-26 16:59:41.649  1146  1146 E libprocessgroup: Loading /etc/task_profiles.json for [1146] failed
02-26 16:59:41.646  1146  1146 I main    : type=1400 audit(0.0:1520): avc: denied { connectto } for path="/dev/socket/property_service" scontext=u:r:zygote:s0 tcontext=u:r:kernel:s0 tclass=unix_stream_socket permissive=1
02-26 16:59:41.649  1146  1146 I Zygote  : Accepting command socket connections
02-26 16:59:41.663  1146  1146 I main    : type=1400 audit(0.0:1521): avc: denied { use } for path="socket:[15604]" dev="sockfs" ino=15604 scontext=u:r:zygote:s0 tcontext=u:r:kernel:s0 tclass=fd permissive=1
02-26 16:59:41.666  1146  1146 I main    : type=1400 audit(0.0:1522): avc: denied { read } for name="libcrypto.so" dev="sda6" ino=198 scontext=u:r:zygote:s0 tcontext=u:object_r:unlabeled:s0 tclass=lnk_file permissive=1
02-26 16:59:41.712  1310  1310 D ProcessState: Binder ioctl to enable oneway spam detection failed: Invalid argument
02-26 16:59:41.716  1310  1310 I SystemServerTiming: InitBeforeStartServices
02-26 16:59:41.713  1310  1310 I system_server: type=1400 audit(0.0:1523): avc: denied { connectto } for path="/dev/socket/property_service" scontext=u:r:system_server:s0 tcontext=u:r:kernel:s0 tclass=unix_stream_socket permissive=1
02-26 16:59:41.713     1     1 I init    : type=1400 audit(0.0:1524): avc: denied { compute_av } for scontext=u:r:kernel:s0 tcontext=u:object_r:kernel:s0 tclass=security permissive=1
02-26 16:59:41.718  1310  1310 I SystemServer: Entered the Android system server!
02-26 16:59:41.713     1     1 I init    : type=1400 audit(0.0:1525): avc: denied { create } for scontext=u:r:kernel:s0 tcontext=u:r:kernel:s0 tclass=netlink_audit_socket permissive=1
02-26 16:59:41.713     1     1 I init    : type=1400 audit(0.0:1526): avc: denied { audit_write } for capability=29 scontext=u:r:kernel:s0 tcontext=u:r:kernel:s0 tclass=capability permissive=1
02-26 16:59:41.713     1     1 I /system/bin/init: type=1107 audit(0.0:1527): uid=0 auid=4294967295 ses=4294967295 subj=u:r:kernel:s0 msg='avc: denied { set } for property=ts_systemserver_begin_64 pid=1310 uid=1000 gid=1000 scontext=u:r:system_server:s0 tcontext=u:object_r:default_prop:s0 tclass=property_service permissive=1'
02-26 16:59:41.716     1     1 I init    : type=1400 audit(0.0:1528): avc: denied { search } for name="property" dev="sdc3" ino=4587521 scontext=u:r:kernel:s0 tcontext=u:object_r:property_data_file:s0 tclass=dir permissive=1
02-26 16:59:41.716     1     1 I init    : type=1400 audit(0.0:1529): avc: denied { read } for name="persistent_properties" dev="sdc3" ino=4588947 scontext=u:r:kernel:s0 tcontext=u:object_r:property_data_file:s0 tclass=file permissive=1
02-26 16:59:41.716     1     1 I init    : type=1400 audit(0.0:1530): avc: denied { open } for path="/data/property/persistent_properties" dev="sdc3" ino=4588947 scontext=u:r:kernel:s0 tcontext=u:object_r:property_data_file:s0 tclass=file permissive=1
02-26 16:59:41.716     1     1 I init    : type=1400 audit(0.0:1531): avc: denied { getattr } for path="/data/property/persistent_properties" dev="sdc3" ino=4588947 scontext=u:r:kernel:s0 tcontext=u:object_r:property_data_file:s0 tclass=file permissive=1
02-26 16:59:41.716     1     1 I init    : type=1400 audit(0.0:1532): avc: denied { write } for name="property" dev="sdc3" ino=4587521 scontext=u:r:kernel:s0 tcontext=u:object_r:property_data_file:s0 tclass=dir permissive=1
02-26 16:59:41.716     1     1 I init    : type=1400 audit(0.0:1533): avc: denied { add_name } for name="persistent_properties.tmp" scontext=u:r:kernel:s0 tcontext=u:object_r:property_data_file:s0 tclass=dir permissive=1
02-26 16:59:41.716     1     1 I init    : type=1400 audit(0.0:1534): avc: denied { create } for name="persistent_properties.tmp" scontext=u:r:kernel:s0 tcontext=u:object_r:property_data_file:s0 tclass=file permissive=1
02-26 16:59:41.716     1     1 I init    : type=1400 audit(0.0:1535): avc: denied { write } for path="/data/property/persistent_properties.tmp" dev="sdc3" ino=4587522 scontext=u:r:kernel:s0 tcontext=u:object_r:property_data_file:s0 tclass=file permissive=1
02-26 16:59:41.716     1     1 I init    : type=1400 audit(0.0:1536): avc: denied { remove_name } for name="persistent_properties.tmp" dev="sdc3" ino=4587522 scontext=u:r:kernel:s0 tcontext=u:object_r:property_data_file:s0 tclass=dir permissive=1
02-26 16:59:41.716     1     1 I init    : type=1400 audit(0.0:1537): avc: denied { rename } for name="persistent_properties.tmp" dev="sdc3" ino=4587522 scontext=u:r:kernel:s0 tcontext=u:object_r:property_data_file:s0 tclass=file permissive=1
02-26 16:59:41.716     1     1 I init    : type=1400 audit(0.0:1538): avc: denied { unlink } for name="persistent_properties" dev="sdc3" ino=4588947 scontext=u:r:kernel:s0 tcontext=u:object_r:property_data_file:s0 tclass=file permissive=1
02-26 16:59:41.716     1     1 I init    : type=1400 audit(0.0:1539): avc: denied { read } for name="property" dev="sdc3" ino=4587521 scontext=u:r:kernel:s0 tcontext=u:object_r:property_data_file:s0 tclass=dir permissive=1
02-26 16:59:41.716     1     1 I init    : type=1400 audit(0.0:1540): avc: denied { open } for path="/data/property" dev="sdc3" ino=4587521 scontext=u:r:kernel:s0 tcontext=u:object_r:property_data_file:s0 tclass=dir permissive=1
02-26 16:59:41.720  1310  1310 I SystemServerTiming: InitAndroidServers
02-26 16:59:41.779  1310  1310 I system_server: type=1400 audit(0.0:1541): avc: denied { read } for name="libcrypto.so" dev="sda6" ino=39 scontext=u:r:system_server:s0 tcontext=u:object_r:unlabeled:s0 tclass=lnk_file permissive=1
02-26 16:59:41.783  1310  1310 I system_server: type=1400 audit(0.0:1542): avc: denied { execute } for path="/apex/com.android.adbd/lib64/libadb_pairing_connection.so" dev="sda6" ino=33 scontext=u:r:system_server:s0 tcontext=u:object_r:unlabeled:s0 tclass=file permissive=1
02-26 16:59:41.796  1310  1310 I system_server: type=1400 audit(0.0:1543): avc: denied { read } for name="etc" dev="tmpfs" ino=8127 scontext=u:r:system_server:s0 tcontext=u:object_r:tmpfs:s0 tclass=lnk_file permissive=1
02-26 16:59:41.801  1310  1310 E UsbAlsaJackDetectorJNI: Can't register UsbAlsaJackDetector native methods
02-26 16:59:41.802  1310  1310 I SystemServerTiming: InitZygoteChildHelpProfiling
02-26 16:59:41.802  1310  1310 I SystemServerTiming: PerformPendingShutdown
02-26 16:59:41.802  1310  1310 I SystemServerTiming: CreateSystemContext
02-26 16:59:41.799  1310  1310 I system_server: type=1400 audit(0.0:1544): avc: denied { open } for path="/dev/__properties__/u:object_r:qemu_sf_lcd_density_prop:s0" dev="tmpfs" ino=10881 scontext=u:r:system_server:s0 tcontext=u:object_r:qemu_sf_lcd_density_prop:s0 tclass=file permissive=1
02-26 16:59:41.799  1310  1310 I system_server: type=1400 audit(0.0:1545): avc: denied { getattr } for path="/dev/__properties__/u:object_r:qemu_sf_lcd_density_prop:s0" dev="tmpfs" ino=10881 scontext=u:r:system_server:s0 tcontext=u:object_r:qemu_sf_lcd_density_prop:s0 tclass=file permissive=1
02-26 16:59:41.799  1310  1310 I system_server: type=1400 audit(0.0:1546): avc: denied { map } for path="/dev/__properties__/u:object_r:qemu_sf_lcd_density_prop:s0" dev="tmpfs" ino=10881 scontext=u:r:system_server:s0 tcontext=u:object_r:qemu_sf_lcd_density_prop:s0 tclass=file permissive=1
02-26 16:59:41.806  1310  1310 I system_server: type=1400 audit(0.0:1547): avc: denied { call } for scontext=u:r:system_server:s0 tcontext=u:r:init:s0 tclass=binder permissive=1
02-26 16:59:41.810  1310  1310 I SystemServerTiming: InitMainLineModules
02-26 16:59:41.806  1310  1310 I system_server: type=1400 audit(0.0:1548): avc: denied { transfer } for scontext=u:r:system_server:s0 tcontext=u:r:init:s0 tclass=binder permissive=1
02-26 16:59:41.811  1310  1310 I SystemServerInitThreadPool: Creating instance with 6 threads
02-26 16:59:41.811  1310  1310 I SystemServerTiming: LoadPreInstalledSystemFontMap
02-26 16:59:41.811  1310  1310 I SystemServerTiming: StartServices
02-26 16:59:41.811  1310  1310 I SystemServerTiming: startBootstrapServices
02-26 16:59:41.811  1310  1310 I SystemServerTiming: StartWatchdog
02-26 16:59:41.811  1310  1326 I Typeface: Preloading /system/fonts/Roboto-Regular.ttf
02-26 16:59:41.813  1310  1310 I SystemServer: Reading configuration...
02-26 16:59:41.813  1310  1310 I SystemServerTiming: ReadingSystemConfig
02-26 16:59:41.813  1310  1310 I SystemServerTiming: PlatformCompat
02-26 16:59:41.813  1310  1334 I SystemServerTimingAsync: InitThreadPoolExec:ReadingSystemConfig
02-26 16:59:41.813  1310  1310 D CompatConfig: Found a config file: /system/etc/compatconfig/calendar-provider-compat-config.xml
02-26 16:59:41.814  1310  1334 I SystemConfig: Reading permissions from /system/etc/sysconfig/preinstalled-packages-platform.xml
02-26 16:59:41.814  1310  1310 D CompatConfig: Adding: com.android.server.compat.config.Change@8d0889f
02-26 16:59:41.814  1310  1310 D CompatConfig: Found a config file: /system/etc/compatconfig/icu4j-platform-compat-config.xml
02-26 16:59:41.814  1310  1334 I incfs   : Initial API level of the device: 0
02-26 16:59:41.814  1310  1334 I incfs   : ro.incremental.enable: 
02-26 16:59:41.814  1310  1310 D CompatConfig: Adding: com.android.server.compat.config.Change@631c5b5
02-26 16:59:41.814  1310  1334 I SystemConfig: Reading permissions from /system/etc/sysconfig/preinstalled-packages-com.android.providers.media.module.xml
02-26 16:59:41.814  1310  1310 D CompatConfig: Found a config file: /system/etc/compatconfig/framework-platform-compat-config.xml
02-26 16:59:41.814  1310  1334 I SystemConfig: Reading permissions from /system/etc/sysconfig/hiddenapi-package-whitelist.xml
02-26 16:59:41.815  1310  1310 D CompatConfig: Adding: com.android.server.compat.config.Change@4f69b16
02-26 16:59:41.815  1310  1310 D CompatConfig: Adding: com.android.server.compat.config.Change@944ec97
02-26 16:59:41.815  1310  1310 D CompatConfig: Adding: com.android.server.compat.config.Change@638ee84
02-26 16:59:41.815  1310  1310 D CompatConfig: Adding: com.android.server.compat.config.Change@d01f66d
02-26 16:59:41.815  1310  1310 D CompatConfig: Adding: com.android.server.compat.config.Change@83952a2
02-26 16:59:41.815  1310  1310 D CompatConfig: Adding: com.android.server.compat.config.Change@2e1bb33
02-26 16:59:41.815  1310  1310 D CompatConfig: Adding: com.android.server.compat.config.Change@d986ef0
02-26 16:59:41.815  1310  1310 D CompatConfig: Adding: com.android.server.compat.config.Change@9548c69
02-26 16:59:41.815  1310  1310 D CompatConfig: Adding: com.android.server.compat.config.Change@dfdf6ee
02-26 16:59:41.815  1310  1310 D CompatConfig: Adding: com.android.server.compat.config.Change@72d78f
02-26 16:59:41.815  1310  1310 D CompatConfig: Adding: com.android.server.compat.config.Change@62d8a1c
02-26 16:59:41.815  1310  1310 D CompatConfig: Adding: com.android.server.compat.config.Change@f208625
02-26 16:59:41.815  1310  1310 D CompatConfig: Adding: com.android.server.compat.config.Change@f5693fa
02-26 16:59:41.815  1310  1310 D CompatConfig: Adding: com.android.server.compat.config.Change@64f5dab
02-26 16:59:41.815  1310  1310 D CompatConfig: Adding: com.android.server.compat.config.Change@b972c08
02-26 16:59:41.815  1310  1310 D CompatConfig: Adding: com.android.server.compat.config.Change@4f85fa1
02-26 16:59:41.815  1310  1310 D CompatConfig: Adding: com.android.server.compat.config.Change@269f5c6
02-26 16:59:41.815  1310  1310 D CompatConfig: Adding: com.android.server.compat.config.Change@d242987
02-26 16:59:41.815  1310  1310 D CompatConfig: Adding: com.android.server.compat.config.Change@27700b4
02-26 16:59:41.815  1310  1310 D CompatConfig: Adding: com.android.server.compat.config.Change@e1a54dd
02-26 16:59:41.815  1310  1310 D CompatConfig: Adding: com.android.server.compat.config.Change@6ffa852
02-26 16:59:41.815  1310  1310 D CompatConfig: Adding: com.android.server.compat.config.Change@18fd723
02-26 16:59:41.815  1310  1310 D CompatConfig: Adding: com.android.server.compat.config.Change@5dd7420
02-26 16:59:41.815  1310  1310 D CompatConfig: Adding: com.android.server.compat.config.Change@96c61d9
02-26 16:59:41.815  1310  1310 D CompatConfig: Adding: com.android.server.compat.config.Change@fcbf79e
02-26 16:59:41.815  1310  1310 D CompatConfig: Adding: com.android.server.compat.config.Change@17ec27f
02-26 16:59:41.815  1310  1310 D CompatConfig: Adding: com.android.server.compat.config.Change@f75b24c
02-26 16:59:41.815  1310  1310 D CompatConfig: Adding: com.android.server.compat.config.Change@4384295
02-26 16:59:41.815  1310  1310 D CompatConfig: Adding: com.android.server.compat.config.Change@47befaa
02-26 16:59:41.815  1310  1310 D CompatConfig: Adding: com.android.server.compat.config.Change@347079b
02-26 16:59:41.815  1310  1310 D CompatConfig: Adding: com.android.server.compat.config.Change@671a738
02-26 16:59:41.815  1310  1310 D CompatConfig: Adding: com.android.server.compat.config.Change@ca77311
02-26 16:59:41.815  1310  1310 D CompatConfig: Adding: com.android.server.compat.config.Change@8815c76
02-26 16:59:41.815  1310  1310 D CompatConfig: Adding: com.android.server.compat.config.Change@2848277
02-26 16:59:41.815  1310  1310 D CompatConfig: Adding: com.android.server.compat.config.Change@135fee4
02-26 16:59:41.815  1310  1310 D CompatConfig: Adding: com.android.server.compat.config.Change@fff2f4d
02-26 16:59:41.815  1310  1310 D CompatConfig: Adding: com.android.server.compat.config.Change@29eca02
02-26 16:59:41.815  1310  1310 D CompatConfig: Adding: com.android.server.compat.config.Change@eb4cf13
02-26 16:59:41.815  1310  1310 D CompatConfig: Adding: com.android.server.compat.config.Change@5c62550
02-26 16:59:41.815  1310  1310 D CompatConfig: Adding: com.android.server.compat.config.Change@9c7349
02-26 16:59:41.815  1310  1310 D CompatConfig: Adding: com.android.server.compat.config.Change@133844e
02-26 16:59:41.815  1310  1310 D CompatConfig: Adding: com.android.server.compat.config.Change@793496f
02-26 16:59:41.815  1310  1310 D CompatConfig: Adding: com.android.server.compat.config.Change@4f0467c
02-26 16:59:41.815  1310  1310 D CompatConfig: Adding: com.android.server.compat.config.Change@faffb05
02-26 16:59:41.815  1310  1310 D CompatConfig: Adding: com.android.server.compat.config.Change@747975a
02-26 16:59:41.815  1310  1310 D CompatConfig: Adding: com.android.server.compat.config.Change@3350d8b
02-26 16:59:41.815  1310  1310 D CompatConfig: Adding: com.android.server.compat.config.Change@c394e68
02-26 16:59:41.815  1310  1310 D CompatConfig: Adding: com.android.server.compat.config.Change@6ba4281
02-26 16:59:41.815  1310  1310 D CompatConfig: Adding: com.android.server.compat.config.Change@e57cf26
02-26 16:59:41.815  1310  1310 D CompatConfig: Adding: com.android.server.compat.config.Change@9e4f767
02-26 16:59:41.815  1310  1310 D CompatConfig: Adding: com.android.server.compat.config.Change@a88e914
02-26 16:59:41.815  1310  1310 D CompatConfig: Adding: com.android.server.compat.config.Change@cc785bd
02-26 16:59:41.815  1310  1310 D CompatConfig: Adding: com.android.server.compat.config.Change@8e1b7b2
02-26 16:59:41.815  1310  1310 D CompatConfig: Adding: com.android.server.compat.config.Change@3bfa303
02-26 16:59:41.815  1310  1310 D CompatConfig: Adding: com.android.server.compat.config.Change@3958280
02-26 16:59:41.815  1310  1310 D CompatConfig: Adding: com.android.server.compat.config.Change@36bc0b9
02-26 16:59:41.815  1310  1310 D CompatConfig: Adding: com.android.server.compat.config.Change@1af9cfe
02-26 16:59:41.815  1310  1310 D CompatConfig: Adding: com.android.server.compat.config.Change@40f6c5f
02-26 16:59:41.815  1310  1310 D CompatConfig: Adding: com.android.server.compat.config.Change@e1046ac
02-26 16:59:41.815  1310  1310 D CompatConfig: Adding: com.android.server.compat.config.Change@77eaf75
02-26 16:59:41.815  1310  1310 D CompatConfig: Adding: com.android.server.compat.config.Change@3e48b0a
02-26 16:59:41.815  1310  1334 I SystemConfig: Reading permissions from /system/etc/permissions/android.software.webview.xml
02-26 16:59:41.815  1310  1310 D CompatConfig: Found a config file: /system/etc/compatconfig/documents-ui-compat-config.xml
02-26 16:59:41.815  1310  1310 D CompatConfig: Adding: com.android.server.compat.config.Change@197cdf1
02-26 16:59:41.815  1310  1334 I SystemConfig: Reading permissions from /system/etc/permissions/android.hardware.wifi.xml
02-26 16:59:41.815  1310  1310 D CompatConfig: Found a config file: /system/etc/compatconfig/services-platform-compat-config.xml
02-26 16:59:41.815  1310  1334 I SystemConfig: Reading permissions from /system/etc/permissions/android.hardware.camera.flash-autofocus.xml
02-26 16:59:41.815  1310  1334 I SystemConfig: Reading permissions from /system/etc/permissions/android.hardware.ethernet.xml
02-26 16:59:41.816  1310  1334 I SystemConfig: Reading permissions from /system/etc/permissions/android.hardware.touchscreen.multitouch.xml
02-26 16:59:41.816  1310  1310 D CompatConfig: Adding: com.android.server.compat.config.Change@3df52f3
02-26 16:59:41.816  1310  1310 D CompatConfig: Adding: com.android.server.compat.config.Change@c4e8bb0
02-26 16:59:41.816  1310  1310 D CompatConfig: Adding: com.android.server.compat.config.Change@6214a29
02-26 16:59:41.816  1310  1310 D CompatConfig: Adding: com.android.server.compat.config.Change@57b41ae
02-26 16:59:41.816  1310  1310 D CompatConfig: Adding: com.android.server.compat.config.Change@e122b4f
02-26 16:59:41.816  1310  1310 D CompatConfig: Adding: com.android.server.compat.config.Change@508b2dc
02-26 16:59:41.816  1310  1310 D CompatConfig: Adding: com.android.server.compat.config.Change@d5b5fe5
02-26 16:59:41.816  1310  1310 D CompatConfig: Adding: com.android.server.compat.config.Change@73dcaba
02-26 16:59:41.816  1310  1310 D CompatConfig: Adding: com.android.server.compat.config.Change@ef02d6b
02-26 16:59:41.816  1310  1310 D CompatConfig: Adding: com.android.server.compat.config.Change@5dc20c8
02-26 16:59:41.816  1310  1310 D CompatConfig: Adding: com.android.server.compat.config.Change@3671561
02-26 16:59:41.816  1310  1310 D CompatConfig: Adding: com.android.server.compat.config.Change@56dd886
02-26 16:59:41.816  1310  1310 D CompatConfig: Adding: com.android.server.compat.config.Change@5623547
02-26 16:59:41.816  1310  1310 D CompatConfig: Adding: com.android.server.compat.config.Change@2f68174
02-26 16:59:41.816  1310  1310 D CompatConfig: Adding: com.android.server.compat.config.Change@21ea69d
02-26 16:59:41.816  1310  1310 D CompatConfig: Adding: com.android.server.compat.config.Change@83ef712
02-26 16:59:41.816  1310  1310 D CompatConfig: Adding: com.android.server.compat.config.Change@c02dee3
02-26 16:59:41.816  1310  1310 D CompatConfig: Adding: com.android.server.compat.config.Change@3b440e0
02-26 16:59:41.816  1310  1310 D CompatConfig: Adding: com.android.server.compat.config.Change@cc40f99
02-26 16:59:41.816  1310  1310 D CompatConfig: Adding: com.android.server.compat.config.Change@591725e
02-26 16:59:41.816  1310  1310 D CompatConfig: Adding: com.android.server.compat.config.Change@27a863f
02-26 16:59:41.816  1310  1310 D CompatConfig: Adding: com.android.server.compat.config.Change@6cc8b0c
02-26 16:59:41.816  1310  1310 D CompatConfig: Adding: com.android.server.compat.config.Change@efe566a
02-26 16:59:41.816  1310  1310 D CompatConfig: Adding: com.android.server.compat.config.Change@9b475b
02-26 16:59:41.816  1310  1310 D CompatConfig: Adding: com.android.server.compat.config.Change@d3d4bf8
02-26 16:59:41.816  1310  1310 D CompatConfig: Adding: com.android.server.compat.config.Change@a0f18d1
02-26 16:59:41.816  1310  1310 D CompatConfig: Adding: com.android.server.compat.config.Change@4a36f36
02-26 16:59:41.816  1310  1334 I SystemConfig: Reading permissions from /system/etc/permissions/privapp-permissions-platform.xml
02-26 16:59:41.816  1310  1310 D CompatConfig: Adding: com.android.server.compat.config.Change@f3cfe37
02-26 16:59:41.816  1310  1310 D CompatConfig: Adding: com.android.server.compat.config.Change@7f72fa4
02-26 16:59:41.816  1310  1310 D CompatConfig: Adding: com.android.server.compat.config.Change@19b710d
02-26 16:59:41.816  1310  1310 D CompatConfig: Adding: com.android.server.compat.config.Change@8af48c2
02-26 16:59:41.816  1310  1310 D CompatConfig: Adding: com.android.server.compat.config.Change@2d946d3
02-26 16:59:41.816  1310  1310 D CompatConfig: Adding: com.android.server.compat.config.Change@449a210
02-26 16:59:41.816  1310  1310 D CompatConfig: Adding: com.android.server.compat.config.Change@b1b1109
02-26 16:59:41.816  1310  1310 D CompatConfig: Adding: com.android.server.compat.config.Change@fad2f0e
02-26 16:59:41.816  1310  1310 D CompatConfig: Adding: com.android.server.compat.config.Change@3e77d2f
02-26 16:59:41.816  1310  1310 D CompatConfig: Adding: com.android.server.compat.config.Change@30ecf3c
02-26 16:59:41.816  1310  1310 D CompatConfig: Adding: com.android.server.compat.config.Change@4dab4c5
02-26 16:59:41.816  1310  1310 D CompatConfig: Adding: com.android.server.compat.config.Change@9912e1a
02-26 16:59:41.816  1310  1310 D CompatConfig: Adding: com.android.server.compat.config.Change@f8bd4b
02-26 16:59:41.816  1310  1310 D CompatConfig: Adding: com.android.server.compat.config.Change@697a328
02-26 16:59:41.816  1310  1310 D CompatConfig: Adding: com.android.server.compat.config.Change@b36d841
02-26 16:59:41.816  1310  1310 D CompatConfig: Adding: com.android.server.compat.config.Change@f8411e6
02-26 16:59:41.816  1310  1310 D CompatConfig: Adding: com.android.server.compat.config.Change@693e327
02-26 16:59:41.816  1310  1310 D CompatConfig: Adding: com.android.server.compat.config.Change@357c9d4
02-26 16:59:41.816  1310  1310 D CompatConfig: Adding: com.android.server.compat.config.Change@9d7b77d
02-26 16:59:41.816  1310  1310 D CompatConfig: Adding: com.android.server.compat.config.Change@26f6672
02-26 16:59:41.816  1310  1310 D CompatConfig: Adding: com.android.server.compat.config.Change@8d18ac3
02-26 16:59:41.816  1310  1310 D CompatConfig: Adding: com.android.server.compat.config.Change@f51af40
02-26 16:59:41.816  1310  1310 D CompatConfig: Adding: com.android.server.compat.config.Change@4ad4e79
02-26 16:59:41.816  1310  1310 D CompatConfig: Adding: com.android.server.compat.config.Change@64977be
02-26 16:59:41.816  1310  1310 D CompatConfig: Adding: com.android.server.compat.config.Change@ab8101f
02-26 16:59:41.816  1310  1310 D CompatConfig: Adding: com.android.server.compat.config.Change@c427f6c
02-26 16:59:41.816  1310  1310 D CompatConfig: Adding: com.android.server.compat.config.Change@4ab5935
02-26 16:59:41.816  1310  1310 D CompatConfig: Adding: com.android.server.compat.config.Change@62151ca
02-26 16:59:41.816  1310  1310 D CompatConfig: Found a config file: /system/system_ext/etc/compatconfig/settings-platform-compat-config.xml
02-26 16:59:41.816  1310  1310 D CompatConfig: Adding: com.android.server.compat.config.Change@88e2658
02-26 16:59:41.817  1310  1310 D CompatConfig: No directory /apex/com.android.wifi/etc/compatconfig, skipping
02-26 16:59:41.817  1310  1310 D CompatConfig: No directory /apex/com.android.tzdata/etc/compatconfig, skipping
02-26 16:59:41.817  1310  1310 D CompatConfig: No directory /apex/com.android.tethering/etc/compatconfig, skipping
02-26 16:59:41.817  1310  1310 D CompatConfig: No directory /apex/com.android.sdkext/etc/compatconfig, skipping
02-26 16:59:41.817  1310  1310 D CompatConfig: No directory /apex/com.android.scheduling/etc/compatconfig, skipping
02-26 16:59:41.817  1310  1310 D CompatConfig: No directory /apex/com.android.runtime/etc/compatconfig, skipping
02-26 16:59:41.817  1310  1310 D CompatConfig: No directory /apex/com.android.resolv/etc/compatconfig, skipping
02-26 16:59:41.817  1310  1310 D CompatConfig: No directory /apex/com.android.permission/etc/compatconfig, skipping
02-26 16:59:41.817  1310  1310 D CompatConfig: No directory /apex/com.android.os.statsd/etc/compatconfig, skipping
02-26 16:59:41.817  1310  1310 D CompatConfig: Found a config file: /apex/com.android.mediaprovider/etc/compatconfig/media-provider-platform-compat-config.xml
02-26 16:59:41.817  1310  1334 I SystemConfig: Reading permissions from /system/etc/permissions/org.apache.http.legacy.xml
02-26 16:59:41.817  1310  1310 D CompatConfig: Adding: com.android.server.compat.config.Change@2eb5004
02-26 16:59:41.817  1310  1310 D CompatConfig: Adding: com.android.server.compat.config.Change@7aa79ed
02-26 16:59:41.817  1310  1310 D CompatConfig: Adding: com.android.server.compat.config.Change@f0a5022
02-26 16:59:41.817  1310  1310 D CompatConfig: Adding: com.android.server.compat.config.Change@81aaab3
02-26 16:59:41.817  1310  1310 D CompatConfig: Adding: com.android.server.compat.config.Change@ccf6870
02-26 16:59:41.817  1310  1310 D CompatConfig: Adding: com.android.server.compat.config.Change@cc1c7e9
02-26 16:59:41.817  1310  1310 D CompatConfig: Adding: com.android.server.compat.config.Change@a14c6e
02-26 16:59:41.817  1310  1310 D CompatConfig: No directory /apex/com.android.media.swcodec/etc/compatconfig, skipping
02-26 16:59:41.817  1310  1310 D CompatConfig: No directory /apex/com.android.media/etc/compatconfig, skipping
02-26 16:59:41.817  1310  1310 D CompatConfig: No directory /apex/com.android.ipsec/etc/compatconfig, skipping
02-26 16:59:41.817  1310  1310 D CompatConfig: No directory /apex/com.android.i18n/etc/compatconfig, skipping
02-26 16:59:41.817  1310  1334 I SystemConfig: Reading permissions from /system/etc/permissions/com.android.location.provider.xml
02-26 16:59:41.817  1310  1310 D CompatConfig: No directory /apex/com.android.extservices/etc/compatconfig, skipping
02-26 16:59:41.817  1310  1310 D CompatConfig: No directory /apex/com.android.conscrypt/etc/compatconfig, skipping
02-26 16:59:41.817  1310  1310 D CompatConfig: Found a config file: /apex/com.android.art/etc/compatconfig/libcore-platform-compat-config.xml
02-26 16:59:41.817  1310  1334 I SystemConfig: Reading permissions from /system/etc/permissions/com.android.networkstack.tethering.xml
02-26 16:59:41.817  1310  1310 D CompatConfig: Adding: com.android.server.compat.config.Change@cc6bd2b
02-26 16:59:41.817  1310  1310 D CompatConfig: Adding: com.android.server.compat.config.Change@a618b21
02-26 16:59:41.817  1310  1310 D CompatConfig: Adding: com.android.server.compat.config.Change@727b46
02-26 16:59:41.817  1310  1310 D CompatConfig: Adding: com.android.server.compat.config.Change@720107
02-26 16:59:41.817  1310  1310 D CompatConfig: Adding: com.android.server.compat.config.Change@f44c234
02-26 16:59:41.818  1310  1334 I SystemConfig: Reading permissions from /system/etc/permissions/android.hardware.telephony.gsm.xml
02-26 16:59:41.818  1310  1310 D CompatConfig: No directory /apex/com.android.appsearch/etc/compatconfig, skipping
02-26 16:59:41.818  1310  1334 I SystemConfig: Reading permissions from /system/etc/permissions/android.hardware.usb.host.xml
02-26 16:59:41.818  1310  1310 D CompatConfig: No directory /apex/com.android.adbd/etc/compatconfig, skipping
02-26 16:59:41.818  1310  1334 I SystemConfig: Reading permissions from /system/etc/permissions/com.android.future.usb.accessory.xml
02-26 16:59:41.818  1310  1334 I SystemConfig: Reading permissions from /system/etc/permissions/handheld_core_hardware.xml
02-26 16:59:41.818  1310  1310 I SystemServerTiming: StartFileIntegrityService
02-26 16:59:41.818  1310  1310 I SystemServiceManager: Starting com.android.server.security.FileIntegrityService
02-26 16:59:41.818  1310  1334 I SystemConfig: Reading permissions from /system/etc/permissions/android.hardware.location.gps.xml
02-26 16:59:41.818  1310  1334 I SystemConfig: Reading permissions from /system/etc/permissions/android.hardware.touchscreen.multitouch.distinct.xml
02-26 16:59:41.819  1310  1334 I SystemConfig: Reading permissions from /system/etc/permissions/android.test.base.xml
02-26 16:59:41.819  1310  1334 I SystemConfig: Reading permissions from /system/etc/permissions/com.android.networkstack.xml
02-26 16:59:41.819  1310  1310 I SystemServerTiming: StartInstaller
02-26 16:59:41.819  1310  1310 I SystemServiceManager: Starting com.android.server.pm.Installer
02-26 16:59:41.816  1072  1072 I servicemanager: type=1400 audit(0.0:1549): avc: denied { transfer } for scontext=u:r:init:s0 tcontext=u:r:system_server:s0 tclass=binder permissive=1
02-26 16:59:41.819  1310  1334 I SystemConfig: Reading permissions from /system/etc/permissions/com.android.documentsui.xml
02-26 16:59:41.819  1310  1334 I SystemConfig: Reading permissions from /system/etc/permissions/android.hardware.touchscreen.multitouch.jazzhand.xml
02-26 16:59:41.819  1310  1310 I SystemServerTiming: DeviceIdentifiersPolicyService
02-26 16:59:41.819  1310  1310 I SystemServiceManager: Starting com.android.server.os.DeviceIdentifiersPolicyService
02-26 16:59:41.819  1310  1334 I SystemConfig: Reading permissions from /system/etc/permissions/platform.xml
02-26 16:59:41.820  1310  1310 I SystemServerTiming: UriGrantsManagerService
02-26 16:59:41.820  1310  1310 I SystemServiceManager: Starting com.android.server.uri.UriGrantsManagerService$Lifecycle
02-26 16:59:41.820  1310  1310 I SystemServerTiming: StartPowerStatsService
02-26 16:59:41.820  1310  1310 I SystemServiceManager: Starting com.android.server.powerstats.PowerStatsService
02-26 16:59:41.820  1310  1334 I SystemConfig: Reading permissions from /product/etc/sysconfig/preinstalled-packages-platform-overlays.xml
02-26 16:59:41.820  1310  1334 I SystemConfig: Reading permissions from /product/etc/sysconfig/preinstalled-packages-platform-handheld-product.xml
02-26 16:59:41.821  1310  1334 W SystemConfig: No directory /product/etc/permissions, skipping
02-26 16:59:41.821  1310  1334 W SystemConfig: No directory /system_ext/etc/sysconfig, skipping
02-26 16:59:41.821  1072  1072 E servicemanager: Could not find android.hardware.power.stats.IPowerStats/default in the VINTF manifest.
02-26 16:59:41.821  1310  1334 I SystemConfig: Reading permissions from /system_ext/etc/permissions/com.android.settings.xml
02-26 16:59:41.821  1310  1334 I SystemConfig: Reading permissions from /system_ext/etc/permissions/com.android.systemui.xml
02-26 16:59:41.821  1310  1310 D hw-ProcessState: Binder ioctl to enable oneway spam detection failed: Invalid argument
02-26 16:59:41.821  1310  1310 E HidlServiceManagement: getService: Potential race detected, descriptor: android.hardware.power.stats@1.0::IPowerStats instance: default
02-26 16:59:41.822  1310  1334 I SystemConfig: Reading permissions from /apex/com.android.ipsec/etc/permissions/android.net.ipsec.ike.xml
02-26 16:59:41.822  1310  1310 I SystemServerTiming: StartIStatsService
02-26 16:59:41.822  1310  1310 I HidlServiceManagement: Registered android.frameworks.stats@1.0::IStats/default
02-26 16:59:41.822  1072  1072 I servicemanager: Found android.frameworks.stats.IStats/default in framework VINTF manifest.
02-26 16:59:41.822  1310  1310 I SystemServerTiming: MemtrackProxyService
02-26 16:59:41.822  1073  1073 I hwservicemanager: getTransport: Cannot find entry android.hardware.memtrack@1.0::IMemtrack/default in either framework or device VINTF manifest.
02-26 16:59:41.822  1310  1310 E HidlServiceManagement: getService: Potential race detected, descriptor: android.hardware.memtrack@1.0::IMemtrack instance: default
02-26 16:59:41.822  1073  1073 I hwservicemanager: Since android.hardware.memtrack@1.0::IMemtrack/default is not registered, trying to start it as a lazy HAL.
02-26 16:59:41.819  1073  1073 I hwservicemanage: type=1400 audit(0.0:1550): avc: denied { connectto } for path="/dev/socket/property_service" scontext=u:r:init:s0 tcontext=u:r:kernel:s0 tclass=unix_stream_socket permissive=1
02-26 16:59:41.819     1     1 I init    : type=1400 audit(0.0:1551): avc: denied { search } for name="1073" dev="proc" ino=15455 scontext=u:r:kernel:s0 tcontext=u:r:init:s0 tclass=dir permissive=1
02-26 16:59:41.819     1     1 I init    : type=1400 audit(0.0:1552): avc: denied { read } for name="cmdline" dev="proc" ino=13383 scontext=u:r:kernel:s0 tcontext=u:r:init:s0 tclass=file permissive=1
02-26 16:59:41.819     1     1 I init    : type=1400 audit(0.0:1553): avc: denied { open } for path="/proc/1073/cmdline" dev="proc" ino=13383 scontext=u:r:kernel:s0 tcontext=u:r:init:s0 tclass=file permissive=1
02-26 16:59:41.819     1     1 I init    : type=1400 audit(0.0:1554): avc: denied { getattr } for path="/proc/1073/cmdline" dev="proc" ino=13383 scontext=u:r:kernel:s0 tcontext=u:r:init:s0 tclass=file permissive=1
02-26 16:59:41.822  1072  1072 E servicemanager: Could not find android.hardware.memtrack.IMemtrack/default in the VINTF manifest.
02-26 16:59:41.822  1310  1310 I Stability: Interface set with vintf stability wire protocol version 1 downgraded to system stability wire protocol version 1 stability
02-26 16:59:41.822  1310  1310 I SystemServerTiming: StartActivityManager
02-26 16:59:41.822  1310  1310 I SystemServiceManager: Starting com.android.server.wm.ActivityTaskManagerService$Lifecycle
02-26 16:59:41.822  1073  1337 W libc    : Unable to set property "ctl.interface_start" to "android.hardware.memtrack@1.0::IMemtrack/default": error code: 0x20
02-26 16:59:41.823  1073  1337 I hwservicemanager: Tried to start android.hardware.memtrack@1.0::IMemtrack/default as a lazy service, but was unable to. Usually this happens when a service is not installed, but if the service is intended to be used as a lazy service, then it may be configured incorrectly.
02-26 16:59:41.823  1310  1334 W SystemConfig: Failed to read public libraries file /vendor/etc/public.libraries.txt
02-26 16:59:41.823  1310  1334 W SystemConfig: java.io.FileNotFoundException: /vendor/etc/public.libraries.txt: open failed: ENOENT (No such file or directory)
02-26 16:59:41.823  1310  1334 W SystemConfig: 	at libcore.io.IoBridge.open(IoBridge.java:575)
02-26 16:59:41.823  1310  1334 W SystemConfig: 	at java.io.FileInputStream.<init>(FileInputStream.java:160)
02-26 16:59:41.823  1310  1334 W SystemConfig: 	at java.io.FileReader.<init>(FileReader.java:72)
02-26 16:59:41.823  1310  1334 W SystemConfig: 	at com.android.server.SystemConfig.readPublicLibrariesListFile(SystemConfig.java:1617)
02-26 16:59:41.823  1310  1334 W SystemConfig: 	at com.android.server.SystemConfig.readPublicNativeLibrariesList(SystemConfig.java:1599)
02-26 16:59:41.823  1310  1334 W SystemConfig: 	at com.android.server.SystemConfig.<init>(SystemConfig.java:484)
02-26 16:59:41.823  1310  1334 W SystemConfig: 	at com.android.server.SystemConfig.getInstance(SystemConfig.java:272)
02-26 16:59:41.823  1310  1334 W SystemConfig: 	at com.android.server.SystemServer$$ExternalSyntheticLambda5.run(Unknown Source:0)
02-26 16:59:41.823  1310  1334 W SystemConfig: 	at com.android.server.SystemServerInitThreadPool.lambda$submitTask$0$SystemServerInitThreadPool(SystemServerInitThreadPool.java:105)
02-26 16:59:41.823  1310  1334 W SystemConfig: 	at com.android.server.SystemServerInitThreadPool$$ExternalSyntheticLambda0.run(Unknown Source:6)
02-26 16:59:41.823  1310  1334 W SystemConfig: 	at java.util.concurrent.Executors$RunnableAdapter.call(Executors.java:462)
02-26 16:59:41.823  1310  1334 W SystemConfig: 	at java.util.concurrent.FutureTask.run(FutureTask.java:266)
02-26 16:59:41.823  1310  1334 W SystemConfig: 	at java.util.concurrent.ThreadPoolExecutor.runWorker(ThreadPoolExecutor.java:1167)
02-26 16:59:41.823  1310  1334 W SystemConfig: 	at java.util.concurrent.ThreadPoolExecutor$Worker.run(ThreadPoolExecutor.java:641)
02-26 16:59:41.823  1310  1334 W SystemConfig: 	at com.android.internal.util.ConcurrentUtils$1$1.run(ConcurrentUtils.java:65)
02-26 16:59:41.823  1310  1334 W SystemConfig: Caused by: android.system.ErrnoException: open failed: ENOENT (No such file or directory)
02-26 16:59:41.823  1310  1334 W SystemConfig: 	at libcore.io.Linux.open(Native Method)
02-26 16:59:41.823  1310  1334 W SystemConfig: 	at libcore.io.ForwardingOs.open(ForwardingOs.java:567)
02-26 16:59:41.823  1310  1334 W SystemConfig: 	at libcore.io.BlockGuardOs.open(BlockGuardOs.java:273)
02-26 16:59:41.823  1310  1334 W SystemConfig: 	at libcore.io.IoBridge.open(IoBridge.java:561)
02-26 16:59:41.823  1310  1334 W SystemConfig: 	... 14 more
02-26 16:59:41.824  1310  1310 I SystemServiceManager: Starting com.android.server.am.ActivityManagerService$Lifecycle
02-26 16:59:41.825  1310  1310 I ActivityManager: Memory class: 192
02-26 16:59:41.827  1310  1339 I Binder  : Setting heavy hitter watcher config: false, 0, 0.0
02-26 16:59:41.830  1310  1310 I PackageWatchdog: Updated health check state for package com.android.systemui: INACTIVE -> PASSED
02-26 16:59:41.829  1310  1310 I system_server: type=1400 audit(0.0:1555): avc: denied { map_read map_write } for scontext=u:r:system_server:s0 tcontext=u:r:init:s0 tclass=bpf permissive=1
02-26 16:59:41.833  1310  1310 D BatteryStatsImpl: Reading daily items from /data/system/batterystats-daily.xml
02-26 16:59:41.838  1310  1346 E HidlServiceManagement: getService: Potential race detected, descriptor: android.hardware.power.stats@1.0::IPowerStats instance: default
02-26 16:59:41.838  1310  1346 I BatteryStatsService: Using power.stats HAL
02-26 16:59:41.838  1310  1346 E HidlServiceManagement: getService: Potential race detected, descriptor: android.hardware.power.stats@1.0::IPowerStats instance: default
02-26 16:59:41.839  1310  1346 W BatteryStatsService: Rail information is not available
02-26 16:59:41.839  1310  1346 W BatteryStatsService: Rail energy data is not available
02-26 16:59:41.839  1310  1346 E BluetoothAdapter: Bluetooth binder is null
02-26 16:59:41.839  1310  1346 I KernelCpuUidFreqTimeReader: mPerClusterTimesAvailable=false
02-26 16:59:41.836  1310  1310 I batterystats-wo: type=1400 audit(0.0:1556): avc: denied { prog_run } for scontext=u:r:system_server:s0 tcontext=u:r:init:s0 tclass=bpf permissive=1
02-26 16:59:41.836  1310  1310 I batterystats-wo: type=1400 audit(0.0:1557): avc: denied { use } for path="/dev/null" dev="tmpfs" ino=10660 scontext=u:r:system_server:s0 tcontext=u:r:kernel:s0 tclass=fd permissive=1
02-26 16:59:41.840  1310  1346 W KernelCpuUidFreqTimeBpfMapReader: Failed to start tracking
02-26 16:59:41.840  1310  1346 W KernelCpuProcStringReader: File not found. It's normal if not implemented: /proc/uid_time_in_state
02-26 16:59:41.840  1310  1346 W KernelCpuUidActiveTimeBpfMapReader: Failed to start tracking
02-26 16:59:41.840  1310  1346 W KernelCpuProcStringReader: File not found. It's normal if not implemented: /proc/uid_concurrent_active_time
02-26 16:59:41.840  1310  1346 W KernelCpuUidClusterTimeBpfMapReader: Failed to start tracking
02-26 16:59:41.840  1310  1346 W KernelCpuProcStringReader: File not found. It's normal if not implemented: /proc/uid_concurrent_policy_time
02-26 16:59:41.840  1310  1346 E system_server: Cannot read thread CPU times for PID 1310
02-26 16:59:41.836  1088  1088 I Binder:1088_2: type=1400 audit(0.0:1558): avc: denied { read } for name="event_count" dev="sysfs" ino=2942 scontext=u:r:init:s0 tcontext=u:object_r:sysfs:s0 tclass=file permissive=1
02-26 16:59:41.836  1088  1088 I Binder:1088_2: type=1400 audit(0.0:1559): avc: denied { open } for path="/sys/devices/LNXSYSTM:00/LNXPWRBN:00/wakeup/wakeup4/event_count" dev="sysfs" ino=2942 scontext=u:r:init:s0 tcontext=u:object_r:sysfs:s0 tclass=file permissive=1
02-26 16:59:41.836  1088  1088 I Binder:1088_2: type=1400 audit(0.0:1560): avc: denied { read } for name="event_count" dev="sysfs" ino=10484 scontext=u:r:init:s0 tcontext=u:object_r:sysfs_wakeup:s0 tclass=file permissive=1
02-26 16:59:41.836  1088  1088 I Binder:1088_2: type=1400 audit(0.0:1561): avc: denied { open } for path="/sys/devices/virtual/wakeup/wakeup12/event_count" dev="sysfs" ino=10484 scontext=u:r:init:s0 tcontext=u:object_r:sysfs_wakeup:s0 tclass=file permissive=1
02-26 16:59:41.841  1310  1346 W KernelMemoryBandwidthStats: No kernel memory bandwidth stats available
02-26 16:59:41.846  1310  1310 I IntentFirewall: Read new rules (A:0 B:0 S:0)
02-26 16:59:41.847  1072  1072 E SELinux : avc:  denied  { find } for pid=1310 uid=1000 name=nemuinit scontext=u:r:system_server:s0 tcontext=u:object_r:default_android_service:s0 tclass=service_manager permissive=1
02-26 16:59:41.843  1086  1086 I Binder:1086_1: type=1400 audit(0.0:1562): avc: denied { call } for scontext=u:r:init:s0 tcontext=u:r:system_server:s0 tclass=binder permissive=1
02-26 16:59:41.847  1086  1097 D nemuinit: Proxy: add callback for 1310
02-26 16:59:41.848  1310  1310 D AppOps  : AppOpsService published
02-26 16:59:41.848  1310  1310 I SystemServerTiming: StartDataLoaderManagerService
02-26 16:59:41.848  1310  1310 I SystemServiceManager: Starting com.android.server.pm.DataLoaderManagerService
02-26 16:59:41.848  1310  1310 I SystemServerTiming: StartIncrementalService
02-26 16:59:41.848  1310  1310 I SystemServerTiming: StartPowerManager
02-26 16:59:41.848  1310  1310 I SystemServiceManager: Starting com.android.server.power.PowerManagerService
02-26 16:59:41.846  1310  1310 I system_server: type=1400 audit(0.0:1563): avc: denied { connectto } for path="/dev/socket/property_service" scontext=u:r:system_server:s0 tcontext=u:r:kernel:s0 tclass=unix_stream_socket permissive=1
02-26 16:59:41.849  1310  1310 E HidlServiceManagement: getService: Potential race detected, descriptor: android.system.suspend@1.0::ISystemSuspend instance: default
02-26 16:59:41.850  1072  1072 E servicemanager: Could not find android.hardware.power.IPower/default in the VINTF manifest.
02-26 16:59:41.850  1073  1073 I hwservicemanager: getTransport: Cannot find entry android.hardware.power@1.0::IPower/default in either framework or device VINTF manifest.
02-26 16:59:41.850  1310  1310 E HidlServiceManagement: getService: Potential race detected, descriptor: android.hardware.power@1.0::IPower instance: default
02-26 16:59:41.850  1073  1073 I hwservicemanager: Since android.hardware.power@1.0::IPower/default is not registered, trying to start it as a lazy HAL.
02-26 16:59:41.850  1073  1353 W libc    : Unable to set property "ctl.interface_start" to "android.hardware.power@1.0::IPower/default": error code: 0x20
02-26 16:59:41.850  1073  1353 I hwservicemanager: Tried to start android.hardware.power@1.0::IPower/default as a lazy service, but was unable to. Usually this happens when a service is not installed, but if the service is intended to be used as a lazy service, then it may be configured incorrectly.
02-26 16:59:41.850  1073  1073 I hw-BpHwBinder: onLastStrongRef automatically unlinking death recipients
02-26 16:59:41.850  1310  1310 E HidlServiceManagement: getService: Potential race detected, descriptor: android.system.suspend@1.0::ISystemSuspend instance: default
02-26 16:59:41.850  1310  1310 I SystemServerTiming: StartThermalManager
02-26 16:59:41.850  1310  1310 I SystemServiceManager: Starting com.android.server.power.ThermalManagerService
02-26 16:59:41.850  1310  1310 I SystemServerTiming: StartHintManager
02-26 16:59:41.850  1310  1310 I SystemServiceManager: Starting com.android.server.power.hint.HintManagerService
02-26 16:59:41.851  1310  1310 I SystemServerTiming: InitPowerManagement
02-26 16:59:41.851  1310  1310 I SystemServerTiming: StartRecoverySystemService
02-26 16:59:41.851  1310  1310 I SystemServiceManager: Starting com.android.server.recoverysystem.RecoverySystemService$Lifecycle
02-26 16:59:41.851  1310  1310 I SystemServerTiming: StartLightsService
02-26 16:59:41.851  1310  1310 I SystemServiceManager: Starting com.android.server.lights.LightsService
02-26 16:59:41.851  1072  1072 E servicemanager: Could not find android.hardware.light.ILights/default in the VINTF manifest.
02-26 16:59:41.851  1310  1310 I SystemServerTiming: StartSidekickService
02-26 16:59:41.851  1310  1310 I SystemServerTiming: StartDisplayManager
02-26 16:59:41.851  1310  1310 I SystemServiceManager: Starting com.android.server.display.DisplayManagerService
02-26 16:59:41.849  1174  1174 I Binder:1174_2: type=1400 audit(0.0:1564): avc: denied { read write } for path="socket:[18575]" dev="sockfs" ino=18575 scontext=u:r:system_server:s0 tcontext=u:r:init:s0 tclass=unix_stream_socket permissive=1
02-26 16:59:41.853  1310  1310 I SystemServerTiming: WaitForDisplay
02-26 16:59:41.853  1310  1310 I SystemServiceManager: Starting phase 100
02-26 16:59:41.853  1310  1310 I SystemServerTiming: OnBootPhase_100
02-26 16:59:41.853  1310  1310 I SystemServerTiming: OnBootPhase_100_com.android.server.security.FileIntegrityService
02-26 16:59:41.853  1310  1310 I SystemServerTiming: OnBootPhase_100_com.android.server.pm.Installer
02-26 16:59:41.853  1310  1310 I SystemServerTiming: OnBootPhase_100_com.android.server.os.DeviceIdentifiersPolicyService
02-26 16:59:41.853  1310  1310 I SystemServerTiming: OnBootPhase_100_com.android.server.uri.UriGrantsManagerService$Lifecycle
02-26 16:59:41.853  1310  1310 I SystemServerTiming: OnBootPhase_100_com.android.server.powerstats.PowerStatsService
02-26 16:59:41.853  1310  1310 I SystemServerTiming: OnBootPhase_100_com.android.server.wm.ActivityTaskManagerService$Lifecycle
02-26 16:59:41.853  1310  1310 I SystemServerTiming: OnBootPhase_100_com.android.server.am.ActivityManagerService$Lifecycle
02-26 16:59:41.853  1310  1310 I SystemServerTiming: OnBootPhase_100_com.android.server.pm.DataLoaderManagerService
02-26 16:59:41.853  1310  1310 I SystemServerTiming: OnBootPhase_100_com.android.server.power.PowerManagerService
02-26 16:59:41.853  1310  1310 I SystemServerTiming: OnBootPhase_100_com.android.server.power.ThermalManagerService
02-26 16:59:41.853  1310  1310 I SystemServerTiming: OnBootPhase_100_com.android.server.power.hint.HintManagerService
02-26 16:59:41.853  1310  1310 I SystemServerTiming: OnBootPhase_100_com.android.server.recoverysystem.RecoverySystemService$Lifecycle
02-26 16:59:41.853  1310  1310 I SystemServerTiming: OnBootPhase_100_com.android.server.lights.LightsService
02-26 16:59:41.853  1310  1310 I SystemServerTiming: OnBootPhase_100_com.android.server.display.DisplayManagerService
02-26 16:59:41.853  1174  1257 E HWComposer: getSupportedContentTypes: getSupportedContentTypes failed for display 4619827820427265280: Unsupported (8)
02-26 16:59:41.854  1310  1330 I DisplayDeviceRepository: Display device added: DisplayDeviceInfo{"": uniqueId="local:4619827820427265280", 1080 x 1920, modeId 1, defaultModeId 1, supportedModes [{id=1, width=1080, height=1920, fps=60.000004, alternativeRefreshRates=[15.000001]}, {id=2, width=1080, height=1920, fps=15.000001, alternativeRefreshRates=[60.000004]}], colorMode 0, supportedColorModes [0], hdrCapabilities HdrCapabilities{mSupportedHdrTypes=[], mMaxLuminance=500.0, mMaxAverageLuminance=500.0, mMinLuminance=0.0}, allmSupported false, gameContentTypeSupported false, density 280, 280.0 x 280.0 dpi, appVsyncOff 1000000, presDeadline 16666666, touch INTERNAL, rotation 0, type INTERNAL, address {port=0, model=0x401ceced0008c5, physicalDisplayId=4619827820427265280}, deviceProductInfo DeviceProductInfo{name=mumuscreen000, manufacturerPnpId=GGL, productId=1, modelYear=null, manufactureDate=ManufactureDate{week=27, year=2006}, connectionToSinkType=0}, state UNKNOWN, frameRateOverride , brightnessMinimum 0.0, brightnessMaximum 1.0, brightnessDefault 0.39763778, FLAG_DEFAULT_DISPLAY, FLAG_ROTATES_WITH_CONTENT, FLAG_SECURE, FLAG_SUPPORTS_PROTECTED_BUFFERS}
02-26 16:59:41.854  1310  1330 I LogicalDisplayMapper: Applying layout: [{addr: {port=0, model=0x401ceced0008c5, physicalDisplayId=4619827820427265280}, dispId: 0(ON)}], Previous layout: null
