02-26 16:59:41.179  1143  1143 D LibBpfLoader: applying relo to instruction at byte offset: 2712, 	       insn offset 339 , insn 118
02-26 16:59:41.179  1143  1143 D LibBpfLoader: applying relo to instruction at byte offset: 2816, 	       insn offset 352 , insn 118
02-26 16:59:41.179  1143  1143 D LibBpfLoader: applying relo to instruction at byte offset: 2856, 	       insn offset 357 , insn 118
02-26 16:59:41.179  1143  1143 D LibBpfLoader: applying relo to instruction at byte offset: 3088, 	       insn offset 386 , insn 118
02-26 16:59:41.179  1143  1143 D LibBpfLoader: applying relo to instruction at byte offset: 3192, 	       insn offset 399 , insn 118
02-26 16:59:41.179  1143  1143 D LibBpfLoader: applying relo to instruction at byte offset: 3232, 	       insn offset 404 , insn 118
02-26 16:59:41.179  1143  1143 D LibBpfLoader: applying relo to instruction at byte offset: 448, 	       insn offset 56 , insn 118
02-26 16:59:41.179  1143  1143 D LibBpfLoader: applying relo to instruction at byte offset: 520, 	       insn offset 65 , insn 118
02-26 16:59:41.179  1143  1143 D LibBpfLoader: applying relo to instruction at byte offset: 992, 	       insn offset 124 , insn 118
02-26 16:59:41.179  1143  1143 D LibBpfLoader: applying relo to instruction at byte offset: 1272, 	       insn offset 159 , insn 118
02-26 16:59:41.179  1143  1143 D LibBpfLoader: applying relo to instruction at byte offset: 1352, 	       insn offset 169 , insn 118
02-26 16:59:41.179  1143  1143 D LibBpfLoader: applying relo to instruction at byte offset: 1456, 	       insn offset 182 , insn 118
02-26 16:59:41.179  1143  1143 D LibBpfLoader: applying relo to instruction at byte offset: 1560, 	       insn offset 195 , insn 118
02-26 16:59:41.179  1143  1143 D LibBpfLoader: applying relo to instruction at byte offset: 1600, 	       insn offset 200 , insn 118
02-26 16:59:41.179  1143  1143 D LibBpfLoader: applying relo to instruction at byte offset: 1744, 	       insn offset 218 , insn 118
02-26 16:59:41.179  1143  1143 D LibBpfLoader: applying relo to instruction at byte offset: 1848, 	       insn offset 231 , insn 118
02-26 16:59:41.179  1143  1143 D LibBpfLoader: applying relo to instruction at byte offset: 1888, 	       insn offset 236 , insn 118
02-26 16:59:41.179  1143  1143 D LibBpfLoader: applying relo to instruction at byte offset: 2160, 	       insn offset 270 , insn 118
02-26 16:59:41.179  1143  1143 D LibBpfLoader: applying relo to instruction at byte offset: 2264, 	       insn offset 283 , insn 118
02-26 16:59:41.179  1143  1143 D LibBpfLoader: applying relo to instruction at byte offset: 2304, 	       insn offset 288 , insn 118
02-26 16:59:41.179  1143  1143 D LibBpfLoader: applying relo to instruction at byte offset: 2448, 	       insn offset 306 , insn 118
02-26 16:59:41.179  1143  1143 D LibBpfLoader: applying relo to instruction at byte offset: 2552, 	       insn offset 319 , insn 118
02-26 16:59:41.179  1143  1143 D LibBpfLoader: applying relo to instruction at byte offset: 2592, 	       insn offset 324 , insn 118
02-26 16:59:41.179  1143  1143 D LibBpfLoader: applying relo to instruction at byte offset: 2824, 	       insn offset 353 , insn 118
02-26 16:59:41.179  1143  1143 D LibBpfLoader: applying relo to instruction at byte offset: 2928, 	       insn offset 366 , insn 118
02-26 16:59:41.179  1143  1143 D LibBpfLoader: applying relo to instruction at byte offset: 2968, 	       insn offset 371 , insn 118
02-26 16:59:41.179  1143  1143 D LibBpfLoader: applying relo to instruction at byte offset: 88, 	       insn offset 11 , insn 118
02-26 16:59:41.180  1143  1143 D LibBpfLoader: applying relo to instruction at byte offset: 192, 	       insn offset 24 , insn 118
02-26 16:59:41.180  1143  1143 D LibBpfLoader: applying relo to instruction at byte offset: 232, 	       insn offset 29 , insn 118
02-26 16:59:41.180  1143  1143 D LibBpfLoader: applying relo to instruction at byte offset: 40, 	       insn offset 5 , insn 118
02-26 16:59:41.180  1143  1143 D LibBpfLoader: applying relo to instruction at byte offset: 144, 	       insn offset 18 , insn 118
02-26 16:59:41.180  1143  1143 D LibBpfLoader: applying relo to instruction at byte offset: 184, 	       insn offset 23 , insn 118
02-26 16:59:41.180  1143  1143 D LibBpfLoader: applying relo to instruction at byte offset: 136, 	       insn offset 17 , insn 118
02-26 16:59:41.180  1143  1143 D LibBpfLoader: applying relo to instruction at byte offset: 32, 	       insn offset 4 , insn 118
02-26 16:59:41.180  1143  1143 D LibBpfLoader: applying relo to instruction at byte offset: 80, 	       insn offset 10 , insn 118
02-26 16:59:41.180  1143  1143 D LibBpfLoader: cs[0].name:cgroupskb_ingress_stats min_kver:0 .max_kver:ffffffff (kvers:5040020)
02-26 16:59:41.180  1143  1143 D LibBpfLoader: cs[0].name:cgroupskb_ingress_stats requires bpfloader version [0x00000,0x10000)
02-26 16:59:41.180  1143  1143 D LibBpfLoader: bpf_prog_load lib call for /system/etc/bpf/netd.o (cgroupskb_ingress_stats) returned fd: 16 (no error)
02-26 16:59:41.180  1143  1143 D LibBpfLoader: cs[1].name:cgroupskb_egress_stats min_kver:0 .max_kver:ffffffff (kvers:5040020)
02-26 16:59:41.180  1143  1143 D LibBpfLoader: cs[1].name:cgroupskb_egress_stats requires bpfloader version [0x00000,0x10000)
02-26 16:59:41.180  1143  1143 D LibBpfLoader: bpf_prog_load lib call for /system/etc/bpf/netd.o (cgroupskb_egress_stats) returned fd: 17 (no error)
02-26 16:59:41.180  1143  1143 D LibBpfLoader: cs[2].name:skfilter_egress_xtbpf min_kver:0 .max_kver:ffffffff (kvers:5040020)
02-26 16:59:41.180  1143  1143 D LibBpfLoader: cs[2].name:skfilter_egress_xtbpf requires bpfloader version [0x00000,0x10000)
02-26 16:59:41.180  1143  1143 D LibBpfLoader: bpf_prog_load lib call for /system/etc/bpf/netd.o (skfilter_egress_xtbpf) returned fd: 18 (no error)
02-26 16:59:41.180  1143  1143 D LibBpfLoader: cs[3].name:skfilter_ingress_xtbpf min_kver:0 .max_kver:ffffffff (kvers:5040020)
02-26 16:59:41.180  1143  1143 D LibBpfLoader: cs[3].name:skfilter_ingress_xtbpf requires bpfloader version [0x00000,0x10000)
02-26 16:59:41.181  1143  1143 D LibBpfLoader: bpf_prog_load lib call for /system/etc/bpf/netd.o (skfilter_ingress_xtbpf) returned fd: 19 (no error)
02-26 16:59:41.181  1143  1143 D LibBpfLoader: cs[4].name:skfilter_allowlist_xtbpf min_kver:0 .max_kver:ffffffff (kvers:5040020)
02-26 16:59:41.181  1143  1143 D LibBpfLoader: cs[4].name:skfilter_allowlist_xtbpf requires bpfloader version [0x00000,0x10000)
02-26 16:59:41.181  1143  1143 D LibBpfLoader: bpf_prog_load lib call for /system/etc/bpf/netd.o (skfilter_allowlist_xtbpf) returned fd: 20 (no error)
02-26 16:59:41.181  1143  1143 D LibBpfLoader: cs[5].name:skfilter_denylist_xtbpf min_kver:0 .max_kver:ffffffff (kvers:5040020)
02-26 16:59:41.181  1143  1143 D LibBpfLoader: cs[5].name:skfilter_denylist_xtbpf requires bpfloader version [0x00000,0x10000)
02-26 16:59:41.181  1143  1143 D LibBpfLoader: bpf_prog_load lib call for /system/etc/bpf/netd.o (skfilter_denylist_xtbpf) returned fd: 21 (no error)
02-26 16:59:41.181  1143  1143 D LibBpfLoader: cs[6].name:cgroupsock_inet_create min_kver:40e0000 .max_kver:ffffffff (kvers:5040020)
02-26 16:59:41.181  1143  1143 D LibBpfLoader: cs[6].name:cgroupsock_inet_create requires bpfloader version [0x00000,0x10000)
02-26 16:59:41.181  1143  1143 D LibBpfLoader: bpf_prog_load lib call for /system/etc/bpf/netd.o (cgroupsock_inet_create) returned fd: 22 (no error)
02-26 16:59:41.181  1143  1143 I bpfloader: Loaded object: /system/etc/bpf/netd.o
02-26 16:59:41.181  1143  1143 D LibBpfLoader: Loading critical for netd ELF object /system/etc/bpf/clatd.o with license Apache 2.0
02-26 16:59:41.181  1143  1143 I LibBpfLoader: Section bpfloader_min_ver value is 0 [0x0]
02-26 16:59:41.181  1143  1143 I LibBpfLoader: Section bpfloader_max_ver value is 65536 [0x10000]
02-26 16:59:41.181  1143  1143 I LibBpfLoader: Section size_of_bpf_map_def value is 48 [0x30]
02-26 16:59:41.181  1143  1143 I LibBpfLoader: Section size_of_bpf_prog_def value is 28 [0x1c]
02-26 16:59:41.181  1143  1143 I LibBpfLoader: BpfLoader version 0x00002 processing ELF object /system/etc/bpf/clatd.o with ver [0x00000,0x10000)
02-26 16:59:41.181  1143  1143 D LibBpfLoader: Loaded code section 3 (schedcls_ingress6_clat_ether)
02-26 16:59:41.181  1143  1143 D LibBpfLoader: Loaded relo section 3 (.relschedcls/ingress6/clat_ether)
02-26 16:59:41.181  1143  1143 D LibBpfLoader: Adding section 3 to cs list
02-26 16:59:41.181  1143  1143 D LibBpfLoader: Loaded code section 5 (schedcls_ingress6_clat_rawip)
02-26 16:59:41.181  1143  1143 D LibBpfLoader: Loaded relo section 5 (.relschedcls/ingress6/clat_rawip)
02-26 16:59:41.181  1143  1143 D LibBpfLoader: Adding section 5 to cs list
02-26 16:59:41.181  1143  1143 D LibBpfLoader: Loaded code section 7 (schedcls_egress4_clat_ether)
02-26 16:59:41.181  1143  1143 D LibBpfLoader: Adding section 7 to cs list
02-26 16:59:41.181  1143  1143 D LibBpfLoader: Loaded code section 8 (schedcls_egress4_clat_rawip)
02-26 16:59:41.181  1143  1143 D LibBpfLoader: Loaded relo section 8 (.relschedcls/egress4/clat_rawip)
02-26 16:59:41.181  1143  1143 D LibBpfLoader: Adding section 8 to cs list
02-26 16:59:41.181  1143  1143 D LibBpfLoader: bpf_create_map name clat_ingress6_map, ret: 6
02-26 16:59:41.181  1143  1143 D LibBpfLoader: bpf_create_map name clat_egress4_map, ret: 7
02-26 16:59:41.181  1143  1143 D LibBpfLoader: map_fd found at 0 is 6 in /system/etc/bpf/clatd.o
02-26 16:59:41.181  1143  1143 D LibBpfLoader: map_fd found at 1 is 7 in /system/etc/bpf/clatd.o
02-26 16:59:41.182  1143  1143 D LibBpfLoader: applying relo to instruction at byte offset: 408, 	       insn offset 51 , insn 118
02-26 16:59:41.182  1143  1143 D LibBpfLoader: applying relo to instruction at byte offset: 352, 	       insn offset 44 , insn 118
02-26 16:59:41.182  1143  1143 D LibBpfLoader: applying relo to instruction at byte offset: 520, 	       insn offset 65 , insn 118
02-26 16:59:41.182  1143  1143 D LibBpfLoader: cs[0].name:schedcls_ingress6_clat_ether min_kver:0 .max_kver:ffffffff (kvers:5040020)
02-26 16:59:41.182  1143  1143 D LibBpfLoader: cs[0].name:schedcls_ingress6_clat_ether requires bpfloader version [0x00000,0x10000)
02-26 16:59:41.182  1143  1143 D LibBpfLoader: bpf_prog_load lib call for /system/etc/bpf/clatd.o (schedcls_ingress6_clat_ether) returned fd: 8 (no error)
02-26 16:59:41.182  1143  1143 D LibBpfLoader: cs[1].name:schedcls_ingress6_clat_rawip min_kver:0 .max_kver:ffffffff (kvers:5040020)
02-26 16:59:41.182  1143  1143 D LibBpfLoader: cs[1].name:schedcls_ingress6_clat_rawip requires bpfloader version [0x00000,0x10000)
02-26 16:59:41.182  1143  1143 D LibBpfLoader: bpf_prog_load lib call for /system/etc/bpf/clatd.o (schedcls_ingress6_clat_rawip) returned fd: 9 (no error)
02-26 16:59:41.182  1143  1143 D LibBpfLoader: cs[2].name:schedcls_egress4_clat_ether min_kver:0 .max_kver:ffffffff (kvers:5040020)
02-26 16:59:41.182  1143  1143 D LibBpfLoader: cs[2].name:schedcls_egress4_clat_ether requires bpfloader version [0x00000,0x10000)
02-26 16:59:41.182  1143  1143 D LibBpfLoader: bpf_prog_load lib call for /system/etc/bpf/clatd.o (schedcls_egress4_clat_ether) returned fd: 10 (no error)
02-26 16:59:41.182  1143  1143 D LibBpfLoader: cs[3].name:schedcls_egress4_clat_rawip min_kver:0 .max_kver:ffffffff (kvers:5040020)
02-26 16:59:41.182  1143  1143 D LibBpfLoader: cs[3].name:schedcls_egress4_clat_rawip requires bpfloader version [0x00000,0x10000)
02-26 16:59:41.182  1143  1143 D LibBpfLoader: bpf_prog_load lib call for /system/etc/bpf/clatd.o (schedcls_egress4_clat_rawip) returned fd: 11 (no error)
02-26 16:59:41.182  1143  1143 I bpfloader: Loaded object: /system/etc/bpf/clatd.o
02-26 16:59:41.182  1143  1143 D LibBpfLoader: Loading optional ELF object /system/etc/bpf/time_in_state.o with license GPL
02-26 16:59:41.182  1143  1143 I LibBpfLoader: Section bpfloader_min_ver value is 0 [0x0]
02-26 16:59:41.182  1143  1143 I LibBpfLoader: Section bpfloader_max_ver value is 65536 [0x10000]
02-26 16:59:41.182  1143  1143 I LibBpfLoader: Section size_of_bpf_map_def value is 48 [0x30]
02-26 16:59:41.182  1143  1143 I LibBpfLoader: Section size_of_bpf_prog_def value is 28 [0x1c]
02-26 16:59:41.182  1143  1143 I LibBpfLoader: BpfLoader version 0x00002 processing ELF object /system/etc/bpf/time_in_state.o with ver [0x00000,0x10000)
02-26 16:59:41.182  1143  1143 D LibBpfLoader: Loaded code section 3 (tracepoint_sched_sched_switch)
02-26 16:59:41.182  1143  1143 D LibBpfLoader: Loaded relo section 3 (.reltracepoint/sched/sched_switch)
02-26 16:59:41.182  1143  1143 D LibBpfLoader: Adding section 3 to cs list
02-26 16:59:41.182  1143  1143 D LibBpfLoader: Loaded code section 5 (tracepoint_power_cpu_frequency)
02-26 16:59:41.182  1143  1143 D LibBpfLoader: Loaded relo section 5 (.reltracepoint/power/cpu_frequency)
02-26 16:59:41.182  1143  1143 D LibBpfLoader: Adding section 5 to cs list
02-26 16:59:41.182  1143  1143 D LibBpfLoader: Loaded code section 7 (tracepoint_sched_sched_process_free)
02-26 16:59:41.182  1143  1143 D LibBpfLoader: Loaded relo section 7 (.reltracepoint/sched/sched_process_free)
02-26 16:59:41.182  1143  1143 D LibBpfLoader: Adding section 7 to cs list
02-26 16:59:41.183  1143  1143 D LibBpfLoader: bpf_create_map name total_time_in_state_map, ret: 6
02-26 16:59:41.183  1143  1143 D LibBpfLoader: bpf_create_map name uid_time_in_state_map, ret: 7
02-26 16:59:41.183  1143  1143 D LibBpfLoader: bpf_create_map name uid_concurrent_times_map, ret: 8
02-26 16:59:41.183  1143  1143 D LibBpfLoader: bpf_create_map name uid_last_update_map, ret: 9
02-26 16:59:41.183  1143  1143 D LibBpfLoader: bpf_create_map name cpu_last_update_map, ret: 10
02-26 16:59:41.183  1143  1143 D LibBpfLoader: bpf_create_map name cpu_policy_map, ret: 11
02-26 16:59:41.183  1143  1143 D LibBpfLoader: bpf_create_map name policy_freq_idx_map, ret: 12
02-26 16:59:41.183  1143  1143 D LibBpfLoader: bpf_create_map name freq_to_idx_map, ret: 13
02-26 16:59:41.183  1143  1143 D LibBpfLoader: bpf_create_map name nr_active_map, ret: 14
02-26 16:59:41.183  1143  1143 D LibBpfLoader: bpf_create_map name policy_nr_active_map, ret: 15
02-26 16:59:41.183  1143  1143 D LibBpfLoader: bpf_create_map name pid_tracked_hash_map, ret: 16
02-26 16:59:41.183  1143  1143 D LibBpfLoader: bpf_create_map name pid_tracked_map, ret: 17
02-26 16:59:41.183  1143  1143 D LibBpfLoader: bpf_create_map name pid_task_aggregation_map, ret: 18
02-26 16:59:41.183  1143  1143 D LibBpfLoader: bpf_create_map name pid_time_in_state_map, ret: 19
02-26 16:59:41.183  1143  1143 D LibBpfLoader: map_fd found at 0 is 6 in /system/etc/bpf/time_in_state.o
02-26 16:59:41.183  1143  1143 D LibBpfLoader: map_fd found at 1 is 7 in /system/etc/bpf/time_in_state.o
02-26 16:59:41.183  1143  1143 D LibBpfLoader: map_fd found at 2 is 8 in /system/etc/bpf/time_in_state.o
02-26 16:59:41.183  1143  1143 D LibBpfLoader: map_fd found at 3 is 9 in /system/etc/bpf/time_in_state.o
02-26 16:59:41.183  1143  1143 D LibBpfLoader: map_fd found at 4 is 10 in /system/etc/bpf/time_in_state.o
02-26 16:59:41.183  1143  1143 D LibBpfLoader: map_fd found at 5 is 11 in /system/etc/bpf/time_in_state.o
02-26 16:59:41.183  1143  1143 D LibBpfLoader: map_fd found at 6 is 12 in /system/etc/bpf/time_in_state.o
02-26 16:59:41.183  1143  1143 D LibBpfLoader: map_fd found at 7 is 13 in /system/etc/bpf/time_in_state.o
02-26 16:59:41.183  1143  1143 D LibBpfLoader: map_fd found at 8 is 14 in /system/etc/bpf/time_in_state.o
02-26 16:59:41.183  1143  1143 D LibBpfLoader: map_fd found at 9 is 15 in /system/etc/bpf/time_in_state.o
02-26 16:59:41.183  1143  1143 D LibBpfLoader: map_fd found at 10 is 16 in /system/etc/bpf/time_in_state.o
02-26 16:59:41.183  1143  1143 D LibBpfLoader: map_fd found at 11 is 17 in /system/etc/bpf/time_in_state.o
02-26 16:59:41.183  1143  1143 D LibBpfLoader: map_fd found at 12 is 18 in /system/etc/bpf/time_in_state.o
02-26 16:59:41.183  1143  1143 D LibBpfLoader: map_fd found at 13 is 19 in /system/etc/bpf/time_in_state.o
02-26 16:59:41.184  1143  1143 D LibBpfLoader: applying relo to instruction at byte offset: 40, 	       insn offset 5 , insn 118
02-26 16:59:41.184  1143  1143 D LibBpfLoader: applying relo to instruction at byte offset: 128, 	       insn offset 16 , insn 118
02-26 16:59:41.184  1143  1143 D LibBpfLoader: applying relo to instruction at byte offset: 200, 	       insn offset 25 , insn 118
02-26 16:59:41.184  1143  1143 D LibBpfLoader: applying relo to instruction at byte offset: 264, 	       insn offset 33 , insn 118
02-26 16:59:41.184  1143  1143 D LibBpfLoader: applying relo to instruction at byte offset: 504, 	       insn offset 63 , insn 118
02-26 16:59:41.184  1143  1143 D LibBpfLoader: applying relo to instruction at byte offset: 640, 	       insn offset 80 , insn 118
02-26 16:59:41.184  1143  1143 D LibBpfLoader: applying relo to instruction at byte offset: 1000, 	       insn offset 125 , insn 118
02-26 16:59:41.184  1143  1143 D LibBpfLoader: applying relo to instruction at byte offset: 1040, 	       insn offset 130 , insn 118
02-26 16:59:41.184  1143  1143 D LibBpfLoader: applying relo to instruction at byte offset: 1216, 	       insn offset 152 , insn 118
02-26 16:59:41.184  1143  1143 D LibBpfLoader: applying relo to instruction at byte offset: 1344, 	       insn offset 168 , insn 118
02-26 16:59:41.184  1143  1143 D LibBpfLoader: applying relo to instruction at byte offset: 1440, 	       insn offset 180 , insn 118
02-26 16:59:41.184  1143  1143 D LibBpfLoader: applying relo to instruction at byte offset: 1536, 	       insn offset 192 , insn 118
02-26 16:59:41.184  1143  1143 D LibBpfLoader: applying relo to instruction at byte offset: 1864, 	       insn offset 233 , insn 118
02-26 16:59:41.184  1143  1143 D LibBpfLoader: applying relo to instruction at byte offset: 1904, 	       insn offset 238 , insn 118
02-26 16:59:41.184  1143  1143 D LibBpfLoader: applying relo to instruction at byte offset: 2080, 	       insn offset 260 , insn 118
02-26 16:59:41.184  1143  1143 D LibBpfLoader: applying relo to instruction at byte offset: 2288, 	       insn offset 286 , insn 118
02-26 16:59:41.184  1143  1143 D LibBpfLoader: applying relo to instruction at byte offset: 2328, 	       insn offset 291 , insn 118
02-26 16:59:41.184  1143  1143 D LibBpfLoader: applying relo to instruction at byte offset: 2504, 	       insn offset 313 , insn 118
02-26 16:59:41.184  1143  1143 D LibBpfLoader: applying relo to instruction at byte offset: 2712, 	       insn offset 339 , insn 118
02-26 16:59:41.184  1143  1143 D LibBpfLoader: applying relo to instruction at byte offset: 2752, 	       insn offset 344 , insn 118
02-26 16:59:41.184  1143  1143 D LibBpfLoader: applying relo to instruction at byte offset: 2864, 	       insn offset 358 , insn 118
02-26 16:59:41.184  1143  1143 D LibBpfLoader: applying relo to instruction at byte offset: 2952, 	       insn offset 369 , insn 118
02-26 16:59:41.184  1143  1143 D LibBpfLoader: applying relo to instruction at byte offset: 3056, 	       insn offset 382 , insn 118
02-26 16:59:41.184  1143  1143 D LibBpfLoader: applying relo to instruction at byte offset: 3160, 	       insn offset 395 , insn 118
02-26 16:59:41.184  1143  1143 D LibBpfLoader: applying relo to instruction at byte offset: 3264, 	       insn offset 408 , insn 118
02-26 16:59:41.184  1143  1143 D LibBpfLoader: applying relo to instruction at byte offset: 3368, 	       insn offset 421 , insn 118
02-26 16:59:41.184  1143  1143 D LibBpfLoader: applying relo to instruction at byte offset: 3472, 	       insn offset 434 , insn 118
02-26 16:59:41.184  1143  1143 D LibBpfLoader: applying relo to instruction at byte offset: 3576, 	       insn offset 447 , insn 118
02-26 16:59:41.184  1143  1143 D LibBpfLoader: applying relo to instruction at byte offset: 3688, 	       insn offset 461 , insn 118
02-26 16:59:41.184  1143  1143 D LibBpfLoader: applying relo to instruction at byte offset: 40, 	       insn offset 5 , insn 118
02-26 16:59:41.184  1143  1143 D LibBpfLoader: applying relo to instruction at byte offset: 120, 	       insn offset 15 , insn 118
02-26 16:59:41.184  1143  1143 D LibBpfLoader: applying relo to instruction at byte offset: 200, 	       insn offset 25 , insn 118
02-26 16:59:41.184  1143  1143 D LibBpfLoader: applying relo to instruction at byte offset: 48, 	       insn offset 6 , insn 118
02-26 16:59:41.184  1143  1143 D LibBpfLoader: applying relo to instruction at byte offset: 200, 	       insn offset 25 , insn 118
02-26 16:59:41.184  1143  1143 D LibBpfLoader: applying relo to instruction at byte offset: 328, 	       insn offset 41 , insn 118
02-26 16:59:41.184  1143  1143 D LibBpfLoader: applying relo to instruction at byte offset: 456, 	       insn offset 57 , insn 118
02-26 16:59:41.184  1143  1143 D LibBpfLoader: applying relo to instruction at byte offset: 584, 	       insn offset 73 , insn 118
02-26 16:59:41.184  1143  1143 D LibBpfLoader: applying relo to instruction at byte offset: 712, 	       insn offset 89 , insn 118
02-26 16:59:41.184  1143  1143 D LibBpfLoader: applying relo to instruction at byte offset: 840, 	       insn offset 105 , insn 118
02-26 16:59:41.184  1143  1143 D LibBpfLoader: applying relo to instruction at byte offset: 968, 	       insn offset 121 , insn 118
02-26 16:59:41.184  1143  1143 D LibBpfLoader: applying relo to instruction at byte offset: 1104, 	       insn offset 138 , insn 118
02-26 16:59:41.184  1143  1143 D LibBpfLoader: applying relo to instruction at byte offset: 1144, 	       insn offset 143 , insn 118
02-26 16:59:41.184  1143  1143 D LibBpfLoader: cs[0].name:tracepoint_sched_sched_switch min_kver:0 .max_kver:ffffffff (kvers:5040020)
02-26 16:59:41.184  1143  1143 D LibBpfLoader: cs[0].name:tracepoint_sched_sched_switch requires bpfloader version [0x00000,0x10000)
02-26 16:59:41.184  1143  1143 D LibBpfLoader: bpf_prog_load lib call for /system/etc/bpf/time_in_state.o (tracepoint_sched_sched_switch) returned fd: 20 (no error)
02-26 16:59:41.184  1143  1143 D LibBpfLoader: cs[1].name:tracepoint_power_cpu_frequency min_kver:0 .max_kver:ffffffff (kvers:5040020)
02-26 16:59:41.184  1143  1143 D LibBpfLoader: cs[1].name:tracepoint_power_cpu_frequency requires bpfloader version [0x00000,0x10000)
02-26 16:59:41.184  1143  1143 D LibBpfLoader: bpf_prog_load lib call for /system/etc/bpf/time_in_state.o (tracepoint_power_cpu_frequency) returned fd: 21 (no error)
02-26 16:59:41.184  1143  1143 D LibBpfLoader: cs[2].name:tracepoint_sched_sched_process_free min_kver:0 .max_kver:ffffffff (kvers:5040020)
02-26 16:59:41.184  1143  1143 D LibBpfLoader: cs[2].name:tracepoint_sched_sched_process_free requires bpfloader version [0x00000,0x10000)
02-26 16:59:41.185  1143  1143 D LibBpfLoader: bpf_prog_load lib call for /system/etc/bpf/time_in_state.o (tracepoint_sched_sched_process_free) returned fd: 22 (no error)
02-26 16:59:41.185  1143  1143 I bpfloader: Loaded object: /system/etc/bpf/time_in_state.o
02-26 16:59:41.183     1     1 I init    : type=1400 audit(0.0:1328): avc: denied { create } for scontext=u:r:kernel:s0 tcontext=u:r:init:s0 tclass=unix_stream_socket permissive=1
02-26 16:59:41.183     1     1 I init    : type=1400 audit(0.0:1329): avc: denied { bind } for scontext=u:r:kernel:s0 tcontext=u:r:init:s0 tclass=unix_stream_socket permissive=1
02-26 16:59:41.183     1     1 I init    : type=1400 audit(0.0:1330): avc: denied { create } for name="dnsproxyd" scontext=u:r:kernel:s0 tcontext=u:object_r:dnsproxyd_socket:s0 tclass=sock_file permissive=1
02-26 16:59:41.183     1     1 I init    : type=1400 audit(0.0:1331): avc: denied { setattr } for name="dnsproxyd" dev="tmpfs" ino=15589 scontext=u:r:kernel:s0 tcontext=u:object_r:dnsproxyd_socket:s0 tclass=sock_file permissive=1
02-26 16:59:41.183     1     1 I init    : type=1400 audit(0.0:1332): avc: denied { create } for name="mdns" scontext=u:r:kernel:s0 tcontext=u:object_r:mdns_socket:s0 tclass=sock_file permissive=1
02-26 16:59:41.183     1     1 I init    : type=1400 audit(0.0:1333): avc: denied { setattr } for name="mdns" dev="tmpfs" ino=15591 scontext=u:r:kernel:s0 tcontext=u:object_r:mdns_socket:s0 tclass=sock_file permissive=1
02-26 16:59:41.183     1     1 I init    : type=1400 audit(0.0:1334): avc: denied { create } for name="fwmarkd" scontext=u:r:kernel:s0 tcontext=u:object_r:fwmarkd_socket:s0 tclass=sock_file permissive=1
02-26 16:59:41.183     1     1 I init    : type=1400 audit(0.0:1335): avc: denied { setattr } for name="fwmarkd" dev="tmpfs" ino=15593 scontext=u:r:kernel:s0 tcontext=u:object_r:fwmarkd_socket:s0 tclass=sock_file permissive=1
02-26 16:59:41.183     1     1 I init    : type=1400 audit(0.0:1336): avc: denied { create } for scontext=u:r:kernel:s0 tcontext=u:r:zygote:s0 tclass=unix_stream_socket permissive=1
02-26 16:59:41.183     1     1 I init    : type=1400 audit(0.0:1337): avc: denied { bind } for scontext=u:r:kernel:s0 tcontext=u:r:zygote:s0 tclass=unix_stream_socket permissive=1
02-26 16:59:41.183     1     1 I init    : type=1400 audit(0.0:1338): avc: denied { create } for name="zygote" scontext=u:r:kernel:s0 tcontext=u:object_r:zygote_socket:s0 tclass=sock_file permissive=1
02-26 16:59:41.183     1     1 I init    : type=1400 audit(0.0:1339): avc: denied { setattr } for name="zygote" dev="tmpfs" ino=15598 scontext=u:r:kernel:s0 tcontext=u:object_r:zygote_socket:s0 tclass=sock_file permissive=1
02-26 16:59:41.183  1145  1145 I init    : type=1400 audit(0.0:1340): avc: denied { transition } for path="/system/bin/app_process64" dev="sda6" ino=595 scontext=u:r:kernel:s0 tcontext=u:r:zygote:s0 tclass=process permissive=1
02-26 16:59:41.183  1145  1145 I init    : type=1400 audit(0.0:1341): avc: denied { entrypoint } for path="/system/bin/app_process64" dev="sda6" ino=595 scontext=u:r:zygote:s0 tcontext=u:object_r:unlabeled:s0 tclass=file permissive=1
02-26 16:59:41.183  1145  1145 I init    : type=1400 audit(0.0:1342): avc: denied { noatsecure } for scontext=u:r:kernel:s0 tcontext=u:r:zygote:s0 tclass=process permissive=1
02-26 16:59:41.183  1145  1145 I app_process64: type=1400 audit(0.0:1343): avc: denied { use } for path="/dev/null" dev="tmpfs" ino=10660 scontext=u:r:zygote:s0 tcontext=u:r:kernel:s0 tclass=fd permissive=1
02-26 16:59:41.183  1145  1145 I app_process64: type=1400 audit(0.0:1344): avc: denied { rlimitinh } for scontext=u:r:kernel:s0 tcontext=u:r:zygote:s0 tclass=process permissive=1
02-26 16:59:41.183  1145  1145 I app_process64: type=1400 audit(0.0:1345): avc: denied { siginh } for scontext=u:r:kernel:s0 tcontext=u:r:zygote:s0 tclass=process permissive=1
02-26 16:59:41.183  1145  1145 I app_process64: type=1400 audit(0.0:1346): avc: denied { map } for path="/system/bin/app_process64" dev="sda6" ino=595 scontext=u:r:zygote:s0 tcontext=u:object_r:unlabeled:s0 tclass=file permissive=1
02-26 16:59:41.183  1145  1145 I app_process64: type=1400 audit(0.0:1347): avc: denied { read } for path="/system/bin/app_process64" dev="sda6" ino=595 scontext=u:r:zygote:s0 tcontext=u:object_r:unlabeled:s0 tclass=file permissive=1
02-26 16:59:41.183  1145  1145 I app_process64: type=1400 audit(0.0:1348): avc: denied { execute } for path="/system/bin/app_process64" dev="sda6" ino=595 scontext=u:r:zygote:s0 tcontext=u:object_r:unlabeled:s0 tclass=file permissive=1
02-26 16:59:41.183  1145  1145 I app_process64: type=1400 audit(0.0:1349): avc: denied { getattr } for path="/system/bin/app_process64" dev="sda6" ino=595 scontext=u:r:zygote:s0 tcontext=u:object_r:unlabeled:s0 tclass=file permissive=1
02-26 16:59:41.183  1145  1145 I app_process64: type=1400 audit(0.0:1350): avc: denied { search } for name="/" dev="sda6" ino=2 scontext=u:r:zygote:s0 tcontext=u:object_r:unlabeled:s0 tclass=dir permissive=1
02-26 16:59:41.183  1145  1145 I app_process64: type=1400 audit(0.0:1351): avc: denied { read } for name="/" dev="sda6" ino=2 scontext=u:r:zygote:s0 tcontext=u:object_r:unlabeled:s0 tclass=dir permissive=1
02-26 16:59:41.183  1145  1145 I app_process64: type=1400 audit(0.0:1352): avc: denied { getattr } for path="/system" dev="sda6" ino=2 scontext=u:r:zygote:s0 tcontext=u:object_r:unlabeled:s0 tclass=dir permissive=1
02-26 16:59:41.183     1     1 I init    : type=1400 audit(0.0:1353): avc: denied { write } for name="extensions" dev="configfs" ino=8113 scontext=u:r:kernel:s0 tcontext=u:object_r:configfs:s0 tclass=dir permissive=1
02-26 16:59:41.183     1     1 I init    : type=1400 audit(0.0:1354): avc: denied { add_name } for name="1055" scontext=u:r:kernel:s0 tcontext=u:object_r:configfs:s0 tclass=dir permissive=1
02-26 16:59:41.183     1     1 I init    : type=1400 audit(0.0:1355): avc: denied { create } for name="1055" scontext=u:r:kernel:s0 tcontext=u:object_r:configfs:s0 tclass=dir permissive=1
02-26 16:59:41.183  1145  1145 I app_process64: type=1400 audit(0.0:1356): avc: denied { read } for name="vendor" dev="tmpfs" ino=8158 scontext=u:r:zygote:s0 tcontext=u:object_r:tmpfs:s0 tclass=lnk_file permissive=1
02-26 16:59:41.183  1145  1145 I app_process64: type=1400 audit(0.0:1357): avc: denied { search } for name="/" dev="sda6" ino=2 scontext=u:r:zygote:s0 tcontext=u:object_r:unlabeled:s0 tclass=dir permissive=1
02-26 16:59:41.183  1145  1145 I app_process64: type=1400 audit(0.0:1358): avc: denied { getattr } for path="/system/vendor/lib64" dev="sda6" ino=4590 scontext=u:r:zygote:s0 tcontext=u:object_r:unlabeled:s0 tclass=dir permissive=1
02-26 16:59:41.183  1145  1145 I app_process64: type=1400 audit(0.0:1359): avc: denied { open } for path="/system/lib64/libandroid_runtime.so" dev="sda6" ino=3597 scontext=u:r:zygote:s0 tcontext=u:object_r:unlabeled:s0 tclass=file permissive=1
02-26 16:59:41.186  1146  1146 I app_process32: type=1400 audit(0.0:1360): avc: denied { read } for name="/" dev="sda6" ino=2 scontext=u:r:zygote:s0 tcontext=u:object_r:unlabeled:s0 tclass=dir permissive=1
02-26 16:59:41.186     1     1 I init    : type=1400 audit(0.0:1361): avc: denied { create } for scontext=u:r:kernel:s0 tcontext=u:r:kernel:s0 tclass=udp_socket permissive=1
02-26 16:59:41.186     1     1 I init    : type=1400 audit(0.0:1362): avc: denied { ioctl } for path="socket:[15706]" dev="sockfs" ino=15706 ioctlcmd=0x8913 scontext=u:r:kernel:s0 tcontext=u:r:kernel:s0 tclass=udp_socket permissive=1
02-26 16:59:41.186     1     1 I init    : type=1400 audit(0.0:1363): avc: denied { ioctl } for path="socket:[15706]" dev="sockfs" ino=15706 ioctlcmd=0x8914 scontext=u:r:kernel:s0 tcontext=u:r:kernel:s0 tclass=udp_socket permissive=1
02-26 16:59:41.186     1     1 I init    : type=1400 audit(0.0:1364): avc: denied { write } for name="hostname" dev="proc" ino=15707 scontext=u:r:kernel:s0 tcontext=u:object_r:proc_hostname:s0 tclass=file permissive=1
02-26 16:59:41.186     1     1 I init    : type=1400 audit(0.0:1365): avc: denied { open } for path="/proc/sys/kernel/hostname" dev="proc" ino=15707 scontext=u:r:kernel:s0 tcontext=u:object_r:proc_hostname:s0 tclass=file permissive=1
02-26 16:59:41.186     1     1 I init    : type=1400 audit(0.0:1366): avc: denied { write } for name="overcommit_memory" dev="proc" ino=15710 scontext=u:r:kernel:s0 tcontext=u:object_r:proc_overcommit_memory:s0 tclass=file permissive=1
02-26 16:59:41.186     1     1 I init    : type=1400 audit(0.0:1367): avc: denied { open } for path="/proc/sys/vm/overcommit_memory" dev="proc" ino=15710 scontext=u:r:kernel:s0 tcontext=u:object_r:proc_overcommit_memory:s0 tclass=file permissive=1
02-26 16:59:41.186     1     1 I init    : type=1400 audit(0.0:1368): avc: denied { create } for name="userdata" scontext=u:r:kernel:s0 tcontext=u:object_r:userdata_sysdev:s0 tclass=lnk_file permissive=1
02-26 16:59:41.186     1     1 I init    : type=1400 audit(0.0:1369): avc: denied { setattr } for name="scaling_max_freq" dev="sysfs" ino=9331 scontext=u:r:kernel:s0 tcontext=u:object_r:sysfs_devices_system_cpu:s0 tclass=file permissive=1
02-26 16:59:41.186     1     1 I init    : type=1400 audit(0.0:1370): avc: denied { setattr } for name="cmdline" dev="proc" ino=4026532020 scontext=u:r:kernel:s0 tcontext=u:object_r:proc_cmdline:s0 tclass=file permissive=1
02-26 16:59:41.186     1     1 I /system/bin/init: type=1107 audit(0.0:1371): uid=0 auid=4294967295 ses=4294967295 subj=u:r:kernel:s0 msg='avc: denied { set } for property=net.tcp_def_init_rwnd pid=1 uid=0 gid=0 scontext=u:r:kernel:s0 tcontext=u:object_r:net_connectivity_prop:s0 tclass=property_service permissive=1'
02-26 16:59:41.186  1145  1145 I app_process64: type=1400 audit(0.0:1372): avc: denied { read } for name="libc.so" dev="sda6" ino=3636 scontext=u:r:zygote:s0 tcontext=u:object_r:unlabeled:s0 tclass=lnk_file permissive=1
02-26 16:59:41.190  1144  1144 I netdClient: Skipping libnetd_client init since *we* are netd
02-26 16:59:41.192  1147  1147 D hw-ProcessState: Binder ioctl to enable oneway spam detection failed: Invalid argument
02-26 16:59:41.192  1073  1073 E SELinux : avc:  denied  { add } for interface=android.hidl.allocator::IAllocator sid=u:r:init:s0 pid=1147 scontext=u:r:init:s0 tcontext=u:object_r:hidl_allocator_hwservice:s0 tclass=hwservice_manager permissive=1
02-26 16:59:41.192  1147  1147 I HidlServiceManagement: Registered android.hidl.allocator@1.0::IAllocator/ashmem
02-26 16:59:41.192  1147  1147 I HidlServiceManagement: Removing namespace from process name android.hidl.allocator@1.0-service to allocator@1.0-service.
02-26 16:59:41.196  1144  1144 I netd    : netd 1.0 starting
02-26 16:59:41.196  1144  1144 I netd    : Pid file removed
02-26 16:59:41.196  1144  1144 I netd    : SIGPIPE is blocked
02-26 16:59:41.196  1144  1144 I netd    : setCloseOnExec(dnsproxyd)
02-26 16:59:41.196  1144  1144 I netd    : setCloseOnExec(fwmarkd)
02-26 16:59:41.196  1144  1144 I netd    : setCloseOnExec(mdns)
02-26 16:59:41.196  1144  1144 I netd    : BPF programs are loaded
02-26 16:59:41.197  1144  1144 I netd    : NetlinkManager instanced
02-26 16:59:41.197  1144  1144 I netd    : enter NetworkController ctor
02-26 16:59:41.197  1144  1144 I netd    : leave NetworkController ctor
02-26 16:59:41.197  1144  1144 I netd    : enter TetherController ctor
02-26 16:59:41.197  1144  1144 D TetherController: Setting IP forward enable = 0
02-26 16:59:41.193  1144  1144 I netd    : type=1400 audit(0.0:1373): avc: denied { create } for scontext=u:r:init:s0 tcontext=u:r:init:s0 tclass=netlink_route_socket permissive=1
02-26 16:59:41.193  1144  1144 I netd    : type=1400 audit(0.0:1374): avc: denied { setopt } for scontext=u:r:init:s0 tcontext=u:r:init:s0 tclass=netlink_route_socket permissive=1
02-26 16:59:41.193  1144  1144 I netd    : type=1400 audit(0.0:1375): avc: denied { bind } for scontext=u:r:init:s0 tcontext=u:r:init:s0 tclass=netlink_route_socket permissive=1
02-26 16:59:41.193  1144  1144 I netd    : type=1400 audit(0.0:1376): avc: denied { connect } for scontext=u:r:init:s0 tcontext=u:r:init:s0 tclass=netlink_route_socket permissive=1
02-26 16:59:41.193  1144  1144 I netd    : type=1400 audit(0.0:1377): avc: denied { write } for scontext=u:r:init:s0 tcontext=u:r:init:s0 tclass=netlink_route_socket permissive=1
02-26 16:59:41.193  1144  1144 I netd    : type=1400 audit(0.0:1378): avc: denied { nlmsg_write } for scontext=u:r:init:s0 tcontext=u:r:init:s0 tclass=netlink_route_socket permissive=1
02-26 16:59:41.193  1144  1144 I netd    : type=1400 audit(0.0:1379): avc: denied { read } for scontext=u:r:init:s0 tcontext=u:r:init:s0 tclass=netlink_route_socket permissive=1
02-26 16:59:41.197  1144  1144 I netd    : leave TetherController ctor
02-26 16:59:41.197  1144  1144 D FirewallController: Could not read /proc/self/uid_map, max uid defaulting to 4294967294
02-26 16:59:41.197  1151  1151 D hw-ProcessState: Binder ioctl to enable oneway spam detection failed: Invalid argument
02-26 16:59:41.198  1151  1151 W android.hardware.configstore@1.1-service: Could not find seccomp policy file at: /vendor/etc/seccomp_policy/configstore@1.1.policy
02-26 16:59:41.201  1149  1149 I bluetooth: system/bt/vendor_libs/test_vendor_lib/model/setup/device_boutique.cc:33 Register: Registering beacon_swarm
02-26 16:59:41.201  1149  1149 I bluetooth: system/bt/vendor_libs/test_vendor_lib/model/setup/device_boutique.cc:33 Register: Registering beacon
02-26 16:59:41.201  1149  1149 I bluetooth: system/bt/vendor_libs/test_vendor_lib/model/setup/device_boutique.cc:33 Register: Registering scripted_beacon
02-26 16:59:41.201  1149  1149 I bluetooth: system/bt/vendor_libs/test_vendor_lib/model/setup/device_boutique.cc:33 Register: Registering remote_loopback
02-26 16:59:41.201  1149  1149 I bluetooth: system/bt/vendor_libs/test_vendor_lib/model/setup/device_boutique.cc:33 Register: Registering car_kit
02-26 16:59:41.201  1149  1149 I bluetooth: system/bt/vendor_libs/test_vendor_lib/model/setup/device_boutique.cc:33 Register: Registering classic
02-26 16:59:41.201  1149  1149 I bluetooth: system/bt/vendor_libs/test_vendor_lib/model/setup/device_boutique.cc:33 Register: Registering sniffer
02-26 16:59:41.201  1149  1149 I bluetooth: system/bt/vendor_libs/test_vendor_lib/model/setup/device_boutique.cc:33 Register: Registering keyboard
02-26 16:59:41.202  1149  1149 I bluetooth: system/bt/vendor_libs/test_vendor_lib/model/devices/device_properties.cc:80 DeviceProperties: Reading controller properties from /etc/bluetooth/car_kit_controller_properties.json.
02-26 16:59:41.202  1149  1149 E bluetooth: system/bt/vendor_libs/test_vendor_lib/model/devices/device_properties.cc:82 DeviceProperties: Error reading controller properties from file.
02-26 16:59:41.203  1149  1149 I bluetooth: system/bt/vendor_libs/test_vendor_lib/model/devices/scripted_beacon.cc:71 ScriptedBeacon: Scripted_beacon registered true
02-26 16:59:41.203  1149  1149 D hw-ProcessState: Binder ioctl to enable oneway spam detection failed: Invalid argument
02-26 16:59:41.203  1073  1073 E SELinux : avc:  denied  { add } for interface=android.hardware.bluetooth::IBluetoothHci sid=u:r:init:s0 pid=1149 scontext=u:r:init:s0 tcontext=u:object_r:hal_bluetooth_hwservice:s0 tclass=hwservice_manager permissive=1
02-26 16:59:41.203  1073  1073 I hwservicemanager: getTransport: Cannot find entry android.hardware.bluetooth@1.1::IBluetoothHci/default in either framework or device VINTF manifest.
02-26 16:59:41.204  1149  1149 I HidlServiceManagement: Registered android.hardware.bluetooth@1.1::IBluetoothHci/default
02-26 16:59:41.204  1149  1149 I HidlServiceManagement: Removing namespace from process name android.hardware.bluetooth@1.1-service.sim to bluetooth@1.1-service.sim.
02-26 16:59:41.199  1148  1148 I android.hardwar: type=1400 audit(0.0:1380): avc: denied { read } for name="vndbinder" dev="tmpfs" ino=14370 scontext=u:r:init:s0 tcontext=u:object_r:vndbinder_device:s0 tclass=chr_file permissive=1
02-26 16:59:41.199  1148  1148 I android.hardwar: type=1400 audit(0.0:1381): avc: denied { write } for name="vndbinder" dev="tmpfs" ino=14370 scontext=u:r:init:s0 tcontext=u:object_r:vndbinder_device:s0 tclass=chr_file permissive=1
02-26 16:59:41.199  1148  1148 I android.hardwar: type=1400 audit(0.0:1382): avc: denied { open } for path="/dev/vndbinder" dev="tmpfs" ino=14370 scontext=u:r:init:s0 tcontext=u:object_r:vndbinder_device:s0 tclass=chr_file permissive=1
02-26 16:59:41.199  1148  1148 I android.hardwar: type=1400 audit(0.0:1383): avc: denied { ioctl } for path="/dev/vndbinder" dev="tmpfs" ino=14370 ioctlcmd=0x6209 scontext=u:r:init:s0 tcontext=u:object_r:vndbinder_device:s0 tclass=chr_file permissive=1
02-26 16:59:41.203  1148  1148 I android.hardwar: type=1400 audit(0.0:1384): avc: denied { map } for path="/dev/vndbinder" dev="tmpfs" ino=14370 scontext=u:r:init:s0 tcontext=u:object_r:vndbinder_device:s0 tclass=chr_file permissive=1
02-26 16:59:41.204  1148  1148 D ProcessState: Binder ioctl to enable oneway spam detection failed: Invalid argument
02-26 16:59:41.208  1150  1150 I android.hardware.camera.provider@2.4-service: CameraProvider@2.4 legacy service is starting.
02-26 16:59:41.208  1150  1150 D ProcessState: Binder ioctl to enable oneway spam detection failed: Invalid argument
02-26 16:59:41.209  1150  1150 D hw-ProcessState: Binder ioctl to enable oneway spam detection failed: Invalid argument
02-26 16:59:41.209  1073  1073 E SELinux : avc:  denied  { find } for interface=android.hardware.camera.provider::ICameraProvider sid=u:r:init:s0 pid=1150 scontext=u:r:init:s0 tcontext=u:object_r:hal_camera_hwservice:s0 tclass=hwservice_manager permissive=1
02-26 16:59:41.209  1073  1073 I hwservicemanager: getTransport: Cannot find entry android.hardware.camera.provider@2.4::ICameraProvider/legacy/0 in either framework or device VINTF manifest.
02-26 16:59:41.209  1150  1150 E HidlServiceManagement: getService: Potential race detected, descriptor: android.hardware.camera.provider@2.4::ICameraProvider instance: legacy/0
02-26 16:59:41.223  1073  1073 E SELinux : avc:  denied  { find } for interface=android.hardware.graphics.mapper::IMapper sid=u:r:init:s0 pid=1150 scontext=u:r:init:s0 tcontext=u:object_r:hal_graphics_mapper_hwservice:s0 tclass=hwservice_manager permissive=1
02-26 16:59:41.223  1073  1073 I hwservicemanager: getTransport: Cannot find entry android.hardware.graphics.mapper@4.0::IMapper/default in either framework or device VINTF manifest.
02-26 16:59:41.223  1150  1150 E HidlServiceManagement: getService: Potential race detected, descriptor: android.hardware.graphics.mapper@4.0::IMapper instance: default
02-26 16:59:41.223  1073  1073 I hwservicemanager: Since android.hardware.graphics.mapper@4.0::IMapper/default is not registered, trying to start it as a lazy HAL.
02-26 16:59:41.228  1073  1073 E SELinux : avc:  denied  { add } for interface=android.hardware.configstore::ISurfaceFlingerConfigs sid=u:r:init:s0 pid=1151 scontext=u:r:init:s0 tcontext=u:object_r:hal_configstore_ISurfaceFlingerConfigs:s0 tclass=hwservice_manager permissive=1
02-26 16:59:41.228  1151  1151 I HidlServiceManagement: Registered android.hardware.configstore@1.1::ISurfaceFlingerConfigs/default
02-26 16:59:41.228  1151  1151 I HidlServiceManagement: Removing namespace from process name android.hardware.configstore@1.1-service to configstore@1.1-service.
02-26 16:59:41.228  1148  1148 D hw-ProcessState: Binder ioctl to enable oneway spam detection failed: Invalid argument
02-26 16:59:41.228  1150  1150 I Gralloc4: mapper 4.x is not supported
02-26 16:59:41.228  1073  1073 E SELinux : avc:  denied  { find } for interface=android.hardware.audio::IDevicesFactory sid=u:r:init:s0 pid=1148 scontext=u:r:init:s0 tcontext=u:object_r:hal_audio_hwservice:s0 tclass=hwservice_manager permissive=1
02-26 16:59:41.228  1073  1073 I hwservicemanager: getTransport: Cannot find entry android.hardware.audio@7.0::IDevicesFactory/default in either framework or device VINTF manifest.
02-26 16:59:41.228  1148  1148 E HidlServiceManagement: getService: Potential race detected, descriptor: android.hardware.audio@7.0::IDevicesFactory instance: default
02-26 16:59:41.228  1073  1073 I hwservicemanager: getTransport: Cannot find entry android.hardware.graphics.mapper@3.0::IMapper/default in either framework or device VINTF manifest.
02-26 16:59:41.228  1148  1148 E LegacySupport: Could not get passthrough implementation for android.hardware.audio@7.0::IDevicesFactory/default.
02-26 16:59:41.228  1150  1150 E HidlServiceManagement: getService: Potential race detected, descriptor: android.hardware.graphics.mapper@3.0::IMapper instance: default
02-26 16:59:41.228  1073  1073 I hwservicemanager: getTransport: Cannot find entry android.hardware.audio@6.0::IDevicesFactory/default in either framework or device VINTF manifest.
02-26 16:59:41.228  1073  1073 I hwservicemanager: Since android.hardware.graphics.mapper@3.0::IMapper/default is not registered, trying to start it as a lazy HAL.
02-26 16:59:41.228  1148  1148 E HidlServiceManagement: getService: Potential race detected, descriptor: android.hardware.audio@6.0::IDevicesFactory instance: default
02-26 16:59:41.228  1148  1148 E LegacySupport: Could not get passthrough implementation for android.hardware.audio@6.0::IDevicesFactory/default.
02-26 16:59:41.228  1073  1073 I hwservicemanager: getTransport: Cannot find entry android.hardware.audio@5.0::IDevicesFactory/default in either framework or device VINTF manifest.
02-26 16:59:41.228  1150  1150 W Gralloc3: mapper 3.x is not supported
02-26 16:59:41.228  1148  1148 E HidlServiceManagement: getService: Potential race detected, descriptor: android.hardware.audio@5.0::IDevicesFactory instance: default
02-26 16:59:41.229  1148  1148 E LegacySupport: Could not get passthrough implementation for android.hardware.audio@5.0::IDevicesFactory/default.
02-26 16:59:41.229  1148  1148 E HidlServiceManagement: getService: Potential race detected, descriptor: android.hardware.audio@4.0::IDevicesFactory instance: default
02-26 16:59:41.229  1150  1150 E HidlServiceManagement: getService: Potential race detected, descriptor: android.hardware.graphics.mapper@2.0::IMapper instance: default
02-26 16:59:41.231  1152  1152 D hw-ProcessState: Binder ioctl to enable oneway spam detection failed: Invalid argument
02-26 16:59:41.231  1073  1073 E SELinux : avc:  denied  { find } for interface=android.hardware.drm::IDrmFactory sid=u:r:init:s0 pid=1152 scontext=u:r:init:s0 tcontext=u:object_r:hal_drm_hwservice:s0 tclass=hwservice_manager permissive=1
02-26 16:59:41.232  1152  1152 E HidlServiceManagement: getService: Potential race detected, descriptor: android.hardware.drm@1.0::IDrmFactory instance: default
02-26 16:59:41.235  1152  1152 E android.hardware.drm@1.0-impl: Failed to find plugin directory /vendor/lib/mediadrm
02-26 16:59:41.235  1073  1156 W libc    : Unable to set property "ctl.interface_start" to "android.hardware.graphics.mapper@4.0::IMapper/default": error code: 0x20
02-26 16:59:41.235  1073  1156 I hwservicemanager: Tried to start android.hardware.graphics.mapper@4.0::IMapper/default as a lazy service, but was unable to. Usually this happens when a service is not installed, but if the service is intended to be used as a lazy service, then it may be configured incorrectly.
02-26 16:59:41.235  1164  1164 D hw-ProcessState: Binder ioctl to enable oneway spam detection failed: Invalid argument
02-26 16:59:41.233  1153  1153 I iptables-restor: type=1400 audit(0.0:1385): avc: denied { create } for scontext=u:r:init:s0 tcontext=u:r:init:s0 tclass=rawip_socket permissive=1
02-26 16:59:41.233  1153  1153 I iptables-restor: type=1400 audit(0.0:1386): avc: denied { getopt } for lport=255 scontext=u:r:init:s0 tcontext=u:r:init:s0 tclass=rawip_socket permissive=1
02-26 16:59:41.233  1153  1153 I iptables-restor: type=1400 audit(0.0:1387): avc: denied { setopt } for lport=255 scontext=u:r:init:s0 tcontext=u:r:init:s0 tclass=rawip_socket permissive=1
02-26 16:59:41.237  1073  1073 E SELinux : avc:  denied  { add } for interface=android.hardware.drm::IDrmFactory sid=u:r:init:s0 pid=1152 scontext=u:r:init:s0 tcontext=u:object_r:hal_drm_hwservice:s0 tclass=hwservice_manager permissive=1
02-26 16:59:41.237  1073  1073 E SELinux : avc:  denied  { find } for interface=android.hardware.graphics.allocator::IAllocator sid=u:r:init:s0 pid=1164 scontext=u:r:init:s0 tcontext=u:object_r:hal_graphics_allocator_hwservice:s0 tclass=hwservice_manager permissive=1
02-26 16:59:41.237  1152  1152 I HidlServiceManagement: Registered android.hardware.drm@1.0::IDrmFactory/default
02-26 16:59:41.237  1152  1152 I HidlServiceManagement: Removing namespace from process name android.hardware.drm@1.0-service to drm@1.0-service.
02-26 16:59:41.237  1152  1152 I LegacySupport: Registration complete for android.hardware.drm@1.0::IDrmFactory/default.
02-26 16:59:41.237  1152  1152 E HidlServiceManagement: getService: Potential race detected, descriptor: android.hardware.drm@1.0::ICryptoFactory instance: default
02-26 16:59:41.237  1152  1152 E android.hardware.drm@1.0-impl: Failed to find plugin directory /vendor/lib/mediadrm
02-26 16:59:41.238  1152  1152 I HidlServiceManagement: Registered android.hardware.drm@1.0::ICryptoFactory/default
02-26 16:59:41.238  1152  1152 I HidlServiceManagement: Removing namespace from process name android.hardware.drm@1.0-service to drm@1.0-service.
02-26 16:59:41.238  1152  1152 I LegacySupport: Registration complete for android.hardware.drm@1.0::ICryptoFactory/default.
02-26 16:59:41.238  1164  1164 E HidlServiceManagement: getService: Potential race detected, descriptor: android.hardware.graphics.allocator@2.0::IAllocator instance: default
02-26 16:59:41.240  1073  1161 W libc    : Unable to set property "ctl.interface_start" to "android.hardware.graphics.mapper@3.0::IMapper/default": error code: 0x20
02-26 16:59:41.240  1073  1161 I hwservicemanager: Tried to start android.hardware.graphics.mapper@3.0::IMapper/default as a lazy service, but was unable to. Usually this happens when a service is not installed, but if the service is intended to be used as a lazy service, then it may be configured incorrectly.
02-26 16:59:41.240  1168  1168 D hw-ProcessState: Binder ioctl to enable oneway spam detection failed: Invalid argument
02-26 16:59:41.240  1073  1073 E SELinux : avc:  denied  { find } for interface=android.hardware.vibrator::IVibrator sid=u:r:init:s0 pid=1168 scontext=u:r:init:s0 tcontext=u:object_r:hal_vibrator_hwservice:s0 tclass=hwservice_manager permissive=1
02-26 16:59:41.240  1073  1073 I hwservicemanager: getTransport: Cannot find entry android.hardware.vibrator@1.0::IVibrator/default in either framework or device VINTF manifest.
02-26 16:59:41.236     1     1 I init    : type=1400 audit(0.0:1388): avc: denied { create } for scontext=u:r:kernel:s0 tcontext=u:object_r:pdx_display_client_endpoint_socket:s0 tclass=unix_stream_socket permissive=1
