02-26 16:59:41.353  1228  1228 I zygote64: type=1400 audit(0.0:1496): avc: denied { execute_no_trans } for path="/system/bin/sh" dev="sda6" ino=846 scontext=u:r:zygote:s0 tcontext=u:object_r:unlabeled:s0 tclass=file permissive=1
02-26 16:59:41.353  1228  1228 I sh      : type=1400 audit(0.0:1497): avc: denied { map } for path="/system/bin/sh" dev="sda6" ino=846 scontext=u:r:zygote:s0 tcontext=u:object_r:unlabeled:s0 tclass=file permissive=1
02-26 16:59:41.356  1072  1072 E SELinux : avc:  denied  { add } for pid=1180 uid=0 name=installd scontext=u:r:init:s0 tcontext=u:object_r:installd_service:s0 tclass=service_manager permissive=1
02-26 16:59:41.357  1194  1194 D opengl-gc: Check pid 1313: running 0
02-26 16:59:41.357  1194  1194 D opengl-gc: Check pid 1503: running 0
02-26 16:59:41.353  1228  1228 I sh      : type=1400 audit(0.0:1498): avc: denied { getattr } for path="/system/bin/sh" dev="sda6" ino=846 scontext=u:r:zygote:s0 tcontext=u:object_r:unlabeled:s0 tclass=file permissive=1
02-26 16:59:41.358  1188  1188 W android.hardware.media.omx@1.0-service: libminijail[1188]: logging seccomp filter failures
02-26 16:59:41.359  1148  1148 I HidlServiceManagement: Registered android.hardware.audio.effect@4.0::IEffectsFactory/default
02-26 16:59:41.359  1148  1148 I LegacySupport: Registration complete for android.hardware.audio.effect@4.0::IEffectsFactory/default.
02-26 16:59:41.359  1188  1188 D ProcessState: Binder ioctl to enable oneway spam detection failed: Invalid argument
02-26 16:59:41.359  1073  1073 I hwservicemanager: getTransport: Cannot find entry android.hardware.soundtrigger@2.3::ISoundTriggerHw/default in either framework or device VINTF manifest.
02-26 16:59:41.359  1188  1188 D hw-ProcessState: Binder ioctl to enable oneway spam detection failed: Invalid argument
02-26 16:59:41.359  1148  1148 E HidlServiceManagement: getService: Potential race detected, descriptor: android.hardware.soundtrigger@2.3::ISoundTriggerHw instance: default
02-26 16:59:41.359  1148  1148 E LegacySupport: Could not get passthrough implementation for android.hardware.soundtrigger@2.3::ISoundTriggerHw/default.
02-26 16:59:41.359  1182  1182 W mediaextractor: Could not read additional policy file '/vendor/etc/seccomp_policy/mediaextractor.policy'
02-26 16:59:41.360  1073  1073 I hwservicemanager: getTransport: Cannot find entry android.hardware.soundtrigger@2.2::ISoundTriggerHw/default in either framework or device VINTF manifest.
02-26 16:59:41.360  1188  1188 E vndksupport: Could not load libstagefrighthw.so from default namespace: dlopen failed: library "libstagefrighthw.so" not found.
02-26 16:59:41.360  1182  1182 W mediaextractor: libminijail[1182]: failed to get path of fd 4: No such file or directory
02-26 16:59:41.360  1182  1182 W mediaextractor: libminijail[1182]: allowing syscall: socket
02-26 16:59:41.360  1182  1182 W mediaextractor: libminijail[1182]: allowing syscall: connect
02-26 16:59:41.360  1182  1182 W mediaextractor: libminijail[1182]: allowing syscall: fcntl
02-26 16:59:41.360  1182  1182 W mediaextractor: libminijail[1182]: allowing syscall: writev
02-26 16:59:41.360  1182  1182 W mediaextractor: libminijail[1182]: compile_file: <fd>(48): syscall readlinkat redefined here
02-26 16:59:41.360  1182  1182 W mediaextractor: libminijail[1182]: compile_file: <fd>(43): previous definition here
02-26 16:59:41.360  1182  1182 W mediaextractor: libminijail[1182]: compile_file: <fd>(54): syscall gettid redefined here
02-26 16:59:41.360  1182  1182 W mediaextractor: libminijail[1182]: compile_file: <fd>(51): previous definition here
02-26 16:59:41.360  1148  1148 E HidlServiceManagement: getService: Potential race detected, descriptor: android.hardware.soundtrigger@2.2::ISoundTriggerHw instance: default
02-26 16:59:41.360  1148  1148 E LegacySupport: Could not get passthrough implementation for android.hardware.soundtrigger@2.2::ISoundTriggerHw/default.
02-26 16:59:41.361  1182  1182 W mediaextractor: libminijail[1182]: compile_file: /apex/com.android.media/etc/seccomp_policy/crash_dump.x86_64.policy(1): syscall read redefined here
02-26 16:59:41.361  1182  1182 W mediaextractor: libminijail[1182]: compile_file: <fd>(19): previous definition here
02-26 16:59:41.361  1182  1182 W mediaextractor: libminijail[1182]: compile_file: /apex/com.android.media/etc/seccomp_policy/crash_dump.x86_64.policy(2): syscall write redefined here
02-26 16:59:41.361  1182  1182 W mediaextractor: libminijail[1182]: compile_file: <fd>(6): previous definition here
02-26 16:59:41.361  1182  1182 W mediaextractor: libminijail[1182]: compile_file: /apex/com.android.media/etc/seccomp_policy/crash_dump.x86_64.policy(3): syscall exit redefined here
02-26 16:59:41.361  1182  1182 W mediaextractor: libminijail[1182]: compile_file: <fd>(29): previous definition here
02-26 16:59:41.361  1182  1182 W mediaextractor: libminijail[1182]: compile_file: /apex/com.android.media/etc/seccomp_policy/crash_dump.x86_64.policy(4): syscall rt_sigreturn redefined here
02-26 16:59:41.361  1182  1182 W mediaextractor: libminijail[1182]: compile_file: <fd>(31): previous definition here
02-26 16:59:41.361  1182  1182 W mediaextractor: libminijail[1182]: compile_file: /apex/com.android.media/etc/seccomp_policy/crash_dump.x86_64.policy(5): syscall exit_group redefined here
02-26 16:59:41.361  1182  1182 W mediaextractor: libminijail[1182]: compile_file: <fd>(30): previous definition here
02-26 16:59:41.361  1182  1182 W mediaextractor: libminijail[1182]: compile_file: /apex/com.android.media/etc/seccomp_policy/crash_dump.x86_64.policy(6): syscall clock_gettime redefined here
02-26 16:59:41.361  1182  1182 W mediaextractor: libminijail[1182]: compile_file: <fd>(15): previous definition here
02-26 16:59:41.361  1182  1182 W mediaextractor: libminijail[1182]: compile_file: /apex/com.android.media/etc/seccomp_policy/crash_dump.x86_64.policy(8): syscall futex redefined here
02-26 16:59:41.361  1182  1182 W mediaextractor: libminijail[1182]: compile_file: <fd>(4): previous definition here
02-26 16:59:41.361  1182  1182 W mediaextractor: libminijail[1182]: compile_file: /apex/com.android.media/etc/seccomp_policy/crash_dump.x86_64.policy(9): syscall getrandom redefined here
02-26 16:59:41.361  1182  1182 W mediaextractor: libminijail[1182]: compile_file: <fd>(36): previous definition here
02-26 16:59:41.361  1182  1182 W mediaextractor: libminijail[1182]: compile_file: /apex/com.android.media/etc/seccomp_policy/crash_dump.x86_64.policy(10): syscall getpid redefined here
02-26 16:59:41.361  1182  1182 W mediaextractor: libminijail[1182]: compile_file: <fd>(53): previous definition here
02-26 16:59:41.361  1182  1182 W mediaextractor: libminijail[1182]: compile_file: /apex/com.android.media/etc/seccomp_policy/crash_dump.x86_64.policy(11): syscall gettid redefined here
02-26 16:59:41.361  1182  1182 W mediaextractor: libminijail[1182]: compile_file: <fd>(51): previous definition here
02-26 16:59:41.361  1182  1182 W mediaextractor: libminijail[1182]: compile_file: /apex/com.android.media/etc/seccomp_policy/crash_dump.x86_64.policy(14): syscall openat redefined here
02-26 16:59:41.361  1182  1182 W mediaextractor: libminijail[1182]: compile_file: <fd>(13): previous definition here
02-26 16:59:41.361  1182  1182 W mediaextractor: libminijail[1182]: compile_file: /apex/com.android.media/etc/seccomp_policy/crash_dump.x86_64.policy(15): syscall dup redefined here
02-26 16:59:41.361  1182  1182 W mediaextractor: libminijail[1182]: compile_file: <fd>(9): previous definition here
02-26 16:59:41.361  1182  1182 W mediaextractor: libminijail[1182]: compile_file: /apex/com.android.media/etc/seccomp_policy/crash_dump.x86_64.policy(16): syscall close redefined here
02-26 16:59:41.361  1182  1182 W mediaextractor: libminijail[1182]: compile_file: <fd>(8): previous definition here
02-26 16:59:41.361  1182  1182 W mediaextractor: libminijail[1182]: compile_file: /apex/com.android.media/etc/seccomp_policy/crash_dump.x86_64.policy(17): syscall lseek redefined here
02-26 16:59:41.361  1182  1182 W mediaextractor: libminijail[1182]: compile_file: <fd>(20): previous definition here
02-26 16:59:41.361  1182  1182 W mediaextractor: libminijail[1182]: compile_file: /apex/com.android.media/etc/seccomp_policy/crash_dump.x86_64.policy(18): syscall getdents64 redefined here
02-26 16:59:41.361  1182  1182 W mediaextractor: libminijail[1182]: compile_file: <fd>(42): previous definition here
02-26 16:59:41.361  1182  1182 W mediaextractor: libminijail[1182]: compile_file: /apex/com.android.media/etc/seccomp_policy/crash_dump.x86_64.policy(19): syscall faccessat redefined here
02-26 16:59:41.361  1182  1182 W mediaextractor: libminijail[1182]: compile_file: <fd>(32): previous definition here
02-26 16:59:41.361  1182  1182 W mediaextractor: libminijail[1182]: compile_file: /apex/com.android.media/etc/seccomp_policy/crash_dump.x86_64.policy(27): syscall prctl redefined here
02-26 16:59:41.361  1182  1182 W mediaextractor: libminijail[1182]: compile_file: <fd>(5): previous definition here
02-26 16:59:41.361  1182  1182 W mediaextractor: libminijail[1182]: compile_file: /apex/com.android.media/etc/seccomp_policy/crash_dump.x86_64.policy(28): syscall madvise redefined here
02-26 16:59:41.361  1182  1182 W mediaextractor: libminijail[1182]: compile_file: <fd>(12): previous definition here
02-26 16:59:41.361  1182  1182 W mediaextractor: libminijail[1182]: compile_file: /apex/com.android.media/etc/seccomp_policy/crash_dump.x86_64.policy(29): syscall mprotect redefined here
02-26 16:59:41.361  1182  1182 W mediaextractor: libminijail[1182]: compile_file: <fd>(18): previous definition here
02-26 16:59:41.361  1182  1182 W mediaextractor: libminijail[1182]: compile_file: /apex/com.android.media/etc/seccomp_policy/crash_dump.x86_64.policy(30): syscall munmap redefined here
02-26 16:59:41.361  1182  1182 W mediaextractor: libminijail[1182]: compile_file: <fd>(10): previous definition here
02-26 16:59:41.361  1182  1182 W mediaextractor: libminijail[1182]: compile_file: /apex/com.android.media/etc/seccomp_policy/crash_dump.x86_64.policy(31): syscall getuid redefined here
02-26 16:59:41.361  1182  1182 W mediaextractor: libminijail[1182]: compile_file: <fd>(22): previous definition here
02-26 16:59:41.361  1182  1182 W mediaextractor: libminijail[1182]: compile_file: /apex/com.android.media/etc/seccomp_policy/crash_dump.x86_64.policy(32): syscall fstat redefined here
02-26 16:59:41.361  1182  1182 W mediaextractor: libminijail[1182]: compile_file: <fd>(25): previous definition here
02-26 16:59:41.362  1182  1182 W mediaextractor: libminijail[1182]: compile_file: /apex/com.android.media/etc/seccomp_policy/crash_dump.x86_64.policy(33): syscall mmap redefined here
02-26 16:59:41.362  1182  1182 W mediaextractor: libminijail[1182]: compile_file: <fd>(11): previous definition here
02-26 16:59:41.362  1189  1189 D hw-ProcessState: Binder ioctl to enable oneway spam detection failed: Invalid argument
02-26 16:59:41.363  1188  1188 I SoftOMXPlugin: createOMXPlugin
02-26 16:59:41.363  1188  1188 D MediaCodecsXmlParser: parsing /system/etc/media_codecs.xml...
02-26 16:59:41.370  1182  1182 W mediaextractor: libminijail[1182]: logging seccomp filter failures
02-26 16:59:41.356  1231  1231 I awk     : type=1400 audit(0.0:1499): avc: denied { read } for name="uptime" dev="proc" ino=4026532028 scontext=u:r:zygote:s0 tcontext=u:object_r:proc_uptime:s0 tclass=file permissive=1
02-26 16:59:41.356  1231  1231 I awk     : type=1400 audit(0.0:1500): avc: denied { open } for path="/proc/uptime" dev="proc" ino=4026532028 scontext=u:r:zygote:s0 tcontext=u:object_r:proc_uptime:s0 tclass=file permissive=1
02-26 16:59:41.356  1231  1231 I awk     : type=1400 audit(0.0:1501): avc: denied { getattr } for path="/proc/uptime" dev="proc" ino=4026532028 scontext=u:r:zygote:s0 tcontext=u:object_r:proc_uptime:s0 tclass=file permissive=1
02-26 16:59:41.359  1235  1235 I setprop : type=1400 audit(0.0:1502): avc: denied { write } for name="property_service" dev="tmpfs" ino=11206 scontext=u:r:zygote:s0 tcontext=u:object_r:property_socket:s0 tclass=sock_file permissive=1
02-26 16:59:41.359  1235  1235 I setprop : type=1400 audit(0.0:1503): avc: denied { connectto } for path="/dev/socket/property_service" scontext=u:r:zygote:s0 tcontext=u:r:kernel:s0 tclass=unix_stream_socket permissive=1
02-26 16:59:41.371  1188  1188 D MediaCodecsXmlParser: Ignoring unrecognized tag <MediaCodec> at line 85 of /system/etc/media_codecs.xml
02-26 16:59:41.371  1073  1073 I hwservicemanager: getTransport: Cannot find entry android.hardware.soundtrigger@2.1::ISoundTriggerHw/default in either framework or device VINTF manifest.
02-26 16:59:41.371  1188  1188 D MediaCodecsXmlParser: Ignoring unrecognized tag <MediaCodec> at line 88 of /system/etc/media_codecs.xml
02-26 16:59:41.371  1188  1188 D MediaCodecsXmlParser: Ignoring unrecognized tag <MediaCodec> at line 91 of /system/etc/media_codecs.xml
02-26 16:59:41.371  1188  1188 D MediaCodecsXmlParser: parsing /system/etc/media_codecs_google_audio.xml...
02-26 16:59:41.371  1073  1073 E SELinux : avc:  denied  { add } for interface=android.hardware.sensors::ISensors sid=u:r:init:s0 pid=1167 scontext=u:r:init:s0 tcontext=u:object_r:hal_sensors_hwservice:s0 tclass=hwservice_manager permissive=1
02-26 16:59:41.371  1073  1073 E SELinux : avc:  denied  { add } for interface=android.hardware.radio::IRadio sid=u:r:init:s0 pid=1189 scontext=u:r:init:s0 tcontext=u:object_r:hal_telephony_hwservice:s0 tclass=hwservice_manager permissive=1
02-26 16:59:41.371  1073  1073 I hwservicemanager: getTransport: Cannot find entry android.hardware.radio@1.1::IRadio/slot1 in either framework or device VINTF manifest.
02-26 16:59:41.371  1189  1189 I HidlServiceManagement: Registered android.hardware.radio@1.1::IRadio/slot1
02-26 16:59:41.371  1167  1167 I HidlServiceManagement: Registered android.hardware.sensors@2.1::ISensors/default
02-26 16:59:41.371  1167  1167 I HidlServiceManagement: Removing namespace from process name android.hardware.sensors@2.1-service.multihal to sensors@2.1-service.multihal.
02-26 16:59:41.371  1182  1182 D ProcessState: Binder ioctl to enable oneway spam detection failed: Invalid argument
02-26 16:59:41.359     1     1 I /system/bin/init: type=1107 audit(0.0:1504): uid=0 auid=4294967295 ses=4294967295 subj=u:r:kernel:s0 msg='avc: denied { set } for property=ts_zygote_begin_64 pid=1235 uid=0 gid=0 scontext=u:r:zygote:s0 tcontext=u:object_r:default_prop:s0 tclass=property_service permissive=1'
02-26 16:59:41.372  1148  1148 E HidlServiceManagement: getService: Potential race detected, descriptor: android.hardware.soundtrigger@2.1::ISoundTriggerHw instance: default
02-26 16:59:41.372  1148  1148 E LegacySupport: Could not get passthrough implementation for android.hardware.soundtrigger@2.1::ISoundTriggerHw/default.
02-26 16:59:41.372  1073  1073 I hwservicemanager: getTransport: Cannot find entry android.hardware.soundtrigger@2.0::ISoundTriggerHw/default in either framework or device VINTF manifest.
02-26 16:59:41.373  1188  1188 D MediaCodecsXmlParser: parsing /system/etc/media_codecs_google_telephony.xml...
02-26 16:59:41.373  1188  1188 D MediaCodecsXmlParser: parsing /system/etc/media_codecs_google_video.xml...
02-26 16:59:41.373  1188  1188 D MediaCodecsXmlParser: parsing /system/etc/media_codecs_performance.xml...
02-26 16:59:41.374  1188  1188 I MediaCodecsXmlParser: Did not find media_codecs_shaping.xml in search path
02-26 16:59:41.374  1073  1073 E SELinux : avc:  denied  { add } for interface=android.hardware.media.omx::IOmx sid=u:r:init:s0 pid=1188 scontext=u:r:init:s0 tcontext=u:object_r:hal_omx_hwservice:s0 tclass=hwservice_manager permissive=1
02-26 16:59:41.374  1188  1188 I HidlServiceManagement: Registered android.hardware.media.omx@1.0::IOmx/default
02-26 16:59:41.374  1188  1188 I HidlServiceManagement: Removing namespace from process name android.hardware.media.omx@1.0-service to omx@1.0-service.
02-26 16:59:41.374  1188  1188 I android.hardware.media.omx@1.0-service: IOmx HAL service created.
02-26 16:59:41.374  1188  1188 I OmxStore: omx common prefix: 'OMX.'
02-26 16:59:41.374  1188  1188 D MediaCodecsXmlParser: parsing /system/etc/media_codecs.xml...
02-26 16:59:41.374  1188  1188 D MediaCodecsXmlParser: Ignoring unrecognized tag <MediaCodec> at line 85 of /system/etc/media_codecs.xml
02-26 16:59:41.374  1188  1188 D MediaCodecsXmlParser: Ignoring unrecognized tag <MediaCodec> at line 88 of /system/etc/media_codecs.xml
02-26 16:59:41.374  1188  1188 D MediaCodecsXmlParser: Ignoring unrecognized tag <MediaCodec> at line 91 of /system/etc/media_codecs.xml
02-26 16:59:41.374  1188  1188 D MediaCodecsXmlParser: parsing /system/etc/media_codecs_google_audio.xml...
02-26 16:59:41.374  1188  1188 D MediaCodecsXmlParser: parsing /system/etc/media_codecs_google_telephony.xml...
02-26 16:59:41.374  1188  1188 D MediaCodecsXmlParser: parsing /system/etc/media_codecs_google_video.xml...
02-26 16:59:41.374  1188  1188 D MediaCodecsXmlParser: parsing /system/etc/media_codecs_performance.xml...
02-26 16:59:41.374  1188  1188 I MediaCodecsXmlParser: Did not find media_codecs_shaping.xml in search path
02-26 16:59:41.374  1188  1188 I HidlServiceManagement: Registered android.hardware.media.omx@1.0::IOmxStore/default
02-26 16:59:41.374  1188  1188 I HidlServiceManagement: Removing namespace from process name android.hardware.media.omx@1.0-service to omx@1.0-service.
02-26 16:59:41.375  1190  1190 I mediaswcodec: media swcodec service starting
02-26 16:59:41.375  1148  1148 E HidlServiceManagement: getService: Potential race detected, descriptor: android.hardware.soundtrigger@2.0::ISoundTriggerHw instance: default
02-26 16:59:41.375  1148  1148 E LegacySupport: Could not get passthrough implementation for android.hardware.soundtrigger@2.0::ISoundTriggerHw/default.
02-26 16:59:41.375  1148  1148 W audiohalservice: Could not register Soundtrigger API
02-26 16:59:41.375  1190  1190 W mediaswcodec: Could not read additional policy file '/vendor/etc/seccomp_policy/mediaswcodec.policy'
02-26 16:59:41.375  1190  1190 W mediaswcodec: libminijail[1190]: failed to get path of fd 4: No such file or directory
02-26 16:59:41.375  1190  1190 W mediaswcodec: libminijail[1190]: allowing syscall: socket
02-26 16:59:41.375  1190  1190 W mediaswcodec: libminijail[1190]: allowing syscall: connect
02-26 16:59:41.375  1190  1190 W mediaswcodec: libminijail[1190]: allowing syscall: fcntl
02-26 16:59:41.375  1190  1190 W mediaswcodec: libminijail[1190]: allowing syscall: writev
02-26 16:59:41.375  1190  1190 W mediaswcodec: libminijail[1190]: compile_file: <fd>(20): nonexistent syscall 'getuid32'
02-26 16:59:41.375  1190  1190 W mediaswcodec: libminijail[1190]: compile_file: <fd>(26): nonexistent syscall 'mmap2'
02-26 16:59:41.375  1190  1190 W mediaswcodec: libminijail[1190]: compile_file: <fd>(28): nonexistent syscall 'fstat64'
02-26 16:59:41.375  1190  1190 W mediaswcodec: libminijail[1190]: compile_file: <fd>(31): nonexistent syscall 'stat64'
02-26 16:59:41.375  1190  1190 W mediaswcodec: libminijail[1190]: compile_file: <fd>(32): nonexistent syscall 'statfs64'
02-26 16:59:41.375  1190  1190 W mediaswcodec: libminijail[1190]: compile_file: <fd>(34): nonexistent syscall 'fstatat64'
02-26 16:59:41.375  1190  1190 W mediaswcodec: libminijail[1190]: compile_file: <fd>(39): nonexistent syscall '_llseek'
02-26 16:59:41.375  1190  1190 W mediaswcodec: libminijail[1190]: compile_file: <fd>(48): nonexistent syscall 'ugetrlimit'
02-26 16:59:41.375  1190  1190 W mediaswcodec: libminijail[1190]: compile_file: <fd>(51): nonexistent syscall '_llseek'
02-26 16:59:41.375  1190  1190 W mediaswcodec: libminijail[1190]: compile_file: <fd>(52): nonexistent syscall 'fstatfs64'
02-26 16:59:41.375  1190  1190 W mediaswcodec: libminijail[1190]: compile_file: <fd>(64): nonexistent syscall 'ftruncate64'
02-26 16:59:41.375  1190  1190 W mediaswcodec: libminijail[1190]: compile_file: <fd>(70): syscall gettid redefined here
02-26 16:59:41.375  1190  1190 W mediaswcodec: libminijail[1190]: compile_file: <fd>(67): previous definition here
02-26 16:59:41.375  1190  1190 W mediaswcodec: libminijail[1190]: compile_file: /apex/com.android.media.swcodec/etc/seccomp_policy/crash_dump.x86_64.policy(1): syscall read redefined here
02-26 16:59:41.375  1190  1190 W mediaswcodec: libminijail[1190]: compile_file: <fd>(15): previous definition here
02-26 16:59:41.375  1190  1190 W mediaswcodec: libminijail[1190]: compile_file: /apex/com.android.media.swcodec/etc/seccomp_policy/crash_dump.x86_64.policy(2): syscall write redefined here
02-26 16:59:41.375  1190  1190 W mediaswcodec: libminijail[1190]: compile_file: <fd>(58): previous definition here
02-26 16:59:41.375  1190  1190 W mediaswcodec: libminijail[1190]: compile_file: /apex/com.android.media.swcodec/etc/seccomp_policy/crash_dump.x86_64.policy(3): syscall exit redefined here
02-26 16:59:41.375  1190  1190 W mediaswcodec: libminijail[1190]: compile_file: <fd>(45): previous definition here
02-26 16:59:41.375  1190  1190 W mediaswcodec: libminijail[1190]: compile_file: /apex/com.android.media.swcodec/etc/seccomp_policy/crash_dump.x86_64.policy(4): syscall rt_sigreturn redefined here
02-26 16:59:41.375  1190  1190 W mediaswcodec: libminijail[1190]: compile_file: <fd>(47): previous definition here
02-26 16:59:41.375  1190  1190 W mediaswcodec: libminijail[1190]: compile_file: /apex/com.android.media.swcodec/etc/seccomp_policy/crash_dump.x86_64.policy(5): syscall exit_group redefined here
02-26 16:59:41.375  1190  1190 W mediaswcodec: libminijail[1190]: compile_file: <fd>(46): previous definition here
02-26 16:59:41.375  1190  1190 W mediaswcodec: libminijail[1190]: compile_file: /apex/com.android.media.swcodec/etc/seccomp_policy/crash_dump.x86_64.policy(8): syscall futex redefined here
02-26 16:59:41.375  1190  1190 W mediaswcodec: libminijail[1190]: compile_file: <fd>(36): previous definition here
02-26 16:59:41.375  1190  1190 W mediaswcodec: libminijail[1190]: compile_file: /apex/com.android.media.swcodec/etc/seccomp_policy/crash_dump.x86_64.policy(10): syscall getpid redefined here
02-26 16:59:41.375  1190  1190 W mediaswcodec: libminijail[1190]: compile_file: <fd>(69): previous definition here
02-26 16:59:41.375  1190  1190 W mediaswcodec: libminijail[1190]: compile_file: /apex/com.android.media.swcodec/etc/seccomp_policy/crash_dump.x86_64.policy(11): syscall gettid redefined here
02-26 16:59:41.375  1190  1190 W mediaswcodec: libminijail[1190]: compile_file: <fd>(67): previous definition here
02-26 16:59:41.375  1190  1190 W mediaswcodec: libminijail[1190]: compile_file: /apex/com.android.media.swcodec/etc/seccomp_policy/crash_dump.x86_64.policy(14): syscall openat redefined here
02-26 16:59:41.375  1190  1190 W mediaswcodec: libminijail[1190]: compile_file: <fd>(18): previous definition here
02-26 16:59:41.375  1190  1190 W mediaswcodec: libminijail[1190]: compile_file: /apex/com.android.media.swcodec/etc/seccomp_policy/crash_dump.x86_64.policy(15): syscall dup redefined here
02-26 16:59:41.375  1190  1190 W mediaswcodec: libminijail[1190]: compile_file: <fd>(56): previous definition here
02-26 16:59:41.375  1190  1190 W mediaswcodec: libminijail[1190]: compile_file: /apex/com.android.media.swcodec/etc/seccomp_policy/crash_dump.x86_64.policy(16): syscall close redefined here
02-26 16:59:41.375  1190  1190 W mediaswcodec: libminijail[1190]: compile_file: <fd>(25): previous definition here
02-26 16:59:41.375  1190  1190 W mediaswcodec: libminijail[1190]: compile_file: /apex/com.android.media.swcodec/etc/seccomp_policy/crash_dump.x86_64.policy(17): syscall lseek redefined here
02-26 16:59:41.375  1190  1190 W mediaswcodec: libminijail[1190]: compile_file: <fd>(40): previous definition here
02-26 16:59:41.375  1190  1190 W mediaswcodec: libminijail[1190]: compile_file: /apex/com.android.media.swcodec/etc/seccomp_policy/crash_dump.x86_64.policy(19): syscall faccessat redefined here
02-26 16:59:41.375  1190  1190 W mediaswcodec: libminijail[1190]: compile_file: <fd>(38): previous definition here
02-26 16:59:41.375  1190  1190 W mediaswcodec: libminijail[1190]: compile_file: /apex/com.android.media.swcodec/etc/seccomp_policy/crash_dump.x86_64.policy(27): syscall prctl redefined here
02-26 16:59:41.375  1190  1190 W mediaswcodec: libminijail[1190]: compile_file: <fd>(17): previous definition here
02-26 16:59:41.375  1190  1190 W mediaswcodec: libminijail[1190]: compile_file: /apex/com.android.media.swcodec/etc/seccomp_policy/crash_dump.x86_64.policy(28): syscall madvise redefined here
02-26 16:59:41.375  1190  1190 W mediaswcodec: libminijail[1190]: compile_file: <fd>(33): previous definition here
02-26 16:59:41.375  1190  1190 W mediaswcodec: libminijail[1190]: compile_file: /apex/com.android.media.swcodec/etc/seccomp_policy/crash_dump.x86_64.policy(29): syscall mprotect redefined here
02-26 16:59:41.375  1190  1190 W mediaswcodec: libminijail[1190]: compile_file: <fd>(16): previous definition here
02-26 16:59:41.375  1190  1190 W mediaswcodec: libminijail[1190]: compile_file: /apex/com.android.media.swcodec/etc/seccomp_policy/crash_dump.x86_64.policy(30): syscall munmap redefined here
02-26 16:59:41.375  1190  1190 W mediaswcodec: libminijail[1190]: compile_file: <fd>(37): previous definition here
02-26 16:59:41.375  1190  1190 W mediaswcodec: libminijail[1190]: compile_file: /apex/com.android.media.swcodec/etc/seccomp_policy/crash_dump.x86_64.policy(31): syscall getuid redefined here
02-26 16:59:41.375  1190  1190 W mediaswcodec: libminijail[1190]: compile_file: <fd>(21): previous definition here
02-26 16:59:41.375  1190  1190 W mediaswcodec: libminijail[1190]: compile_file: /apex/com.android.media.swcodec/etc/seccomp_policy/crash_dump.x86_64.policy(32): syscall fstat redefined here
02-26 16:59:41.375  1190  1190 W mediaswcodec: libminijail[1190]: compile_file: <fd>(29): previous definition here
02-26 16:59:41.375  1190  1190 W mediaswcodec: libminijail[1190]: compile_file: /apex/com.android.media.swcodec/etc/seccomp_policy/crash_dump.x86_64.policy(33): syscall mmap redefined here
02-26 16:59:41.375  1190  1190 W mediaswcodec: libminijail[1190]: compile_file: <fd>(27): previous definition here
02-26 16:59:41.375  1073  1073 I hwservicemanager: getTransport: Cannot find entry android.hardware.bluetooth.audio@2.1::IBluetoothAudioProvidersFactory/default in either framework or device VINTF manifest.
02-26 16:59:41.375  1148  1148 E HidlServiceManagement: getService: Potential race detected, descriptor: android.hardware.bluetooth.audio@2.1::IBluetoothAudioProvidersFactory instance: default
02-26 16:59:41.375  1148  1148 E LegacySupport: Could not get passthrough implementation for android.hardware.bluetooth.audio@2.1::IBluetoothAudioProvidersFactory/default.
02-26 16:59:41.375  1073  1073 I hwservicemanager: getTransport: Cannot find entry android.hardware.bluetooth.audio@2.0::IBluetoothAudioProvidersFactory/default in either framework or device VINTF manifest.
02-26 16:59:41.375  1148  1148 E HidlServiceManagement: getService: Potential race detected, descriptor: android.hardware.bluetooth.audio@2.0::IBluetoothAudioProvidersFactory instance: default
02-26 16:59:41.375  1190  1190 W mediaswcodec: libminijail[1190]: logging seccomp filter failures
02-26 16:59:41.376  1190  1190 D hw-ProcessState: Binder ioctl to enable oneway spam detection failed: Invalid argument
02-26 16:59:41.376  1190  1190 I CodecServiceRegistrant: Creating software Codec2 service...
02-26 16:59:41.373  1145  1145 I zygote64: type=1400 audit(0.0:1505): avc: denied { sendto } for path="/dev/socket/logdw" scontext=u:r:zygote:s0 tcontext=u:r:init:s0 tclass=unix_dgram_socket permissive=1
02-26 16:59:41.376  1073  1073 E SELinux : avc:  denied  { add } for interface=android.hardware.media.c2::IComponentStore sid=u:r:init:s0 pid=1190 scontext=u:r:init:s0 tcontext=u:object_r:hal_codec2_hwservice:s0 tclass=hwservice_manager permissive=1
02-26 16:59:41.377  1145  1145 D AndroidRuntime: >>>>>> START com.android.internal.os.ZygoteInit uid 0 <<<<<<
02-26 16:59:41.377  1148  1148 I BTAudioProviderA2dpSoftware: A2dpSoftwareAudioProvider - size of audio buffer 7680 byte(s)
02-26 16:59:41.377  1148  1148 E ashmem  : memfd: ro.vndk.version not defined or invalid (), this is mandated since P.
02-26 16:59:41.377  1148  1148 I BTAudioProviderHearingAid: HearingAidAudioProvider - size of audio buffer 3584 byte(s)
02-26 16:59:41.377  1190  1190 I HidlServiceManagement: Registered android.hardware.media.c2@1.2::IComponentStore/software
02-26 16:59:41.377  1073  1073 E SELinux : avc:  denied  { find } for interface=android.hardware.media.c2::IComponentStore sid=u:r:init:s0 pid=1190 scontext=u:r:init:s0 tcontext=u:object_r:hal_codec2_hwservice:s0 tclass=hwservice_manager permissive=1
02-26 16:59:41.377  1073  1073 I hwservicemanager: getTransport: Cannot find entry android.hardware.media.c2@1.0::IComponentStore/default in either framework or device VINTF manifest.
02-26 16:59:41.377  1073  1073 I hwservicemanager: getTransport: Cannot find entry android.hardware.bluetooth.audio@2.0::IBluetoothAudioProvidersFactory/default in either framework or device VINTF manifest.
02-26 16:59:41.377  1190  1190 E HidlServiceManagement: getService: Potential race detected, descriptor: android.hardware.media.c2@1.0::IComponentStore instance: default
02-26 16:59:41.377  1148  1148 I HidlServiceManagement: Registered android.hardware.bluetooth.audio@2.0::IBluetoothAudioProvidersFactory/default
02-26 16:59:41.377  1073  1073 I hwservicemanager: Since android.hardware.media.c2@1.0::IComponentStore/default is not registered, trying to start it as a lazy HAL.
02-26 16:59:41.377  1148  1148 I LegacySupport: Registration complete for android.hardware.bluetooth.audio@2.0::IBluetoothAudioProvidersFactory/default.
02-26 16:59:41.377  1073  1073 I hwservicemanager: getTransport: Cannot find entry android.hardware.bluetooth.a2dp@1.0::IBluetoothAudioOffload/default in either framework or device VINTF manifest.
02-26 16:59:41.377  1190  1190 I CodecServiceRegistrant: Preferred Codec2 store is defaulted to "software".
02-26 16:59:41.377  1190  1190 I CodecServiceRegistrant: Software Codec2 service created and registered.
02-26 16:59:41.377  1073  1244 W libc    : Unable to set property "ctl.interface_start" to "android.hardware.media.c2@1.0::IComponentStore/default": error code: 0x20
02-26 16:59:41.377  1148  1148 E HidlServiceManagement: getService: Potential race detected, descriptor: android.hardware.bluetooth.a2dp@1.0::IBluetoothAudioOffload instance: default
02-26 16:59:41.377  1073  1244 I hwservicemanager: Tried to start android.hardware.media.c2@1.0::IComponentStore/default as a lazy service, but was unable to. Usually this happens when a service is not installed, but if the service is intended to be used as a lazy service, then it may be configured incorrectly.
02-26 16:59:41.377  1148  1148 E LegacySupport: Could not get passthrough implementation for android.hardware.bluetooth.a2dp@1.0::IBluetoothAudioOffload/default.
02-26 16:59:41.377  1148  1148 W audiohalservice: Could not register Bluetooth Audio Offload API
02-26 16:59:41.378  1169  1169 I android.hardware.wifi@1.0-service: Wifi Hal is booting up...
02-26 16:59:41.378  1169  1169 D hw-ProcessState: Binder ioctl to enable oneway spam detection failed: Invalid argument
02-26 16:59:41.378  1073  1073 E SELinux : avc:  denied  { add } for interface=android.hardware.wifi::IWifi sid=u:r:init:s0 pid=1169 scontext=u:r:init:s0 tcontext=u:object_r:hal_wifi_hwservice:s0 tclass=hwservice_manager permissive=1
02-26 16:59:41.378  1169  1169 I HidlServiceManagement: Registered android.hardware.wifi@1.5::IWifi/default
02-26 16:59:41.378  1169  1169 I HidlServiceManagement: Removing namespace from process name android.hardware.wifi@1.0-service to wifi@1.0-service.
02-26 16:59:41.379  1170  1170 I FastMixerState: sMaxFastTracks = 8
02-26 16:59:41.380  1145  1145 I AndroidRuntime: Using default boot image
02-26 16:59:41.380  1145  1145 I AndroidRuntime: Leaving lock profiling enabled
02-26 16:59:41.380  1170  1170 V MediaUtils: physMem: 12567658496
02-26 16:59:41.380  1170  1170 V MediaUtils: requested limit: 536870912
02-26 16:59:41.380  1170  1170 I libc    : malloc_limit: Allocation limit enabled, max size 536870912 bytes
02-26 16:59:41.381  1170  1170 D hw-ProcessState: Binder ioctl to enable oneway spam detection failed: Invalid argument
02-26 16:59:41.381  1170  1170 D ProcessState: Binder ioctl to enable oneway spam detection failed: Invalid argument
02-26 16:59:41.381  1170  1170 I audioserver: ServiceManager: 0x737a9c5c8ac0
02-26 16:59:41.381  1072  1072 E SELinux : avc:  denied  { find } for pid=1170 uid=1041 name=batterystats scontext=u:r:init:s0 tcontext=u:object_r:batterystats_service:s0 tclass=service_manager permissive=1
02-26 16:59:41.381  1170  1170 W BatteryNotifier: batterystats service unavailable!
02-26 16:59:41.381  1073  1073 I hwservicemanager: getTransport: Cannot find entry android.hardware.audio@7.0::IDevicesFactory/default in either framework or device VINTF manifest.
02-26 16:59:41.381  1073  1073 I hwservicemanager: getTransport: Cannot find entry android.hardware.audio@6.0::IDevicesFactory/default in either framework or device VINTF manifest.
02-26 16:59:41.381  1073  1073 I hwservicemanager: getTransport: Cannot find entry android.hardware.audio@5.0::IDevicesFactory/default in either framework or device VINTF manifest.
02-26 16:59:41.384  1182  1182 I MediaExtractorFactory: plugin directory not present (/system/lib64/extractors)
02-26 16:59:41.384  1182  1182 I MediaExtractorFactory: plugin directory not present (/system_ext/lib64/extractors)
02-26 16:59:41.384  1072  1072 E SELinux : avc:  denied  { add } for pid=1182 uid=1040 name=media.extractor scontext=u:r:init:s0 tcontext=u:object_r:mediaextractor_service:s0 tclass=service_manager permissive=1
02-26 16:59:41.384  1170  1170 E HidlServiceManagement: getService: Potential race detected, descriptor: android.hardware.audio@4.0::IDevicesFactory instance: default
02-26 16:59:41.385  1170  1170 E HidlServiceManagement: getService: Potential race detected, descriptor: android.hidl.manager@1.0::IServiceManager instance: default
02-26 16:59:41.385  1073  1073 I hwservicemanager: getTransport: Cannot find entry android.hardware.audio.effect@7.0::IEffectsFactory/default in either framework or device VINTF manifest.
02-26 16:59:41.385  1073  1073 I hwservicemanager: getTransport: Cannot find entry android.hardware.audio.effect@6.0::IEffectsFactory/default in either framework or device VINTF manifest.
02-26 16:59:41.385  1073  1073 I hwservicemanager: getTransport: Cannot find entry android.hardware.audio.effect@5.0::IEffectsFactory/default in either framework or device VINTF manifest.
02-26 16:59:41.385  1170  1170 E HidlServiceManagement: getService: Potential race detected, descriptor: android.hardware.audio.effect@4.0::IEffectsFactory instance: default
02-26 16:59:41.385  1072  1072 E SELinux : avc:  denied  { find } for pid=1170 uid=1041 name=media.metrics scontext=u:r:init:s0 tcontext=u:object_r:mediametrics_service:s0 tclass=service_manager permissive=1
02-26 16:59:41.385  1170  1170 I AudioFlinger: Using default 3000 mSec as standby time.
02-26 16:59:41.385  1183  1218 I ServiceManager: Waiting for service 'package_native' on '/dev/binder'...
02-26 16:59:41.385  1072  1072 E SELinux : avc:  denied  { add } for pid=1170 uid=1041 name=media.audio_flinger scontext=u:r:init:s0 tcontext=u:object_r:audioserver_service:s0 tclass=service_manager permissive=1
02-26 16:59:41.385  1174  1174 D hw-ProcessState: Binder ioctl to enable oneway spam detection failed: Invalid argument
02-26 16:59:41.385  1073  1073 E SELinux : avc:  denied  { find } for interface=android.hardware.configstore::ISurfaceFlingerConfigs sid=u:r:init:s0 pid=1174 scontext=u:r:init:s0 tcontext=u:object_r:hal_configstore_ISurfaceFlingerConfigs:s0 tclass=hwservice_manager permissive=1
02-26 16:59:41.386  1174  1174 E HidlServiceManagement: getService: Potential race detected, descriptor: android.hardware.configstore@1.0::ISurfaceFlingerConfigs instance: default
02-26 16:59:41.386  1174  1174 D ProcessState: Binder ioctl to enable oneway spam detection failed: Invalid argument
02-26 16:59:41.383  1174  1174 I surfaceflinger: type=1400 audit(0.0:1506): avc: denied { sys_nice } for capability=23 scontext=u:r:init:s0 tcontext=u:r:init:s0 tclass=capability permissive=1
02-26 16:59:41.386  1145  1145 I zygote64: option[0]=-Xzygote
02-26 16:59:41.386  1145  1145 I zygote64: option[1]=-Xdeny-art-apex-data-files
02-26 16:59:41.386  1145  1145 I zygote64: option[2]=exit
02-26 16:59:41.386  1145  1145 I zygote64: option[3]=vfprintf
02-26 16:59:41.386  1145  1145 I zygote64: option[4]=sensitiveThread
02-26 16:59:41.386  1145  1145 I zygote64: option[5]=-verbose:gc
02-26 16:59:41.386  1145  1145 I zygote64: option[6]=-XX:PerfettoHprof=true
02-26 16:59:41.386  1145  1145 I zygote64: option[7]=-XX:PerfettoJavaHeapStackProf=true
02-26 16:59:41.386  1145  1145 I zygote64: option[8]=-Xprimaryzygote
02-26 16:59:41.386  1145  1145 I zygote64: option[9]=-Xms16m
02-26 16:59:41.386  1145  1145 I zygote64: option[10]=-Xmx512m
02-26 16:59:41.386  1145  1145 I zygote64: option[11]=-XX:HeapGrowthLimit=192m
02-26 16:59:41.386  1145  1145 I zygote64: option[12]=-XX:HeapMinFree=512k
02-26 16:59:41.386  1145  1145 I zygote64: option[13]=-XX:HeapMaxFree=8m
02-26 16:59:41.386  1145  1145 I zygote64: option[14]=-XX:HeapTargetUtilization=0.75
02-26 16:59:41.386  1145  1145 I zygote64: option[15]=-Xusejit:true
02-26 16:59:41.386  1145  1145 I zygote64: option[16]=-Xjitsaveprofilinginfo
02-26 16:59:41.386  1145  1145 I zygote64: option[17]=-XMadviseWillNeedVdexFileSize:104857600
02-26 16:59:41.386  1145  1145 I zygote64: option[18]=-XMadviseWillNeedOdexFileSize:104857600
02-26 16:59:41.386  1145  1145 I zygote64: option[19]=-XMadviseWillNeedArtFileSize:4294967295
02-26 16:59:41.386  1145  1145 I zygote64: option[20]=-XjdwpOptions:suspend=n,server=y
02-26 16:59:41.386  1145  1145 I zygote64: option[21]=-XjdwpProvider:default
02-26 16:59:41.386  1145  1145 I zygote64: option[22]=-Xopaque-jni-ids:swapable
02-26 16:59:41.386  1145  1145 I zygote64: option[23]=-Xcompiler-option
02-26 16:59:41.386  1145  1145 I zygote64: option[24]=--instruction-set-variant=x86_64
02-26 16:59:41.386  1145  1145 I zygote64: option[25]=-Xcompiler-option
02-26 16:59:41.386  1145  1145 I zygote64: option[26]=--instruction-set-features=default
02-26 16:59:41.386  1145  1145 I zygote64: option[27]=-Xcompiler-option
02-26 16:59:41.386  1145  1145 I zygote64: option[28]=--generate-mini-debug-info
02-26 16:59:41.386  1145  1145 I zygote64: option[29]=-Ximage-compiler-option
02-26 16:59:41.386  1145  1145 I zygote64: option[30]=--runtime-arg
02-26 16:59:41.386  1145  1145 I zygote64: option[31]=-Ximage-compiler-option
02-26 16:59:41.386  1145  1145 I zygote64: option[32]=-Xms64m
02-26 16:59:41.386  1145  1145 I zygote64: option[33]=-Ximage-compiler-option
02-26 16:59:41.386  1145  1145 I zygote64: option[34]=--runtime-arg
02-26 16:59:41.386  1145  1145 I zygote64: option[35]=-Ximage-compiler-option
02-26 16:59:41.386  1145  1145 I zygote64: option[36]=-Xmx64m
02-26 16:59:41.386  1145  1145 I zygote64: option[37]=-Ximage-compiler-option
02-26 16:59:41.386  1145  1145 I zygote64: option[38]=--dirty-image-objects=/system/etc/dirty-image-objects
02-26 16:59:41.386  1145  1145 I zygote64: option[39]=-Ximage-compiler-option
02-26 16:59:41.386  1145  1145 I zygote64: option[40]=--instruction-set-variant=x86_64
02-26 16:59:41.386  1145  1145 I zygote64: option[41]=-Ximage-compiler-option
02-26 16:59:41.386  1145  1145 I zygote64: option[42]=--instruction-set-features=default
02-26 16:59:41.386  1145  1145 I zygote64: option[43]=-Ximage-compiler-option
02-26 16:59:41.386  1145  1145 I zygote64: option[44]=--generate-mini-debug-info
02-26 16:59:41.386  1145  1145 I zygote64: option[45]=-Duser.locale=zh-CN
02-26 16:59:41.386  1145  1145 I zygote64: option[46]=-XX:NativeBridge=libnb.so
02-26 16:59:41.386  1145  1145 I zygote64: option[47]=--cpu-abilist=x86_64,arm64-v8a
02-26 16:59:41.386  1145  1145 I zygote64: option[48]=-Xfingerprint:Xiaomi/ishtar/ishtar:12/V417IR/602:user/release-keys
02-26 16:59:41.386  1174  1174 I SurfaceFlinger: Using HWComposer service: default
02-26 16:59:41.386  1174  1174 I SurfaceFlinger: SurfaceFlinger is starting
02-26 16:59:41.386  1174  1174 E HidlServiceManagement: getService: Potential race detected, descriptor: android.hardware.configstore@1.1::ISurfaceFlingerConfigs instance: default
02-26 16:59:41.387  1174  1174 I SurfaceFlinger: Disabling blur effects, they are not supported.
02-26 16:59:41.387  1174  1174 E libprocessgroup: Failed to read task profiles from /etc/task_profiles.json
02-26 16:59:41.387  1174  1174 E libprocessgroup: Loading /etc/task_profiles.json for [1174] failed
02-26 16:59:41.387  1174  1174 I SurfaceFlinger: SurfaceFlinger's main thread ready to run. Initializing graphics H/W...
02-26 16:59:41.387  1174  1174 D RenderEngine: RenderEngine with GLES Backend
02-26 16:59:41.387  1170  1170 D APM_EngineLoader: Loaded engine from libaudiopolicyenginedefault.so
02-26 16:59:41.387  1170  1170 D APM::AudioPolicyEngine/Base: loadAudioPolicyEngineConfig: No configuration found, using default matching phone experience.
02-26 16:59:41.387  1145  1145 W zygote64: ART APEX data files are untrusted.
02-26 16:59:41.388  1170  1170 W APM::AudioPolicyEngine/Base: loadAudioPolicyEngineConfig: No configuration of AUDIO_STREAM_CALL_ASSISTANT found, using default volume configuration
02-26 16:59:41.388  1072  1072 E SELinux : avc:  denied  { find } for pid=1170 uid=1041 name=media.audio_flinger scontext=u:r:init:s0 tcontext=u:object_r:audioserver_service:s0 tclass=service_manager permissive=1
02-26 16:59:41.388  1174  1174 D libEGL  : loaded /system/lib64/egl/libEGL_emulation.so
02-26 16:59:41.386  1145  1145 I zygote64: type=1400 audit(0.0:1507): avc: denied { lock } for path="/apex/com.android.art/javalib/x86_64/boot.art" dev="sda6" ino=114 scontext=u:r:zygote:s0 tcontext=u:object_r:unlabeled:s0 tclass=file permissive=1
02-26 16:59:41.397  1148  1148 E audio_hw_primary: Unable to open the mixer, aborting.
02-26 16:59:41.398  1170  1170 I AudioFlinger: loadHwModule() Loaded primary audio interface, handle 10
02-26 16:59:41.398  1170  1170 I AudioFlinger: openOutput() this 0x737b8c5cecf0, module 10 Device type:0x2,@:, SamplingRate 48000, Format 0x000001, Channels 0x3, flags 0x2
02-26 16:59:41.398  1170  1170 I AudioFlinger: HAL output buffer size 512 frames, normal sink buffer size 1024 frames
02-26 16:59:41.398  1073  1073 I hwservicemanager: getTransport: Cannot find entry android.hardware.audio.effect@7.0::IEffectsFactory/default in either framework or device VINTF manifest.
02-26 16:59:41.398  1073  1073 I hwservicemanager: getTransport: Cannot find entry android.hardware.audio.effect@6.0::IEffectsFactory/default in either framework or device VINTF manifest.
02-26 16:59:41.398  1073  1073 I hwservicemanager: getTransport: Cannot find entry android.hardware.audio.effect@5.0::IEffectsFactory/default in either framework or device VINTF manifest.
02-26 16:59:41.399  1170  1170 E HidlServiceManagement: getService: Potential race detected, descriptor: android.hardware.audio.effect@4.0::IEffectsFactory instance: default
02-26 16:59:41.399  1148  1148 E EffectsConfig: Could not parse effect configuration in any of the default locations.
02-26 16:59:41.399  1148  1148 E EffectsFactoryConfigLoader: Failed to parse XML configuration file
02-26 16:59:41.399  1148  1148 W EffectsFactory: Failed to load XML effect configuration, fallback to .conf
02-26 16:59:41.399  1174  1174 D libEGL  : loaded /system/lib64/egl/libGLESv1_CM_emulation.so
02-26 16:59:41.400  1174  1174 D libEGL  : loaded /system/lib64/egl/libGLESv2_emulation.so
02-26 16:59:41.400  1170  1170 I BufferProvider: found effect "Multichannel Downmix To Stereo" from The Android Open Source Project
02-26 16:59:41.400  1170  1170 D AudioFlinger: Failed to add event callback
02-26 16:59:41.400  1170  1263 I AudioFlinger: AudioFlinger's thread 0x737d1f34ea30 tid=1263 ready to run
02-26 16:59:41.400  1170  1263 W AudioFlinger: no wake lock to update, system not ready yet
02-26 16:59:41.400  1170  1263 D AudioFlinger: ro.audio.silent is ignored since no output device is set
02-26 16:59:41.400  1073  1073 E SELinux : avc:  denied  { find } for interface=android.system.suspend::ISystemSuspend sid=u:r:init:s0 pid=1170 scontext=u:r:init:s0 tcontext=u:object_r:system_suspend_hwservice:s0 tclass=hwservice_manager permissive=1
02-26 16:59:41.400  1170  1170 E HidlServiceManagement: getService: Potential race detected, descriptor: android.system.suspend@1.0::ISystemSuspend instance: default
02-26 16:59:41.401  1170  1263 W AudioFlinger: no wake lock to update, system not ready yet
02-26 16:59:41.401  1170  1263 D AudioFlinger: ro.audio.silent is ignored since no output device is set
02-26 16:59:41.401  1170  1170 V APM_AudioPolicyManager: checkAndSetVolume cannot set volume group 4 volume when isn ot requested for comm
02-26 16:59:41.401  1148  1148 W DeviceHAL: Error from HAL Device in function set_voice_volume: Function not implemented
02-26 16:59:41.401  1170  1170 W AudioFlinger: moveEffects() bad srcOutput 0
02-26 16:59:41.401  1170  1170 V APM_AudioPolicyManager: selectOutputForMusicEffects selected output 13
02-26 16:59:41.401  1170  1170 V APM_AudioPolicyManager: setOutputDevices device {type:0x2,@:} delayMs 0
02-26 16:59:41.401  1170  1170 V APM_AudioPolicyManager: setOutputDevices() prevDevice {type:0x2,@:}
02-26 16:59:41.401  1170  1170 V APM_AudioPolicyManager: setOutputDevices changing device to {type:0x2,@:}
02-26 16:59:41.402  1146  1146 D AndroidRuntime: >>>>>> START com.android.internal.os.ZygoteInit uid 0 <<<<<<
02-26 16:59:41.404  1146  1146 I AndroidRuntime: Using default boot image
02-26 16:59:41.404  1146  1146 I AndroidRuntime: Leaving lock profiling enabled
02-26 16:59:41.408  1184  1184 D ProcessState: Binder ioctl to enable oneway spam detection failed: Invalid argument
02-26 16:59:41.408  1184  1184 I mediaserver: ServiceManager: 0xea7c0af0
02-26 16:59:41.408  1184  1184 W BatteryNotifier: batterystats service unavailable!
02-26 16:59:41.408  1072  1072 E SELinux : avc:  denied  { add } for pid=1184 uid=1013 name=media.player scontext=u:r:init:s0 tcontext=u:object_r:mediaserver_service:s0 tclass=service_manager permissive=1
02-26 16:59:41.408  1184  1184 W BatteryNotifier: batterystats service unavailable!
02-26 16:59:41.408  1184  1184 D hw-ProcessState: Binder ioctl to enable oneway spam detection failed: Invalid argument
02-26 16:59:41.409  1174  1174 I RenderEngine: EGL information:
02-26 16:59:41.409  1174  1174 I RenderEngine: vendor    : Android
02-26 16:59:41.409  1174  1174 I RenderEngine: version   : 1.4 Android META-EGL
02-26 16:59:41.409  1174  1174 I RenderEngine: extensions: EGL_ANDROID_front_buffer_auto_refresh EGL_ANDROID_get_frame_timestamps EGL_ANDROID_get_native_client_buffer EGL_ANDROID_presentation_time EGL_EXT_surface_CTA861_3_metadata EGL_EXT_surface_SMPTE2086_metadata EGL_KHR_get_all_proc_addresses EGL_KHR_swap_buffers_with_damage EGL_ANDROID_image_native_buffer EGL_KHR_create_context EGL_KHR_fence_sync EGL_KHR_gl_texture_2D_image EGL_KHR_image_base EGL_KHR_surfaceless_context 
02-26 16:59:41.409  1174  1174 I RenderEngine: Client API: OpenGL_ES
02-26 16:59:41.409  1174  1174 I RenderEngine: EGLSurface: 8-8-8-8, config=0x3d
02-26 16:59:41.409  1178  1178 D hw-ProcessState: Binder ioctl to enable oneway spam detection failed: Invalid argument
02-26 16:59:41.409  1178  1178 D ProcessState: Binder ioctl to enable oneway spam detection failed: Invalid argument
02-26 16:59:41.409  1178  1178 I cameraserver: ServiceManager: 0x7ad605263300
02-26 16:59:41.409  1178  1178 I CameraService: CameraService started (pid=1178)
02-26 16:59:41.409  1178  1178 I CameraService: CameraService process starting
02-26 16:59:41.409  1178  1178 W BatteryNotifier: batterystats service unavailable!
02-26 16:59:41.409  1178  1178 W BatteryNotifier: batterystats service unavailable!
02-26 16:59:41.409  1072  1072 E SELinux : avc:  denied  { find } for pid=1178 uid=1047 name=activity scontext=u:r:init:s0 tcontext=u:object_r:activity_service:s0 tclass=service_manager permissive=1
02-26 16:59:41.409  1178  1178 I cameraserver: Waiting for activity service
02-26 16:59:41.411  1073  1073 I hwservicemanager: getTransport: Cannot find entry android.hardware.graphics.mapper@4.0::IMapper/default in either framework or device VINTF manifest.
02-26 16:59:41.411  1174  1174 E HidlServiceManagement: getService: Potential race detected, descriptor: android.hardware.graphics.mapper@4.0::IMapper instance: default
02-26 16:59:41.411  1073  1073 I hwservicemanager: Since android.hardware.graphics.mapper@4.0::IMapper/default is not registered, trying to start it as a lazy HAL.
02-26 16:59:41.411  1174  1174 I Gralloc4: mapper 4.x is not supported
02-26 16:59:41.411  1073  1073 I hwservicemanager: getTransport: Cannot find entry android.hardware.graphics.mapper@3.0::IMapper/default in either framework or device VINTF manifest.
02-26 16:59:41.411  1073  1270 W libc    : Unable to set property "ctl.interface_start" to "android.hardware.graphics.mapper@4.0::IMapper/default": error code: 0x20
02-26 16:59:41.411  1174  1174 E HidlServiceManagement: getService: Potential race detected, descriptor: android.hardware.graphics.mapper@3.0::IMapper instance: default
