02-26 16:54:05.676  1591  1734 W UnsafeUtil: platform method missing - proto runtime falling back to safer methods: java.lang.NoSuchMethodException: sun.misc.Unsafe.copyMemory [class java.lang.Object, long, class java.lang.Object, long, long]
02-26 16:54:05.696  1313  1341 W BestClock: java.time.DateTimeException: Missing NTP fix
02-26 16:54:05.696  1313  1415 W BestClock: java.time.DateTimeException: Missing NTP fix
02-26 16:54:05.696  1313  1424 W BestClock: java.time.DateTimeException: Missing NTP fix
02-26 16:54:05.699  1503  1503 D NavigationModeController: getCurrentInteractionMode: mode=0 contextUser=0
02-26 16:54:05.699  1503  1503 D NavigationModeController: getCurrentInteractionMode: mode=0 contextUser=0
02-26 16:54:05.708  1503  1503 D ControlsListingControllerImpl: Initializing
02-26 16:54:05.708  1503  1732 D ControlsListingControllerImpl: Subscribing callback, service count: 0
02-26 16:54:05.717  1503  1503 D StatusBar: Received new disable state. Old: enaihbcrso.qingr | New: enaihbcrso.qingr
02-26 16:54:05.719  1313  1424 W BestClock: java.time.DateTimeException: Missing NTP fix
02-26 16:54:05.719  1313  1415 W BestClock: java.time.DateTimeException: Missing NTP fix
02-26 16:54:05.719  1313  1587 D NetworkTimeUpdateService: New default network 100; checking time.
02-26 16:54:05.719  1313  1424 D ConnectivityService: Sending CONNECTED broadcast for type 1 [100 WIFI] isDefaultNetwork=true
02-26 16:54:05.719  1591  1668 D UpstreamNetworkMonitor: New default Internet network: 100
02-26 16:54:05.719  1313  1424 W ContextImpl: Calling a method in the system process without a qualified user: android.app.ContextImpl.sendStickyBroadcast:1567 com.android.server.ConnectivityService.sendStickyBroadcast:2811 com.android.server.ConnectivityService.sendGeneralBroadcast:2786 com.android.server.ConnectivityService.sendConnectedBroadcast:2759 com.android.server.ConnectivityService.sendLegacyNetworkBroadcast:8704 
02-26 16:54:05.719  1503  1503 E OverviewProxyService: Failed to get overview proxy for disable flags.
02-26 16:54:05.720  1503  1503 D NavigationModeController: getCurrentInteractionMode: mode=0 contextUser=0
02-26 16:54:05.720  1313  1341 W BestClock: java.time.DateTimeException: Missing NTP fix
02-26 16:54:05.720  1503  1503 D NavigationModeController: getCurrentUserContext: contextUser=0 currentUser=0
02-26 16:54:05.720  1313  1342 W BroadcastQueue: Target SDK mismatch: receiver ActivityInfo{d9fd1d4 com.netease.nemu_vapi_android.receiver.LaunchReceiver} targets 28 but delivery restricted to [0, 23] broadcasting Intent { act=android.net.conn.CONNECTIVITY_CHANGE flg=0x4200010 (has extras) } from android (pid=1313, uid=1000) to com.netease.nemu_vapi_android.nemu/com.netease.nemu_vapi_android.receiver.LaunchReceiver
02-26 16:54:05.720  1313  1342 W BroadcastQueue: Target SDK mismatch: receiver ActivityInfo{cf31f7d fake.com.android.providers.downloads.DownloadReceiver} targets 28 but delivery restricted to [0, 23] broadcasting Intent { act=android.net.conn.CONNECTIVITY_CHANGE flg=0x4200010 (has extras) } from android (pid=1313, uid=1000) to com.mumu.store/fake.com.android.providers.downloads.DownloadReceiver
02-26 16:54:05.720  1313  1587 D NetworkTimeUpdateService: Stale NTP fix; forcing refresh
02-26 16:54:05.720  1313  1424 D ConnectivityService: NetReassign [no changes]
02-26 16:54:05.720  1313  1415 W BestClock: java.time.DateTimeException: Missing NTP fix
02-26 16:54:05.720  1313  1313 I SyncManager: Loaded persisted syncs: 0 periodic syncs, 0 oneshot syncs, 10 total system server jobs, JobStats: FirstLoad: 5/4/0 LastSave: -1/-1/-1
02-26 16:54:05.720  1313  1424 D ConnectivityService: NetReassign [28 : null → 100]
02-26 16:54:05.716  1148  1148 I Dns_100_1000: type=1400 audit(0.0:2008): avc: denied { setopt } for scontext=u:r:init:s0 tcontext=u:r:init:s0 tclass=udp_socket permissive=1
02-26 16:54:05.716  1148  1148 I Dns_100_1000: type=1400 audit(0.0:2009): avc: denied { setattr } for name="UDPv6" dev="sockfs" ino=18797 scontext=u:r:init:s0 tcontext=u:r:init:s0 tclass=udp_socket permissive=1
02-26 16:54:05.716  1148  1148 I Dns_100_1000: type=1400 audit(0.0:2010): avc: denied { connect } for scontext=u:r:init:s0 tcontext=u:r:init:s0 tclass=udp_socket permissive=1
02-26 16:54:05.720  1313  1417 D WifiNetworkFactory: got request NetworkRequest [ REQUEST id=28, [ Capabilities: INTERNET&NOT_RESTRICTED&TRUSTED&NOT_VCN_MANAGED Uid: 10027 RequestorUid: 10027 RequestorPkg: com.android.systemui] ]
02-26 16:54:05.720  1313  1424 D ConnectivityService: NetReassign [30 : null → 100]
02-26 16:54:05.720  1313  1417 D WifiNetworkFactory: got request NetworkRequest [ REQUEST id=30, [ Capabilities: INTERNET&NOT_RESTRICTED&TRUSTED&NOT_VCN_MANAGED Uid: 10027 RequestorUid: 10027 RequestorPkg: com.android.systemui] ]
02-26 16:54:05.720  1313  1424 D ConnectivityService: NetReassign [no changes]
02-26 16:54:05.721  1313  1424 D ConnectivityService: [100 WIFI] validation passed
02-26 16:54:05.721  1313  1424 D ConnectivityService: NetReassign [no changes]
02-26 16:54:05.722  1313  1424 D ConnectivityService: Setting DNS servers for network 100 to [/192.168.0.1]
02-26 16:54:05.722  1313  1424 D DnsManager: sendDnsConfigurationForNetwork(100, [192.168.0.1, 119.29.29.29], [], 1800, 25, 8, 64, 0, 0, , [192.168.0.1])
02-26 16:54:05.722  1148  1804 W resolv  : Validating DnsTlsServer 192.168.0.1 with mark 0xf0064
02-26 16:54:05.722  1313  1330 E TelephonyManager: Error calling #isDataEnabled, returning default (false).
02-26 16:54:05.722  1313  1330 E TelephonyManager: java.lang.IllegalStateException: telephony service is null.
02-26 16:54:05.722  1313  1330 E TelephonyManager: 	at android.telephony.TelephonyManager.isDataEnabledForReason(TelephonyManager.java:12457)
02-26 16:54:05.722  1313  1330 E TelephonyManager: 	at android.telephony.TelephonyManager.isDataEnabledForReason(TelephonyManager.java:12448)
02-26 16:54:05.722  1313  1330 E TelephonyManager: 	at android.telephony.TelephonyManager.isDataEnabled(TelephonyManager.java:10012)
02-26 16:54:05.722  1313  1330 E TelephonyManager: 	at android.telephony.TelephonyManager.getDataEnabled(TelephonyManager.java:9986)
02-26 16:54:05.722  1313  1330 E TelephonyManager: 	at com.android.server.location.gnss.GnssNetworkConnectivityHandler.handleUpdateNetworkState(GnssNetworkConnectivityHandler.java:436)
02-26 16:54:05.722  1313  1330 E TelephonyManager: 	at com.android.server.location.gnss.GnssNetworkConnectivityHandler.access$700(GnssNetworkConnectivityHandler.java:54)
02-26 16:54:05.722  1313  1330 E TelephonyManager: 	at com.android.server.location.gnss.GnssNetworkConnectivityHandler$2.onCapabilitiesChanged(GnssNetworkConnectivityHandler.java:369)
02-26 16:54:05.722  1313  1330 E TelephonyManager: 	at android.net.ConnectivityManager$NetworkCallback.onAvailable(ConnectivityManager.java:3565)
02-26 16:54:05.722  1313  1330 E TelephonyManager: 	at android.net.ConnectivityManager$NetworkCallback.onAvailable(ConnectivityManager.java:3542)
02-26 16:54:05.722  1313  1330 E TelephonyManager: 	at android.net.ConnectivityManager$CallbackHandler.handleMessage(ConnectivityManager.java:3866)
02-26 16:54:05.722  1313  1330 E TelephonyManager: 	at android.os.Handler.dispatchMessage(Handler.java:106)
02-26 16:54:05.722  1313  1330 E TelephonyManager: 	at android.os.Looper.loopOnce(Looper.java:201)
02-26 16:54:05.722  1313  1330 E TelephonyManager: 	at android.os.Looper.loop(Looper.java:288)
02-26 16:54:05.722  1313  1330 E TelephonyManager: 	at android.os.HandlerThread.run(HandlerThread.java:67)
02-26 16:54:05.722  1313  1330 E TelephonyManager: 	at com.android.server.ServiceThread.run(ServiceThread.java:44)
02-26 16:54:05.722  1313  1330 I GnssNetworkConnectivityHandler: updateNetworkState, state=CLOSED, connected=true, network=100, capabilities=[ Transports: WIFI Capabilities: NOT_METERED&INTERNET&NOT_RESTRICTED&TRUSTED&NOT_VPN&VALIDATED&NOT_ROAMING&FOREGROUND&NOT_CONGESTED&NOT_SUSPENDED&NOT_VCN_MANAGED LinkUpBandwidth>=12000Kbps LinkDnBandwidth>=60000Kbps TransportInfo: <SSID: <unknown ssid>, BSSID: 02:00:00:00:00:00, MAC: 02:00:00:00:00:00, Security type: 0, Supplicant state: COMPLETED, Wi-Fi standard: 5, RSSI: -50, Link speed: 100Mbps, Tx Link speed: 100Mbps, Max Supported Tx Link speed: 96Mbps, Rx Link speed: 100Mbps, Max Supported Rx Link speed: 96Mbps, Frequency: 5180MHz, Net ID: -1, Metered hint: false, score: 60, CarrierMerged: false, SubscriptionId: -1, IsPrimary: 1> SignalStrength: -50 SSID: "Xiaomi_f8c8bcb38d4f"], availableNetworkCount: 1
02-26 16:54:05.722  1313  1424 W ContextImpl: Calling a method in the system process without a qualified user: android.app.ContextImpl.sendStickyBroadcast:1567 com.android.server.ConnectivityService.sendStickyBroadcast:2811 com.android.server.ConnectivityService.sendGeneralBroadcast:2786 com.android.server.ConnectivityService.sendInetConditionBroadcast:2763 com.android.server.ConnectivityService.updateInetCondition:8451 
02-26 16:54:05.723  1313  1417 W LastMileLogger: Failed to stop event tracing: /sys/kernel/debug/tracing/instances/wifi/tracing_on: open failed: ENOENT (No such file or directory)
02-26 16:54:05.723  1503  1503 E OverviewProxyService: Failed to get overview proxy to update nav buttons dark intensity
02-26 16:54:05.724  1313  1417 I WifiClientModeImpl: Default Gateway MAC address of 4f:8d:b3:bc:c8:f8 from routes is : 0c:4b:54:3e:5e:07
02-26 16:54:05.725  1313  1417 D WifiConfigStore: Writing to stores completed in 1 ms.
02-26 16:54:05.729  1503  1503 D StatusBar: mUserSetupObserver - DeviceProvisionedListener called for current user
02-26 16:54:05.729  1503  1503 D StatusBar: updateQsExpansionEnabled - QS Expand enabled: true
02-26 16:54:05.729  1503  1704 D OpenGLRenderer: profile bars disabled
02-26 16:54:05.729  1503  1704 D OpenGLRenderer: ambientRatio = 1.50
02-26 16:54:05.735  1503  1503 D NotifPipeline: Notif pipeline initialized
02-26 16:54:05.736  1630  1630 D Launcher.Workspace: setInsets: insets = Rect(0, 0 - 0, 0)
02-26 16:54:05.736  1503  1503 V WifiManager: registerSoftApCallback: callback=com.android.systemui.statusbar.policy.HotspotControllerImpl@7193bc4, executor=android.os.HandlerExecutor@38c5aad
02-26 16:54:05.736  1503  1527 V WifiManager: SoftApCallbackProxy: send InfoChanged, newInfo: SoftApInfo{bandwidth= 0, frequency= 0, wifiStandard= 0, mApInstanceIdentifier= null, mIdleShutdownTimeoutMillis= 0}
02-26 16:54:05.736  1503  1527 V WifiManager: SoftApCallbackProxy: send InfoChanged, changedInfoList: []
02-26 16:54:05.736  1503  1527 V WifiManager: SoftApCallbackProxy: send onConnectedClientsChanged(clients): []
02-26 16:54:05.737  1503  1503 D NavigationModeController: getCurrentInteractionMode: mode=0 contextUser=0
02-26 16:54:05.739  1313  1328 D CompatibilityChangeReporter: Compat change id reported: 135634846; UID 10015; state: DISABLED
02-26 16:54:05.739  1313  1328 D CompatibilityChangeReporter: Compat change id reported: 177438394; UID 10015; state: DISABLED
02-26 16:54:05.739  1313  1328 D CompatibilityChangeReporter: Compat change id reported: 135772972; UID 10015; state: DISABLED
02-26 16:54:05.739  1313  1328 D CompatibilityChangeReporter: Compat change id reported: 135754954; UID 10015; state: ENABLED
02-26 16:54:05.739  1313  1362 W AppHibernationService: Attempt to call isHibernatingForUser before states have been read from disk
02-26 16:54:05.739  1313  1343 W ActivityManager: Slow operation: 501ms so far, now at startProcess: asking zygote to start proc
02-26 16:54:05.743  1148  1148 I Dns_100_1000: type=1400 audit(0.0:2011): avc: denied { getopt } for scontext=u:r:init:s0 tcontext=u:r:init:s0 tclass=udp_socket permissive=1
02-26 16:54:05.743  1148  1148 I Dns_100_1000: type=1400 audit(0.0:2012): avc: denied { bind } for scontext=u:r:init:s0 tcontext=u:r:init:s0 tclass=udp_socket permissive=1
02-26 16:54:05.743  1148  1148 I Dns_100_1000: type=1400 audit(0.0:2013): avc: denied { name_bind } for src=8555 scontext=u:r:init:s0 tcontext=u:object_r:port:s0 tclass=udp_socket permissive=1
02-26 16:54:05.743  1148  1148 I Dns_100_1000: type=1400 audit(0.0:2014): avc: denied { node_bind } for src=8555 scontext=u:r:init:s0 tcontext=u:object_r:node:s0 tclass=udp_socket permissive=1
02-26 16:54:05.743  1148  1148 I Dns_100_1000: type=1400 audit(0.0:2015): avc: denied { write } for laddr=192.168.0.112 lport=8555 faddr=192.168.0.1 fport=53 scontext=u:r:init:s0 tcontext=u:r:init:s0 tclass=udp_socket permissive=1
02-26 16:54:05.745  1148  1804 W resolv  : SSL_connect ssl error =5, mark 0xf0064: Connection refused
02-26 16:54:05.745  1148  1804 W resolv  : TLS Handshake failed
02-26 16:54:05.745  1148  1804 W resolv  : query failed
02-26 16:54:05.745  1148  1804 W resolv  : validateDnsTlsServer returned 0 for 192.168.0.1
02-26 16:54:05.745  1148  1804 W resolv  : Validation failed
02-26 16:54:05.746  1313  1341 W BestClock: java.time.DateTimeException: Missing NTP fix
02-26 16:54:05.743  1148  1148 I Dns_100_1000: type=1400 audit(0.0:2016): avc: denied { read } for laddr=192.168.0.112 lport=8555 faddr=192.168.0.1 fport=53 scontext=u:r:init:s0 tcontext=u:r:init:s0 tclass=udp_socket permissive=1
02-26 16:54:05.743  1148  1148 I Dns_100_1000: type=1400 audit(0.0:2017): avc: denied { getattr } for laddr=192.168.0.112 lport=55190 faddr=216.239.35.4 scontext=u:r:init:s0 tcontext=u:r:init:s0 tclass=udp_socket permissive=1
02-26 16:54:05.743  1148  1148 I Binder:1148_2: type=1400 audit(0.0:2018): avc: denied { read write } for path="socket:[18805]" dev="sockfs" ino=18805 scontext=u:r:init:s0 tcontext=u:r:system_server:s0 tclass=udp_socket permissive=1
02-26 16:54:05.743  1148  1148 I Binder:1148_2: type=1400 audit(0.0:2019): avc: denied { getopt } for scontext=u:r:init:s0 tcontext=u:r:system_server:s0 tclass=udp_socket permissive=1
02-26 16:54:05.743  1148  1148 I Binder:1148_2: type=1400 audit(0.0:2020): avc: denied { setopt } for lport=57210 scontext=u:r:init:s0 tcontext=u:r:system_server:s0 tclass=udp_socket permissive=1
02-26 16:54:05.747  1313  1341 W BestClock: java.time.DateTimeException: Missing NTP fix
02-26 16:54:05.746  1150  1150 I main    : type=1400 audit(0.0:2021): avc: denied { getattr } for path="/apex/com.android.art/javalib/core-oj.jar" dev="sda6" ino=83 scontext=u:r:zygote:s0 tcontext=u:object_r:unlabeled:s0 tclass=file permissive=1
02-26 16:54:05.746  1174  1174 I Binder:1174_2: type=1400 audit(0.0:2022): avc: denied { write } for path="socket:[21627]" dev="sockfs" ino=21627 scontext=u:r:platform_app:s0:c512,c768 tcontext=u:r:init:s0 tclass=unix_stream_socket permissive=1
02-26 16:54:05.750  1503  1503 D ThemeOverlayController: Start
02-26 16:54:05.750  1150  1150 D Zygote  : Forked child process 1810
02-26 16:54:05.750  1313  1343 W ActivityManager: Slow operation: 512ms so far, now at startProcess: returned from zygote!
02-26 16:54:05.750  1313  1343 W ActivityManager: Slow operation: 512ms so far, now at startProcess: done updating battery stats
02-26 16:54:05.750  1313  1343 W ActivityManager: Slow operation: 512ms so far, now at startProcess: building log message
02-26 16:54:05.750  1313  1343 I ActivityManager: Start proc 1810:WebViewLoader-x86/1037 [android.webkit.WebViewLibraryLoader$RelroFileCreator] for null
02-26 16:54:05.750  1313  1343 W ActivityManager: Slow operation: 512ms so far, now at startProcess: starting to update pids map
02-26 16:54:05.746  1810  1810 I main    : type=1400 audit(0.0:2023): avc: denied { search } for name="com.android.permission" dev="sda6" ino=435 scontext=u:r:zygote:s0 tcontext=u:object_r:unlabeled:s0 tclass=dir permissive=1
02-26 16:54:05.746  1810  1810 I main    : type=1400 audit(0.0:2024): avc: denied { read } for name="framework-permission-s.jar" dev="sda6" ino=444 scontext=u:r:zygote:s0 tcontext=u:object_r:unlabeled:s0 tclass=file permissive=1
02-26 16:54:05.746  1810  1810 I main    : type=1400 audit(0.0:2025): avc: denied { open } for path="/apex/com.android.permission/javalib/framework-permission-s.jar" dev="sda6" ino=444 scontext=u:r:zygote:s0 tcontext=u:object_r:unlabeled:s0 tclass=file permissive=1
02-26 16:54:05.750  1810  1810 I Zygote  : fakeProductInfoIfNeed callded! WebViewLoader-x86
02-26 16:54:05.751  1313  1343 W ActivityManager: Slow operation: 512ms so far, now at startProcess: done updating pids map
02-26 16:54:05.751  1313  1343 W ActivityManager: Slow operation: 512ms so far, now at startProcess: asking zygote to start proc
02-26 16:54:05.751  1810  1810 I Zygote  : fake Product info WebViewLoader-x86 not matched any pattern
02-26 16:54:05.751  1810  1810 I Zygote  : fakeProductInfoFromProperties callded! WebViewLoader-x86
02-26 16:54:05.751  1810  1810 I Zygote  : fakeProductInfoFromProperties disable for uid ! WebViewLoader-x86
02-26 16:54:05.753  1149  1149 D Zygote  : Forked child process 1811
02-26 16:54:05.753  1810  1810 E NemuAppNameUtil: save data success
02-26 16:54:05.753  1313  1343 W ActivityManager: Slow operation: 514ms so far, now at startProcess: returned from zygote!
02-26 16:54:05.753  1313  1343 W ActivityManager: Slow operation: 514ms so far, now at startProcess: done updating battery stats
02-26 16:54:05.753  1313  1343 W ActivityManager: Slow operation: 514ms so far, now at startProcess: building log message
02-26 16:54:05.753  1313  1343 I ActivityManager: Start proc 1811:WebViewLoader-x86_64/1037 [android.webkit.WebViewLibraryLoader$RelroFileCreator] for null
02-26 16:54:05.753  1313  1343 W ActivityManager: Slow operation: 514ms so far, now at startProcess: starting to update pids map
02-26 16:54:05.753  1313  1343 W ActivityManager: Slow operation: 514ms so far, now at startProcess: done updating pids map
02-26 16:54:05.749  1810  1810 I main    : type=1400 audit(0.0:2026): avc: denied { setattr } for name="currentApp" dev="sdc3" ino=4849853 scontext=u:r:zygote:s0 tcontext=u:object_r:system_data_file:s0 tclass=file permissive=1
02-26 16:54:05.749  1810  1810 I main    : type=1400 audit(0.0:2027): avc: denied { mounton } for path="/system/etc/mumu-configs/currentApp" dev="sda6" ino=1015 scontext=u:r:zygote:s0 tcontext=u:object_r:unlabeled:s0 tclass=file permissive=1
02-26 16:54:05.749  1810  1810 I main    : type=1400 audit(0.0:2028): avc: denied { search } for name="tombstones" dev="sdc3" ino=1310721 scontext=u:r:zygote:s0 tcontext=u:object_r:tombstone_data_file:s0 tclass=dir permissive=1
02-26 16:54:05.749  1810  1810 I main    : type=1400 audit(0.0:2029): avc: denied { setattr } for name="app" dev="sdc3" ino=1310722 scontext=u:r:zygote:s0 tcontext=u:object_r:tombstone_data_file:s0 tclass=dir permissive=1
02-26 16:54:05.749  1810  1810 I main    : type=1400 audit(0.0:2030): avc: denied { write } for name="WebViewLoader-x86" dev="sdc3" ino=1310733 scontext=u:r:zygote:s0 tcontext=u:object_r:tombstone_data_file:s0 tclass=dir permissive=1
02-26 16:54:05.749  1810  1810 I main    : type=1400 audit(0.0:2031): avc: denied { add_name } for name="1037.log" scontext=u:r:zygote:s0 tcontext=u:object_r:tombstone_data_file:s0 tclass=dir permissive=1
02-26 16:54:05.749  1810  1810 I main    : type=1400 audit(0.0:2032): avc: denied { create } for name="1037.log" scontext=u:r:zygote:s0 tcontext=u:object_r:tombstone_data_file:s0 tclass=file permissive=1
02-26 16:54:05.749  1810  1810 I main    : type=1400 audit(0.0:2033): avc: denied { write } for name="1037.log" dev="sdc3" ino=1310734 scontext=u:r:zygote:s0 tcontext=u:object_r:tombstone_data_file:s0 tclass=file permissive=1
02-26 16:54:05.749  1810  1810 I main    : type=1400 audit(0.0:2034): avc: denied { open } for path="/data/tombstones/app/WebViewLoader-x86/1037.log" dev="sdc3" ino=1310734 scontext=u:r:zygote:s0 tcontext=u:object_r:tombstone_data_file:s0 tclass=file permissive=1
02-26 16:54:05.749  1810  1810 I main    : type=1400 audit(0.0:2035): avc: denied { setattr } for name="1037.log" dev="sdc3" ino=1310734 scontext=u:r:zygote:s0 tcontext=u:object_r:tombstone_data_file:s0 tclass=file permissive=1
02-26 16:54:05.753  1811  1811 I Zygote  : fakeProductInfoIfNeed callded! WebViewLoader-x86_64
02-26 16:54:05.749  1810  1810 I main    : type=1400 audit(0.0:2036): avc: denied { search } for name="/" dev="mumuvmmsf" ino=1 scontext=u:r:zygote:s0 tcontext=u:object_r:unlabeled:s0 tclass=dir permissive=1
02-26 16:54:05.754  1811  1811 I Zygote  : fake Product info WebViewLoader-x86_64 not matched any pattern
02-26 16:54:05.754  1811  1811 I Zygote  : fakeProductInfoFromProperties callded! WebViewLoader-x86_64
02-26 16:54:05.754  1811  1811 I Zygote  : fakeProductInfoFromProperties disable for uid ! WebViewLoader-x86_64
02-26 16:54:05.749  1503  1503 I RenderThread: type=1400 audit(0.0:2037): avc: denied { read } for name="egl" dev="sda6" ino=3552 scontext=u:r:platform_app:s0:c512,c768 tcontext=u:object_r:unlabeled:s0 tclass=dir permissive=1 app=com.android.systemui
02-26 16:54:05.749  1503  1503 I RenderThread: type=1400 audit(0.0:2038): avc: denied { open } for path="/system/lib64/egl" dev="sda6" ino=3552 scontext=u:r:platform_app:s0:c512,c768 tcontext=u:object_r:unlabeled:s0 tclass=dir permissive=1 app=com.android.systemui
02-26 16:54:05.755  1810  1810 I Zygote  : seccomp disabled by setenforce 0
02-26 16:54:05.755  1503  1704 D libEGL  : loaded /system/lib64/egl/libEGL_emulation.so
02-26 16:54:05.753  1503  1503 I RenderThread: type=1400 audit(0.0:2039): avc: denied { open } for path="/data/system/etc/mumu-configs/renderer.config" dev="sdc3" ino=4849874 scontext=u:r:platform_app:s0:c512,c768 tcontext=u:object_r:system_data_file:s0 tclass=file permissive=1 app=com.android.systemui
02-26 16:54:05.756  1810  1810 W WebViewLoader-: Unexpected CPU variant for X86 using defaults: x86_64
02-26 16:54:05.753  1810  1810 I WebViewLoader-: type=1400 audit(0.0:2040): avc: denied { sendto } for path="/dev/socket/logdw" scontext=u:r:shared_relro:s0:c13,c260,c512,c768 tcontext=u:r:init:s0 tclass=unix_dgram_socket permissive=1
02-26 16:54:05.753  1503  1503 I RenderThread: type=1400 audit(0.0:2041): avc: denied { read write } for name="vaddress" dev="tmpfs" ino=14428 scontext=u:r:platform_app:s0:c512,c768 tcontext=u:object_r:device:s0 tclass=chr_file permissive=1 app=com.android.systemui
02-26 16:54:05.753  1503  1503 I RenderThread: type=1400 audit(0.0:2042): avc: denied { open } for path="/dev/vaddress" dev="tmpfs" ino=14428 scontext=u:r:platform_app:s0:c512,c768 tcontext=u:object_r:device:s0 tclass=chr_file permissive=1 app=com.android.systemui
02-26 16:54:05.753  1503  1503 I RenderThread: type=1400 audit(0.0:2043): avc: denied { ioctl } for path="/dev/vaddress" dev="tmpfs" ino=14428 ioctlcmd=0x4c15 scontext=u:r:platform_app:s0:c512,c768 tcontext=u:object_r:device:s0 tclass=chr_file permissive=1 app=com.android.systemui
02-26 16:54:05.753  1503  1503 I RenderThread: type=1400 audit(0.0:2044): avc: denied { map } for path="/dev/vaddress" dev="tmpfs" ino=14428 scontext=u:r:platform_app:s0:c512,c768 tcontext=u:object_r:device:s0 tclass=chr_file permissive=1 app=com.android.systemui
02-26 16:54:05.756  1313  1313 I android.bg: type=1400 audit(0.0:2045): avc: denied { map_read } for scontext=u:r:system_server:s0 tcontext=u:r:init:s0 tclass=bpf permissive=1
02-26 16:54:05.756  1313  1313 I android.bg: type=1400 audit(0.0:2046): avc: denied { map_write } for scontext=u:r:system_server:s0 tcontext=u:r:init:s0 tclass=bpf permissive=1
02-26 16:54:05.756  1313  1313 I android.bg: type=1400 audit(0.0:2047): avc: denied { call } for scontext=u:r:system_server:s0 tcontext=u:r:init:s0 tclass=binder permissive=1
02-26 16:54:05.764  1811  1811 E NemuAppNameUtil: save data success
02-26 16:54:05.763  1811  1811 I main    : type=1400 audit(0.0:2048): avc: denied { sendto } for path="/dev/socket/logdw" scontext=u:r:zygote:s0 tcontext=u:r:init:s0 tclass=unix_dgram_socket permissive=1
02-26 16:54:05.765  1810  1810 E WebViewLoader-: Not starting debugger since process cannot load the jdwp agent.
02-26 16:54:05.763  1811  1811 I main    : type=1400 audit(0.0:2049): avc: denied { setattr } for name="currentApp" dev="sdc3" ino=4849855 scontext=u:r:zygote:s0 tcontext=u:object_r:system_data_file:s0 tclass=file permissive=1
02-26 16:54:05.763  1811  1811 I main    : type=1400 audit(0.0:2050): avc: denied { search } for name="tombstones" dev="sdc3" ino=1310721 scontext=u:r:zygote:s0 tcontext=u:object_r:tombstone_data_file:s0 tclass=dir permissive=1
02-26 16:54:05.763  1811  1811 I main    : type=1400 audit(0.0:2051): avc: denied { setattr } for name="app" dev="sdc3" ino=1310722 scontext=u:r:zygote:s0 tcontext=u:object_r:tombstone_data_file:s0 tclass=dir permissive=1
02-26 16:54:05.765  1313  1341 W BestClock: java.time.DateTimeException: Missing NTP fix
02-26 16:54:05.763  1811  1811 I main    : type=1400 audit(0.0:2052): avc: denied { write } for name="WebViewLoader-x86_64" dev="sdc3" ino=1310735 scontext=u:r:zygote:s0 tcontext=u:object_r:tombstone_data_file:s0 tclass=dir permissive=1
02-26 16:54:05.763  1811  1811 I main    : type=1400 audit(0.0:2053): avc: denied { add_name } for name="1037.log" scontext=u:r:zygote:s0 tcontext=u:object_r:tombstone_data_file:s0 tclass=dir permissive=1
02-26 16:54:05.763  1313  1313 I android.bg: type=1400 audit(0.0:2054): avc: denied { sendto } for path="/dev/socket/logdw" scontext=u:r:system_server:s0 tcontext=u:r:init:s0 tclass=unix_dgram_socket permissive=1
02-26 16:54:05.765  1503  1503 D StatusBar: Received new disable state. Old: enaihbcrso.qingr | New: enaihbcrso.qingr
02-26 16:54:05.765  1503  1503 E OverviewProxyService: Failed to get overview proxy for disable flags.
02-26 16:54:05.763  1811  1811 I main    : type=1400 audit(0.0:2055): avc: denied { search } for name="/" dev="mumuvmmsf" ino=1 scontext=u:r:zygote:s0 tcontext=u:object_r:unlabeled:s0 tclass=dir permissive=1
02-26 16:54:05.765  1313  1415 W BestClock: java.time.DateTimeException: Missing NTP fix
02-26 16:54:05.765  1313  1484 W ActivityManager: callingPackage:com.android.systemui, packageName:com.android.systemui, name:com.android.systemui.dump.SystemUIAuxiliaryDumpService, isSkip: true
02-26 16:54:05.765  1313  1341 W BestClock: java.time.DateTimeException: Missing NTP fix
02-26 16:54:05.765  1313  1362 W AppHibernationService: Attempt to call isHibernatingForUser before states have been read from disk
02-26 16:54:05.763  1148  1148 I Binder:1148_4: type=1400 audit(0.0:2056): avc: denied { create } for scontext=u:r:init:s0 tcontext=u:r:init:s0 tclass=key_socket permissive=1
02-26 16:54:05.763  1503  1503 I ndroid.systemui: type=1400 audit(0.0:2057): avc: denied { getattr } for path="/system/framework/framework-res.apk" dev="sda6" ino=2218 scontext=u:r:platform_app:s0:c512,c768 tcontext=u:object_r:unlabeled:s0 tclass=file permissive=1 app=com.android.systemui
02-26 16:54:05.763  1503  1503 I RenderThread: type=1400 audit(0.0:2058): avc: denied { read } for name="libGLESv1_CM_emulation.so" dev="sda6" ino=3554 scontext=u:r:platform_app:s0:c512,c768 tcontext=u:object_r:unlabeled:s0 tclass=file permissive=1 app=com.android.systemui
02-26 16:54:05.763  1503  1503 I RenderThread: type=1400 audit(0.0:2059): avc: denied { open } for path="/system/lib64/egl/libGLESv1_CM_emulation.so" dev="sda6" ino=3554 scontext=u:r:platform_app:s0:c512,c768 tcontext=u:object_r:unlabeled:s0 tclass=file permissive=1 app=com.android.systemui
02-26 16:54:05.766  1503  1704 D libEGL  : loaded /system/lib64/egl/libGLESv1_CM_emulation.so
02-26 16:54:05.767  1503  1704 D libEGL  : loaded /system/lib64/egl/libGLESv2_emulation.so
02-26 16:54:05.767  1810  1810 D ProcessState: Binder ioctl to enable oneway spam detection failed: Invalid argument
02-26 16:54:05.768  1811  1811 I Zygote  : seccomp disabled by setenforce 0
02-26 16:54:05.768  1503  1503 W NemuVolProvider: mVolReciever action android.media.MASTER_MUTE_CHANGED_ACTION
02-26 16:54:05.768  1503  1503 W NemuVolProvider: mVolReciever action android.media.MASTER_MUTE_CHANGED_ACTION
02-26 16:54:05.768  1503  1503 W NemuVolProvider: mVolReciever action android.media.VOLUME_CHANGED_ACTION
02-26 16:54:05.768  1503  1503 W NemuVolProvider: mVolReciever action android.media.VOLUME_CHANGED_ACTION
02-26 16:54:05.768  1503  1503 W NemuVolProvider: mVolReciever action android.media.VOLUME_CHANGED_ACTION
02-26 16:54:05.768  1503  1503 W NemuVolProvider: mVolReciever action android.media.VOLUME_CHANGED_ACTION
02-26 16:54:05.768  1503  1503 W NemuVolProvider: mVolReciever action android.media.VOLUME_CHANGED_ACTION
02-26 16:54:05.768  1503  1503 W NemuVolProvider: mVolReciever action android.media.VOLUME_CHANGED_ACTION
02-26 16:54:05.768  1503  1503 W NemuVolProvider: mVolReciever action android.media.VOLUME_CHANGED_ACTION
02-26 16:54:05.768  1503  1503 W NemuVolProvider: mVolReciever action android.media.VOLUME_CHANGED_ACTION
02-26 16:54:05.768  1503  1503 W NemuVolProvider: mVolReciever action android.media.VOLUME_CHANGED_ACTION
02-26 16:54:05.769  1811  1811 W WebViewLoader-: Unexpected CPU variant for X86 using defaults: x86_64
02-26 16:54:05.766  1313  1313 I android.anim: type=1400 audit(0.0:2060): avc: denied { read } for scontext=u:r:system_server:s0 tcontext=u:r:init:s0 tclass=unix_stream_socket permissive=1
02-26 16:54:05.766  1174  1174 I surfaceflinger: type=1400 audit(0.0:2061): avc: denied { ioctl } for path="/dev/vaddress" dev="tmpfs" ino=14428 ioctlcmd=0x4c19 scontext=u:r:init:s0 tcontext=u:object_r:device:s0 tclass=chr_file permissive=1
02-26 16:54:05.766  1313  1313 I android.anim: type=1400 audit(0.0:2062): avc: denied { transfer } for scontext=u:r:system_server:s0 tcontext=u:r:init:s0 tclass=binder permissive=1
02-26 16:54:05.769  1630  1630 D Launcher.Workspace: setInsets: insets = Rect(0, 0 - 0, 0)
02-26 16:54:05.766  1174  1174 I Binder:1174_3: type=1400 audit(0.0:2063): avc: denied { transfer } for scontext=u:r:init:s0 tcontext=u:r:system_app:s0 tclass=binder permissive=1
02-26 16:54:05.766  1810  1810 I re-initialized>: type=1400 audit(0.0:2064): avc: denied { call } for scontext=u:r:shared_relro:s0:c13,c260,c512,c768 tcontext=u:r:init:s0 tclass=binder permissive=1
02-26 16:54:05.771  1811  1811 E WebViewLoader-: Not starting debugger since process cannot load the jdwp agent.
02-26 16:54:05.766  1074  1074 I servicemanager: type=1400 audit(0.0:2065): avc: denied { transfer } for scontext=u:r:init:s0 tcontext=u:r:shared_relro:s0:c13,c260,c512,c768 tclass=binder permissive=1
02-26 16:54:05.771  1811  1811 D ProcessState: Binder ioctl to enable oneway spam detection failed: Invalid argument
02-26 16:54:05.771  1313  1484 D CompatibilityChangeReporter: Compat change id reported: 168419799; UID 1000; state: DISABLED
02-26 16:54:05.769  1073  1073 I lmkd    : type=1400 audit(0.0:2066): avc: denied { write } for name="oom_score_adj" dev="proc" ino=17789 scontext=u:r:init:s0 tcontext=u:r:shared_relro:s0:c13,c260,c512,c768 tclass=file permissive=1
02-26 16:54:05.772  1810  1810 V WebViewLibraryLoader: RelroFileCreator (64bit = false), package: com.android.webview library: libwebviewchromium.so
02-26 16:54:05.772  1810  1810 E WebViewLibraryLoader: can't create relro file; address space not reserved
02-26 16:54:05.772  1810  1810 E WebViewLibraryLoader: failed to create relro file
02-26 16:54:05.773  1810  1810 I WebViewLoader-: System.exit called, status: 0
02-26 16:54:05.773  1810  1810 I AndroidRuntime: VM exiting with result code 0, cleanup skipped.
02-26 16:54:05.774  1150  1150 I Zygote  : Process 1810 exited cleanly (0)
02-26 16:54:05.774  1313  1484 I ActivityManager: Process WebViewLoader-x86 (pid 1810) has died: psvc PER 
02-26 16:54:05.774  1313  1344 I libprocessgroup: Successfully killed process cgroup uid 1037 pid 1810 in 0ms
02-26 16:54:05.775  1313  1349 E system_server: Cannot read thread CPU times for PID 1313
02-26 16:54:05.773  1503  1503 I RenderThread: type=1400 audit(0.0:2067): avc: denied { search } for name="/" dev="sda6" ino=2 scontext=u:r:platform_app:s0:c512,c768 tcontext=u:object_r:unlabeled:s0 tclass=dir permissive=1 app=com.android.systemui
02-26 16:54:05.778  1503  1704 E HidlServiceManagement: getService: Potential race detected, descriptor: android.hardware.configstore@1.0::ISurfaceFlingerConfigs instance: default
02-26 16:54:05.778  1503  1704 W OpenGLRenderer: Failed to choose config with EGL_SWAP_BEHAVIOR_PRESERVED, retrying without...
02-26 16:54:05.776  1503  1503 I RenderThread: type=1400 audit(0.0:2068): avc: denied { open } for path="/system/etc/mumu-configs/currentApp" dev="sdc3" ino=4849849 scontext=u:r:platform_app:s0:c512,c768 tcontext=u:object_r:system_data_file:s0 tclass=file permissive=1 app=com.android.systemui
02-26 16:54:05.778  1811  1811 V WebViewLibraryLoader: RelroFileCreator (64bit = true), package: com.android.webview library: libwebviewchromium.so
02-26 16:54:05.779  1811  1811 E WebViewLibraryLoader: can't create relro file; address space not reserved
02-26 16:54:05.779  1313  1341 W BestClock: java.time.DateTimeException: Missing NTP fix
02-26 16:54:05.779  1811  1811 E WebViewLibraryLoader: failed to create relro file
02-26 16:54:05.779  1150  1150 W Zygote  : forkRepeatedly terminated due to non-simple command
02-26 16:54:05.779  1150  1150 D Zygote  : mbuffer starts with 14, nice name is webview_zygote, mEnd = 422, mNext = 159, mLinesLeft = 6, mFd = 36
02-26 16:54:05.779  1313  1415 W BestClock: java.time.DateTimeException: Missing NTP fix
02-26 16:54:05.779  1313  1415 W BestClock: java.time.DateTimeException: Missing NTP fix
02-26 16:54:05.779  1811  1811 I WebViewLoader-: System.exit called, status: 0
02-26 16:54:05.779  1811  1811 I AndroidRuntime: VM exiting with result code 0, cleanup skipped.
02-26 16:54:05.780  1313  1341 W BestClock: java.time.DateTimeException: Missing NTP fix
02-26 16:54:05.781  1313  1328 I ActivityManager: Process WebViewLoader-x86_64 (pid 1811) has died: psvc PER 
02-26 16:54:05.781  1313  1344 I libprocessgroup: Successfully killed process cgroup uid 1037 pid 1811 in 0ms
02-26 16:54:05.776  1150  1150 I main    : type=1400 audit(0.0:2069): avc: denied { getattr } for path="/apex/com.android.permission/javalib/framework-permission-s.jar" dev="sda6" ino=444 scontext=u:r:zygote:s0 tcontext=u:object_r:unlabeled:s0 tclass=file permissive=1
02-26 16:54:05.781  1149  1149 I Zygote  : Process 1811 exited cleanly (0)
02-26 16:54:05.781  1150  1150 D Zygote  : Forked child process 1845
02-26 16:54:05.779  1845  1845 I main    : type=1400 audit(0.0:2070): avc: denied { search } for name="com.android.permission" dev="sda6" ino=435 scontext=u:r:zygote:s0 tcontext=u:object_r:unlabeled:s0 tclass=dir permissive=1
02-26 16:54:05.779  1845  1845 I main    : type=1400 audit(0.0:2071): avc: denied { read } for name="framework-permission-s.jar" dev="sda6" ino=444 scontext=u:r:zygote:s0 tcontext=u:object_r:unlabeled:s0 tclass=file permissive=1
02-26 16:54:05.779  1845  1845 I main    : type=1400 audit(0.0:2072): avc: denied { open } for path="/apex/com.android.permission/javalib/framework-permission-s.jar" dev="sda6" ino=444 scontext=u:r:zygote:s0 tcontext=u:object_r:unlabeled:s0 tclass=file permissive=1
02-26 16:54:05.782  1174  1244 E HWComposer: getSupportedContentTypes: getSupportedContentTypes failed for display 4619827820427265280: Unsupported (8)
02-26 16:54:05.779  1845  1845 I main    : type=1400 audit(0.0:2073): avc: denied { mounton } for path="/system/etc/mumu-configs/currentApp" dev="sda6" ino=1015 scontext=u:r:zygote:s0 tcontext=u:object_r:unlabeled:s0 tclass=file permissive=1
02-26 16:54:05.782  1075  1075 I hwservicemanager: getTransport: Cannot find entry android.hardware.graphics.mapper@4.0::IMapper/default in either framework or device VINTF manifest.
02-26 16:54:05.782  1503  1704 E HidlServiceManagement: getService: Potential race detected, descriptor: android.hardware.graphics.mapper@4.0::IMapper instance: default
02-26 16:54:05.782  1075  1075 I hwservicemanager: Since android.hardware.graphics.mapper@4.0::IMapper/default is not registered, trying to start it as a lazy HAL.
02-26 16:54:05.782  1503  1704 I Gralloc4: mapper 4.x is not supported
02-26 16:54:05.779  1503  1503 I RenderThread: type=1400 audit(0.0:2074): avc: denied { read } for name="hw" dev="sda6" ino=4601 scontext=u:r:platform_app:s0:c512,c768 tcontext=u:object_r:unlabeled:s0 tclass=dir permissive=1 app=com.android.systemui
02-26 16:54:05.779  1075  1075 I hwservicemanage: type=1400 audit(0.0:2075): avc: denied { connectto } for path="/dev/socket/property_service" scontext=u:r:init:s0 tcontext=u:r:kernel:s0 tclass=unix_stream_socket permissive=1
02-26 16:54:05.779  1503  1503 I RenderThread: type=1400 audit(0.0:2076): avc: denied { open } for path="/system/vendor/lib64/hw" dev="sda6" ino=4601 scontext=u:r:platform_app:s0:c512,c768 tcontext=u:object_r:unlabeled:s0 tclass=dir permissive=1 app=com.android.systemui
02-26 16:54:05.782  1075  1075 I hwservicemanager: getTransport: Cannot find entry android.hardware.graphics.mapper@3.0::IMapper/default in either framework or device VINTF manifest.
02-26 16:54:05.782  1503  1704 E HidlServiceManagement: getService: Potential race detected, descriptor: android.hardware.graphics.mapper@3.0::IMapper instance: default
02-26 16:54:05.782  1075  1075 I hwservicemanager: Since android.hardware.graphics.mapper@3.0::IMapper/default is not registered, trying to start it as a lazy HAL.
02-26 16:54:05.782  1313  1539 W ZygoteProcess: Got error connecting to zygote, retrying. msg= Connection refused
02-26 16:54:05.782  1503  1704 W Gralloc3: mapper 3.x is not supported
02-26 16:54:05.779     1     1 I init    : type=1400 audit(0.0:2077): avc: denied { read } for name="cmdline" dev="proc" ino=12439 scontext=u:r:kernel:s0 tcontext=u:r:init:s0 tclass=file permissive=1
02-26 16:54:05.779     1     1 I init    : type=1400 audit(0.0:2078): avc: denied { open } for path="/proc/1075/cmdline" dev="proc" ino=12439 scontext=u:r:kernel:s0 tcontext=u:r:init:s0 tclass=file permissive=1
02-26 16:54:05.779     1     1 I init    : type=1400 audit(0.0:2079): avc: denied { getattr } for path="/proc/1075/cmdline" dev="proc" ino=12439 scontext=u:r:kernel:s0 tcontext=u:r:init:s0 tclass=file permissive=1
02-26 16:54:05.782  1503  1704 E HidlServiceManagement: getService: Potential race detected, descriptor: android.hardware.graphics.mapper@2.0::IMapper instance: default
02-26 16:54:05.782  1075  1851 W libc    : Unable to set property "ctl.interface_start" to "android.hardware.graphics.mapper@4.0::IMapper/default": error code: 0x20
02-26 16:54:05.782  1075  1851 I hwservicemanager: Tried to start android.hardware.graphics.mapper@4.0::IMapper/default as a lazy service, but was unable to. Usually this happens when a service is not installed, but if the service is intended to be used as a lazy service, then it may be configured incorrectly.
02-26 16:54:05.779  1503  1503 I RenderThread: type=1400 audit(0.0:2080): avc: denied { map } for path="/system/vendor/lib64/hw/android.hardware.graphics.mapper@2.0-impl.so" dev="sda6" ino=4606 scontext=u:r:platform_app:s0:c512,c768 tcontext=u:object_r:unlabeled:s0 tclass=file permissive=1 app=com.android.systemui
02-26 16:54:05.782  1075  1852 W libc    : Unable to set property "ctl.interface_start" to "android.hardware.graphics.mapper@3.0::IMapper/default": error code: 0x20
02-26 16:54:05.782  1075  1852 I hwservicemanager: Tried to start android.hardware.graphics.mapper@3.0::IMapper/default as a lazy service, but was unable to. Usually this happens when a service is not installed, but if the service is intended to be used as a lazy service, then it may be configured incorrectly.
02-26 16:54:05.779  1503  1503 I RenderThread: type=1400 audit(0.0:2081): avc: denied { execute } for path="/system/vendor/lib64/hw/android.hardware.graphics.mapper@2.0-impl.so" dev="sda6" ino=4606 scontext=u:r:platform_app:s0:c512,c768 tcontext=u:object_r:unlabeled:s0 tclass=file permissive=1 app=com.android.systemui
02-26 16:54:05.779  1503  1503 I RenderThread: type=1400 audit(0.0:2082): avc: denied { getattr } for path="/system/lib64/hw" dev="sda6" ino=3559 scontext=u:r:platform_app:s0:c512,c768 tcontext=u:object_r:unlabeled:s0 tclass=dir permissive=1 app=com.android.systemui
02-26 16:54:05.783  1075  1075 I hwservicemanager: getTransport: Cannot find entry android.hardware.graphics.allocator@4.0::IAllocator/default in either framework or device VINTF manifest.
02-26 16:54:05.783  1845  1845 I Zygote  : seccomp disabled by setenforce 0
02-26 16:54:05.783  1503  1704 E HidlServiceManagement: getService: Potential race detected, descriptor: android.hardware.graphics.allocator@4.0::IAllocator instance: default
02-26 16:54:05.783  1075  1075 I hwservicemanager: Since android.hardware.graphics.allocator@4.0::IAllocator/default is not registered, trying to start it as a lazy HAL.
02-26 16:54:05.783  1503  1704 W Gralloc4: allocator 4.x is not supported
02-26 16:54:05.783  1075  1075 I hwservicemanager: getTransport: Cannot find entry android.hardware.graphics.allocator@3.0::IAllocator/default in either framework or device VINTF manifest.
02-26 16:54:05.783  1075  1853 W libc    : Unable to set property "ctl.interface_start" to "android.hardware.graphics.allocator@4.0::IAllocator/default": error code: 0x20
02-26 16:54:05.783  1075  1853 I hwservicemanager: Tried to start android.hardware.graphics.allocator@4.0::IAllocator/default as a lazy service, but was unable to. Usually this happens when a service is not installed, but if the service is intended to be used as a lazy service, then it may be configured incorrectly.
02-26 16:54:05.783  1503  1704 E HidlServiceManagement: getService: Potential race detected, descriptor: android.hardware.graphics.allocator@3.0::IAllocator instance: default
02-26 16:54:05.783  1075  1075 I hwservicemanager: Since android.hardware.graphics.allocator@3.0::IAllocator/default is not registered, trying to start it as a lazy HAL.
02-26 16:54:05.783  1503  1704 W Gralloc3: allocator 3.x is not supported
02-26 16:54:05.783  1503  1704 E HidlServiceManagement: getService: Potential race detected, descriptor: android.hardware.graphics.allocator@2.0::IAllocator instance: default
02-26 16:54:05.783  1075  1854 W libc    : Unable to set property "ctl.interface_start" to "android.hardware.graphics.allocator@3.0::IAllocator/default": error code: 0x20
02-26 16:54:05.783  1075  1854 I hwservicemanager: Tried to start android.hardware.graphics.allocator@3.0::IAllocator/default as a lazy service, but was unable to. Usually this happens when a service is not installed, but if the service is intended to be used as a lazy service, then it may be configured incorrectly.
02-26 16:54:05.779  1503  1503 I RenderThread: type=1400 audit(0.0:2083): avc: denied { call } for scontext=u:r:platform_app:s0:c512,c768 tcontext=u:r:init:s0 tclass=binder permissive=1 app=com.android.systemui
02-26 16:54:05.783  1503  1704 D gralloc_x86: gralloc_alloc: Creating ashmem region of size 49152
02-26 16:54:05.779  1503  1503 I RenderThread: type=1400 audit(0.0:2084): avc: denied { sendto } for path="/dev/socket/logdw" scontext=u:r:platform_app:s0:c512,c768 tcontext=u:r:init:s0 tclass=unix_dgram_socket permissive=1 app=com.android.systemui
02-26 16:54:05.784  1845  1845 I WebViewZygoteInit: Starting WebViewZygoteInit
02-26 16:54:05.779  1845  1845 I webview_zygote: type=1400 audit(0.0:2085): avc: denied { sendto } for path="/dev/socket/logdw" scontext=u:r:webview_zygote:s0 tcontext=u:r:init:s0 tclass=unix_dgram_socket permissive=1
02-26 16:54:05.784  1845  1845 I Zygote  : seccomp disabled by setenforce 0
02-26 16:54:05.779  1503  1503 I ndroid.systemui: type=1400 audit(0.0:2086): avc: denied { read } for scontext=u:r:platform_app:s0:c512,c768 tcontext=u:r:init:s0 tclass=unix_stream_socket permissive=1 app=com.android.systemui
02-26 16:54:05.784  1503  1503 I WallpaperController: Won't set zoom. Window not attached com.android.systemui.statusbar.phone.NotificationShadeWindowView{8d45a21 I.E...... ......I. 0,0-0,0}
02-26 16:54:05.792  1630  1630 D Launcher.Workspace: setInsets: insets = Rect(0, 0 - 0, 0)
02-26 16:54:05.789  1630  1630 I m.mumu.launcher: type=1400 audit(0.0:2087): avc: denied { read } for scontext=u:r:system_app:s0 tcontext=u:r:init:s0 tclass=unix_stream_socket permissive=1
02-26 16:54:05.789  1630  1630 I InsetsAnimation: type=1400 audit(0.0:2088): avc: denied { call } for scontext=u:r:system_app:s0 tcontext=u:r:init:s0 tclass=binder permissive=1
02-26 16:54:05.789  1630  1630 I InsetsAnimation: type=1400 audit(0.0:2089): avc: denied { transfer } for scontext=u:r:system_app:s0 tcontext=u:r:init:s0 tclass=binder permissive=1
02-26 16:54:05.789  1630  1630 I m.mumu.launcher: type=1400 audit(0.0:2090): avc: denied { sendto } for path="/dev/socket/logdw" scontext=u:r:system_app:s0 tcontext=u:r:init:s0 tclass=unix_dgram_socket permissive=1
02-26 16:54:05.789  1503  1503 I RenderThread: type=1400 audit(0.0:2091): avc: denied { transfer } for scontext=u:r:platform_app:s0:c512,c768 tcontext=u:r:init:s0 tclass=binder permissive=1 app=com.android.systemui
02-26 16:54:05.789  1503  1503 I RenderThread: type=1400 audit(0.0:2092): avc: denied { use } for path="/dev/ashmem46eccec4-ce1f-4e4f-9d21-cab1f0d666d4" dev="tmpfs" ino=11456 scontext=u:r:init:s0 tcontext=u:r:platform_app:s0:c512,c768 tclass=fd permissive=1 app=com.android.systemui
02-26 16:54:05.789  1174  1174 I Binder:1174_3: type=1400 audit(0.0:2093): avc: denied { read write } for name="vaddress" dev="tmpfs" ino=14428 scontext=u:r:init:s0 tcontext=u:object_r:device:s0 tclass=chr_file permissive=1
02-26 16:54:05.789  1174  1174 I Binder:1174_3: type=1400 audit(0.0:2094): avc: denied { open } for path="/dev/vaddress" dev="tmpfs" ino=14428 scontext=u:r:init:s0 tcontext=u:object_r:device:s0 tclass=chr_file permissive=1
02-26 16:54:05.789  1174  1174 I Binder:1174_3: type=1400 audit(0.0:2095): avc: denied { map } for path="/dev/vaddress" dev="tmpfs" ino=14428 scontext=u:r:init:s0 tcontext=u:object_r:device:s0 tclass=chr_file permissive=1
02-26 16:54:05.794  1503  1859 D gralloc_x86: gralloc_alloc: Creating ashmem region of size 49152
02-26 16:54:05.801  1503  1859 D gralloc_x86: gralloc_alloc: Creating ashmem region of size 49152
02-26 16:54:05.806  1174  1174 I Binder:1174_3: type=1400 audit(0.0:2096): avc: denied { call } for scontext=u:r:init:s0 tcontext=u:r:platform_app:s0:c512,c768 tclass=binder permissive=1
02-26 16:54:05.806  1074  1074 I servicemanager: type=1400 audit(0.0:2097): avc: denied { transfer } for scontext=u:r:init:s0 tcontext=u:r:platform_app:s0:c512,c768 tclass=binder permissive=1
02-26 16:54:05.809  1313  1341 W BestClock: java.time.DateTimeException: Missing NTP fix
02-26 16:54:05.810  1503  1704 D gralloc_x86: gralloc_alloc: Creating ashmem region of size 49152
02-26 16:54:05.810  1313  1415 W BestClock: java.time.DateTimeException: Missing NTP fix
02-26 16:54:05.810  1313  1415 W BestClock: java.time.DateTimeException: Missing NTP fix
02-26 16:54:05.819  1313  1343 W ActivityManager: Slow operation: 501ms so far, now at startProcess: asking zygote to start proc
02-26 16:54:05.819  1313  1343 D CompatibilityChangeReporter: Compat change id reported: 143937733; UID 10033; state: ENABLED
02-26 16:54:05.819  1503  1862 D gralloc_x86: gralloc_alloc: Creating ashmem region of size 49152
02-26 16:54:05.819  1503  1862 D gralloc_x86: gralloc_alloc: Creating ashmem region of size 49152
02-26 16:54:05.826  1313  1341 W BestClock: java.time.DateTimeException: Missing NTP fix
02-26 16:54:05.827  1149  1149 D Zygote  : Forked child process 1863
02-26 16:54:05.827  1313  1343 W ActivityManager: Slow operation: 508ms so far, now at startProcess: returned from zygote!
02-26 16:54:05.827  1313  1343 W ActivityManager: Slow operation: 509ms so far, now at startProcess: done updating battery stats
02-26 16:54:05.827  1313  1343 W ActivityManager: Slow operation: 509ms so far, now at startProcess: building log message
02-26 16:54:05.827  1313  1343 I ActivityManager: Start proc 1863:android.ext.services/u0a33 for service {android.ext.services/android.ext.services.autofill.InlineSuggestionRenderServiceImpl}
02-26 16:54:05.827  1313  1343 W ActivityManager: Slow operation: 509ms so far, now at startProcess: starting to update pids map
02-26 16:54:05.827  1863  1863 I Zygote  : fakeProductInfoIfNeed callded! android.ext.services
02-26 16:54:05.827  1313  1343 W ActivityManager: Slow operation: 509ms so far, now at startProcess: done updating pids map
02-26 16:54:05.823  1630  1630 I SentryAsyncConn: type=1400 audit(0.0:2098): avc: denied { search } for name="/" dev="sda6" ino=2 scontext=u:r:system_app:s0 tcontext=u:object_r:unlabeled:s0 tclass=dir permissive=1
02-26 16:54:05.823  1630  1630 I SentryAsyncConn: type=1400 audit(0.0:2099): avc: denied { getattr } for path="/system/lib" dev="sda6" ino=2284 scontext=u:r:system_app:s0 tcontext=u:object_r:unlabeled:s0 tclass=dir permissive=1
02-26 16:54:05.827  1863  1863 I Zygote  : fake Product info android.ext.services not matched any pattern
02-26 16:54:05.827  1863  1863 I Zygote  : fakeProductInfoFromProperties callded! android.ext.services
02-26 16:54:05.823  1863  1863 I main    : type=1400 audit(0.0:2100): avc: denied { read } for name="u:object_r:serialno_prop:s0" dev="tmpfs" ino=13422 scontext=u:r:zygote:s0 tcontext=u:object_r:serialno_prop:s0 tclass=file permissive=1
02-26 16:54:05.823  1863  1863 I main    : type=1400 audit(0.0:2101): avc: denied { open } for path="/dev/__properties__/u:object_r:serialno_prop:s0" dev="tmpfs" ino=13422 scontext=u:r:zygote:s0 tcontext=u:object_r:serialno_prop:s0 tclass=file permissive=1
02-26 16:54:05.823  1863  1863 I main    : type=1400 audit(0.0:2102): avc: denied { getattr } for path="/dev/__properties__/u:object_r:serialno_prop:s0" dev="tmpfs" ino=13422 scontext=u:r:zygote:s0 tcontext=u:object_r:serialno_prop:s0 tclass=file permissive=1
